******************************************************************************
            TI ARM Clang Linker PC v4.0.2                      
******************************************************************************
>> Linked Sun Apr 27 19:01:53 2025

OUTPUT FILE NAME:   <empty_LP_MSPM0G3507_nortos_ticlang.out>
ENTRY POINT SYMBOL: "_c_int00_noargs"  address: 000018e9


MEMORY CONFIGURATION

         name            origin    length      used     unused   attr    fill
----------------------  --------  ---------  --------  --------  ----  --------
  FLASH                 00000000   00020000  00001a98  0001e568  R  X
  SRAM                  20200000   00008000  00000bfa  00007406  RW X
  BCR_CONFIG            41c00000   000000ff  00000000  000000ff  R   
  BSL_CONFIG            41c00100   00000080  00000000  00000080  R   


SEGMENT ALLOCATION MAP

run origin  load origin   length   init length attrs members
----------  ----------- ---------- ----------- ----- -------
00000000    00000000    00001a98   00001a98    r-x
  00000000    00000000    000000c0   000000c0    r-- .intvecs
  000000c0    000000c0    00001920   00001920    r-x .text
  000019e0    000019e0    00000088   00000088    r-- .rodata
  00001a68    00001a68    00000030   00000030    r-- .cinit
20200000    20200000    000009fa   00000000    rw-
  20200000    20200000    000009f6   00000000    rw- .bss
  202009f6    202009f6    00000004   00000000    rw- .data
20207e00    20207e00    00000200   00000000    rw-
  20207e00    20207e00    00000200   00000000    rw- .stack


SECTION ALLOCATION MAP

 output                                  attributes/
section   page    origin      length       input sections
--------  ----  ----------  ----------   ----------------
.intvecs   0    00000000    000000c0     
                  00000000    000000c0     startup_mspm0g350x_ticlang.o (.intvecs)

.text      0    000000c0    00001920     
                  000000c0    000004f0     empty.o (.text.main)
                  000005b0    0000021c     empty.o (.text.UART0_IRQHandler)
                  000007cc    00000192     libclang_rt.builtins.a : adddf3.S.obj (.text.adddf3_subdf3)
                  0000095e    00000002     startup_mspm0g350x_ticlang.o (.text.Default_Handler)
                  00000960    0000012c     empty.o (.text.sendNum)
                  00000a8c    0000010c     libclang_rt.builtins.a : divdf3.S.obj (.text.__divdf3)
                  00000b98    000000e4                            : muldf3.S.obj (.text.__muldf3)
                  00000c7c    000000dc     driverlib.a : dl_sysctl_mspm0g1x0x_g3x0x.o (.text.DL_SYSCTL_configSYSPLL)
                  00000d58    000000d8     libclang_rt.builtins.a : addsf3.S.obj (.text)
                  00000e30    000000c4     empty.o (.text.findFloat)
                  00000ef4    000000b0     empty.o (.text.ADC0_IRQHandler)
                  00000fa4    000000a4     ti_msp_dl_config.o (.text.SYSCFG_DL_UART_0_init)
                  00001048    0000009a     libc.a : memcpy16.S.obj (.text:memcpy)
                  000010e2    00000002     --HOLE-- [fill = 0]
                  000010e4    0000008c     libclang_rt.builtins.a : mulsf3.S.obj (.text.__mulsf3)
                  00001170    00000088     driverlib.a : dl_dac12.o (.text.DL_DAC12_init)
                  000011f8    00000082     libclang_rt.builtins.a : divsf3.S.obj (.text.__divsf3)
                  0000127a    00000002     --HOLE-- [fill = 0]
                  0000127c    00000080     ti_msp_dl_config.o (.text.SYSCFG_DL_SYSCTL_init)
                  000012fc    0000007c     libc.a : copy_decompress_lzss.c.obj (.text:decompress:lzss)
                  00001378    00000008     libclang_rt.builtins.a : aeabi_memcpy.S.obj (.text.__aeabi_memcpy)
                  00001380    00000074                            : truncdfsf2.S.obj (.text.__truncdfsf2)
                  000013f4    00000070     ti_msp_dl_config.o (.text.SYSCFG_DL_ADC12_0_init)
                  00001464    00000062     libclang_rt.builtins.a : aeabi_fcmp.S.obj (.text.__aeabi_fcmp)
                  000014c6    00000062     libc.a : memset16.S.obj (.text:memset)
                  00001528    00000060     ti_msp_dl_config.o (.text.SYSCFG_DL_UART_1_init)
                  00001588    00000054     ti_msp_dl_config.o (.text.SYSCFG_DL_initPower)
                  000015dc    0000004a     libclang_rt.builtins.a : fixdfsi.S.obj (.text.__fixdfsi)
                  00001626    00000002     --HOLE-- [fill = 0]
                  00001628    00000048     driverlib.a : dl_uart.o (.text.DL_UART_init)
                  00001670    00000044                 : dl_sysctl_mspm0g1x0x_g3x0x.o (.text.DL_SYSCTL_switchMCLKfromSYSOSCtoHSCLK)
                  000016b4    00000040                 : dl_adc12.o (.text.DL_ADC12_setClockConfig)
                  000016f4    00000040     libclang_rt.builtins.a : extendsfdf2.S.obj (.text.__extendsfdf2)
                  00001734    0000003c                            : comparesf2.S.obj (.text.__gtsf2)
                  00001770    0000003c     libc.a : autoinit.c.obj (.text:__TI_auto_init_nobinit_nopinit)
                  000017ac    0000003a     libclang_rt.builtins.a : comparesf2.S.obj (.text.__eqsf2)
                  000017e6    00000002     --HOLE-- [fill = 0]
                  000017e8    0000003a                            : muldsi3.S.obj (.text.__muldsi3)
                  00001822    00000002     --HOLE-- [fill = 0]
                  00001824    00000038     ti_msp_dl_config.o (.text.SYSCFG_DL_GPIO_init)
                  0000185c    00000038     libclang_rt.builtins.a : fixsfsi.S.obj (.text.__fixsfsi)
                  00001894    0000002c                            : floatsidf.S.obj (.text.__floatsidf)
                  000018c0    00000028                            : floatunsisf.S.obj (.text.__floatunsisf)
                  000018e8    00000028     libc.a : boot_cortex_m.c.obj (.text:_c_int00_noargs)
                  00001910    00000024     ti_msp_dl_config.o (.text.SYSCFG_DL_DAC12_init)
                  00001934    00000024     libclang_rt.builtins.a : floatunsidf.S.obj (.text.__floatunsidf)
                  00001958    00000020     ti_msp_dl_config.o (.text.SYSCFG_DL_init)
                  00001978    00000012     driverlib.a : dl_uart.o (.text.DL_UART_setClockConfig)
                  0000198a    00000012     libc.a : copy_decompress_none.c.obj (.text:decompress:none)
                  0000199c    00000010            : copy_zero_init.c.obj (.text:decompress:ZI)
                  000019ac    0000000c     libclang_rt.builtins.a : aeabi_memset.S.obj (.text.__aeabi_memclr)
                  000019b8    0000000a     driverlib.a : dl_common.o (.text.DL_Common_delayCycles)
                  000019c2    00000006     libc.a : exit.c.obj (.text:abort)
                  000019c8    00000004     libsysbm.a : hostexit.c.obj (.text.HOSTexit)
                  000019cc    00000004     startup_mspm0g350x_ticlang.o (.text.Reset_Handler)
                  000019d0    00000004     libc.a : pre_init.c.obj (.text._system_pre_init)
                  000019d4    0000000c     --HOLE-- [fill = 0]

.cinit     0    00001a68    00000030     
                  00001a68    0000000c     (__TI_handler_table)
                  00001a74    00000008     (.cinit..bss.load) [load image, compression = zero_init]
                  00001a7c    00000007     (.cinit..data.load) [load image, compression = lzss]
                  00001a83    00000001     --HOLE-- [fill = 0]
                  00001a84    00000010     (__TI_cinit_table)
                  00001a94    00000004     --HOLE-- [fill = 0]

.rodata    0    000019e0    00000088     
                  000019e0    00000028     ti_msp_dl_config.o (.rodata.gSYSPLLConfig)
                  00001a08    00000020     ti_msp_dl_config.o (.rodata.gDAC12Config)
                  00001a28    00000010     empty.o (.rodata.str1.7401042497206923953.1)
                  00001a38    0000000f     empty.o (.rodata.str1.9517790425240694019.1)
                  00001a47    00000001     --HOLE-- [fill = 0]
                  00001a48    0000000a     ti_msp_dl_config.o (.rodata.gUART_0Config)
                  00001a52    0000000a     ti_msp_dl_config.o (.rodata.gUART_1Config)
                  00001a5c    00000008     ti_msp_dl_config.o (.rodata.gADC12_0ClockConfig)
                  00001a64    00000002     ti_msp_dl_config.o (.rodata.gUART_0ClockConfig)
                  00001a66    00000002     ti_msp_dl_config.o (.rodata.gUART_1ClockConfig)

.init_array 
*          0    00000000    00000000     UNINITIALIZED

.binit     0    00000000    00000000     

.bss       0    20200000    000009f6     UNINITIALIZED
                  20200000    000009d8     (.common:SamplePoints)
                  202009d8    0000001e     (.common:uart_rx_buffer)

.data      0    202009f6    00000004     UNINITIALIZED
                  202009f6    00000001     empty.o (.data.gCheckADC)
                  202009f7    00000001     empty.o (.data.uart_rx_finish)
                  202009f8    00000001     empty.o (.data.uart_rx_index)
                  202009f9    00000001     empty.o (.data.uart_rx_start)

.stack     0    20207e00    00000200     UNINITIALIZED
                  20207e00    00000004     libc.a : boot_cortex_m.c.obj (.stack)
                  20207e04    000001fc     --HOLE--

__llvm_prf_cnts 
*          0    20200000    00000000     UNINITIALIZED

__llvm_prf_bits 
*          0    20200000    00000000     UNINITIALIZED

MODULE SUMMARY

       Module                         code   ro data   rw data
       ------                         ----   -------   -------
    .\
       empty.o                        2476   31        2554   
       ti_msp_dl_config.o             708    104       0      
       startup_mspm0g350x_ticlang.o   6      192       0      
    +--+------------------------------+------+---------+---------+
       Total:                         3190   327       2554   
                                                              
    D:/ti/mspm0_sdk_2_04_00_06/source/ti/driverlib/lib/ticlang/m0p/mspm0g1x0x_g3x0x/driverlib.a
       dl_sysctl_mspm0g1x0x_g3x0x.o   288    0         0      
       dl_dac12.o                     136    0         0      
       dl_uart.o                      90     0         0      
       dl_adc12.o                     64     0         0      
       dl_common.o                    10     0         0      
    +--+------------------------------+------+---------+---------+
       Total:                         588    0         0      
                                                              
    D:\ccs2011\ccs\tools\compiler\ti-cgt-armllvm_4.0.2.LTS\lib\armv6m-ti-none-eabi/c/libc.a
       memcpy16.S.obj                 154    0         0      
       copy_decompress_lzss.c.obj     124    0         0      
       memset16.S.obj                 98     0         0      
       autoinit.c.obj                 60     0         0      
       boot_cortex_m.c.obj            40     0         0      
       copy_decompress_none.c.obj     18     0         0      
       copy_zero_init.c.obj           16     0         0      
       exit.c.obj                     6      0         0      
       pre_init.c.obj                 4      0         0      
    +--+------------------------------+------+---------+---------+
       Total:                         520    0         0      
                                                              
    D:\ccs2011\ccs\tools\compiler\ti-cgt-armllvm_4.0.2.LTS\lib\armv6m-ti-none-eabi/c/libsysbm.a
       hostexit.c.obj                 4      0         0      
    +--+------------------------------+------+---------+---------+
       Total:                         4      0         0      
                                                              
    D:\ccs2011\ccs\tools\compiler\ti-cgt-armllvm_4.0.2.LTS\lib\armv6m-ti-none-eabi/libclang_rt.builtins.a
       adddf3.S.obj                   402    0         0      
       divdf3.S.obj                   268    0         0      
       muldf3.S.obj                   228    0         0      
       addsf3.S.obj                   216    0         0      
       mulsf3.S.obj                   140    0         0      
       divsf3.S.obj                   130    0         0      
       comparesf2.S.obj               118    0         0      
       truncdfsf2.S.obj               116    0         0      
       aeabi_fcmp.S.obj               98     0         0      
       fixdfsi.S.obj                  74     0         0      
       extendsfdf2.S.obj              64     0         0      
       muldsi3.S.obj                  58     0         0      
       fixsfsi.S.obj                  56     0         0      
       floatsidf.S.obj                44     0         0      
       floatunsisf.S.obj              40     0         0      
       floatunsidf.S.obj              36     0         0      
       aeabi_memset.S.obj             12     0         0      
       aeabi_memcpy.S.obj             8      0         0      
    +--+------------------------------+------+---------+---------+
       Total:                         2108   0         0      
                                                              
       Stack:                         0      0         512    
       Linker Generated:              0      43        0      
    +--+------------------------------+------+---------+---------+
       Grand Total:                   6410   370       3066   


LINKER GENERATED COPY TABLES

__TI_cinit_table @ 00001a84 records: 2, size/record: 8, table size: 16
	.bss: load addr=00001a74, load size=00000008 bytes, run addr=20200000, run size=000009f6 bytes, compression=zero_init
	.data: load addr=00001a7c, load size=00000007 bytes, run addr=202009f6, run size=00000004 bytes, compression=lzss


LINKER GENERATED HANDLER TABLE

__TI_handler_table @ 00001a68 records: 3, size/record: 4, table size: 12
	index: 0, handler: __TI_decompress_lzss
	index: 1, handler: __TI_decompress_none
	index: 2, handler: __TI_zero_init


GLOBAL SYMBOLS: SORTED ALPHABETICALLY BY Name 

address   name                                 
-------   ----                                 
00000ef5  ADC0_IRQHandler                      
0000095f  ADC1_IRQHandler                      
0000095f  AES_IRQHandler                       
000019c8  C$$EXIT                              
0000095f  CANFD0_IRQHandler                    
0000095f  DAC0_IRQHandler                      
000016b5  DL_ADC12_setClockConfig              
000019b9  DL_Common_delayCycles                
00001171  DL_DAC12_init                        
00000c7d  DL_SYSCTL_configSYSPLL               
00001671  DL_SYSCTL_switchMCLKfromSYSOSCtoHSCLK
00001629  DL_UART_init                         
00001979  DL_UART_setClockConfig               
0000095f  DMA_IRQHandler                       
0000095f  Default_Handler                      
0000095f  GROUP0_IRQHandler                    
0000095f  GROUP1_IRQHandler                    
000019c9  HOSTexit                             
0000095f  HardFault_Handler                    
0000095f  I2C0_IRQHandler                      
0000095f  I2C1_IRQHandler                      
0000095f  NMI_Handler                          
0000095f  PendSV_Handler                       
0000095f  RTC_IRQHandler                       
000019cd  Reset_Handler                        
0000095f  SPI0_IRQHandler                      
0000095f  SPI1_IRQHandler                      
0000095f  SVC_Handler                          
000013f5  SYSCFG_DL_ADC12_0_init               
00001911  SYSCFG_DL_DAC12_init                 
00001825  SYSCFG_DL_GPIO_init                  
0000127d  SYSCFG_DL_SYSCTL_init                
00000fa5  SYSCFG_DL_UART_0_init                
00001529  SYSCFG_DL_UART_1_init                
00001959  SYSCFG_DL_init                       
00001589  SYSCFG_DL_initPower                  
20200000  SamplePoints                         
0000095f  SysTick_Handler                      
0000095f  TIMA0_IRQHandler                     
0000095f  TIMA1_IRQHandler                     
0000095f  TIMG0_IRQHandler                     
0000095f  TIMG12_IRQHandler                    
0000095f  TIMG6_IRQHandler                     
0000095f  TIMG7_IRQHandler                     
0000095f  TIMG8_IRQHandler                     
000005b1  UART0_IRQHandler                     
0000095f  UART1_IRQHandler                     
0000095f  UART2_IRQHandler                     
0000095f  UART3_IRQHandler                     
20208000  __STACK_END                          
00000200  __STACK_SIZE                         
00000000  __TI_ATRegion0_region_sz             
00000000  __TI_ATRegion0_src_addr              
00000000  __TI_ATRegion0_trg_addr              
00000000  __TI_ATRegion1_region_sz             
00000000  __TI_ATRegion1_src_addr              
00000000  __TI_ATRegion1_trg_addr              
00000000  __TI_ATRegion2_region_sz             
00000000  __TI_ATRegion2_src_addr              
00000000  __TI_ATRegion2_trg_addr              
00001a84  __TI_CINIT_Base                      
00001a94  __TI_CINIT_Limit                     
00001a94  __TI_CINIT_Warm                      
00001a68  __TI_Handler_Table_Base              
00001a74  __TI_Handler_Table_Limit             
00001771  __TI_auto_init_nobinit_nopinit       
000012fd  __TI_decompress_lzss                 
0000198b  __TI_decompress_none                 
ffffffff  __TI_pprof_out_hndl                  
ffffffff  __TI_prof_data_size                  
ffffffff  __TI_prof_data_start                 
00000000  __TI_static_base__                   
0000199d  __TI_zero_init                       
000007d7  __adddf3                             
00000d63  __addsf3                             
00001381  __aeabi_d2f                          
000015dd  __aeabi_d2iz                         
000007d7  __aeabi_dadd                         
00000a8d  __aeabi_ddiv                         
00000b99  __aeabi_dmul                         
000007cd  __aeabi_dsub                         
000016f5  __aeabi_f2d                          
0000185d  __aeabi_f2iz                         
00000d63  __aeabi_fadd                         
00001465  __aeabi_fcmpeq                       
000014a1  __aeabi_fcmpge                       
000014b5  __aeabi_fcmpgt                       
0000148d  __aeabi_fcmple                       
00001479  __aeabi_fcmplt                       
000011f9  __aeabi_fdiv                         
000010e5  __aeabi_fmul                         
00000d59  __aeabi_fsub                         
00001895  __aeabi_i2d                          
000019ad  __aeabi_memclr                       
000019ad  __aeabi_memclr4                      
000019ad  __aeabi_memclr8                      
00001379  __aeabi_memcpy                       
00001379  __aeabi_memcpy4                      
00001379  __aeabi_memcpy8                      
00001935  __aeabi_ui2d                         
000018c1  __aeabi_ui2f                         
ffffffff  __binit__                            
000017ad  __cmpsf2                             
00000a8d  __divdf3                             
000011f9  __divsf3                             
000017ad  __eqsf2                              
000016f5  __extendsfdf2                        
000015dd  __fixdfsi                            
0000185d  __fixsfsi                            
00001895  __floatsidf                          
00001935  __floatunsidf                        
000018c1  __floatunsisf                        
00001735  __gesf2                              
00001735  __gtsf2                              
000017ad  __lesf2                              
000017ad  __ltsf2                              
UNDEFED   __mpu_init                           
00000b99  __muldf3                             
000017e9  __muldsi3                            
000010e5  __mulsf3                             
000017ad  __nesf2                              
20207e00  __stack                              
20200000  __start___llvm_prf_bits              
20200000  __start___llvm_prf_cnts              
20200000  __stop___llvm_prf_bits               
20200000  __stop___llvm_prf_cnts               
000007cd  __subdf3                             
00000d59  __subsf3                             
00001381  __truncdfsf2                         
000018e9  _c_int00_noargs                      
UNDEFED   _system_post_cinit                   
000019d1  _system_pre_init                     
000019c3  abort                                
ffffffff  binit                                
00000e31  findFloat                            
202009f6  gCheckADC                            
00000000  interruptVectors                     
000000c1  main                                 
00001049  memcpy                               
000014c7  memset                               
00000961  sendNum                              
202009d8  uart_rx_buffer                       
202009f7  uart_rx_finish                       
202009f8  uart_rx_index                        
202009f9  uart_rx_start                        


GLOBAL SYMBOLS: SORTED BY Symbol Address 

address   name                                 
-------   ----                                 
00000000  __TI_ATRegion0_region_sz             
00000000  __TI_ATRegion0_src_addr              
00000000  __TI_ATRegion0_trg_addr              
00000000  __TI_ATRegion1_region_sz             
00000000  __TI_ATRegion1_src_addr              
00000000  __TI_ATRegion1_trg_addr              
00000000  __TI_ATRegion2_region_sz             
00000000  __TI_ATRegion2_src_addr              
00000000  __TI_ATRegion2_trg_addr              
00000000  __TI_static_base__                   
00000000  interruptVectors                     
000000c1  main                                 
00000200  __STACK_SIZE                         
000005b1  UART0_IRQHandler                     
000007cd  __aeabi_dsub                         
000007cd  __subdf3                             
000007d7  __adddf3                             
000007d7  __aeabi_dadd                         
0000095f  ADC1_IRQHandler                      
0000095f  AES_IRQHandler                       
0000095f  CANFD0_IRQHandler                    
0000095f  DAC0_IRQHandler                      
0000095f  DMA_IRQHandler                       
0000095f  Default_Handler                      
0000095f  GROUP0_IRQHandler                    
0000095f  GROUP1_IRQHandler                    
0000095f  HardFault_Handler                    
0000095f  I2C0_IRQHandler                      
0000095f  I2C1_IRQHandler                      
0000095f  NMI_Handler                          
0000095f  PendSV_Handler                       
0000095f  RTC_IRQHandler                       
0000095f  SPI0_IRQHandler                      
0000095f  SPI1_IRQHandler                      
0000095f  SVC_Handler                          
0000095f  SysTick_Handler                      
0000095f  TIMA0_IRQHandler                     
0000095f  TIMA1_IRQHandler                     
0000095f  TIMG0_IRQHandler                     
0000095f  TIMG12_IRQHandler                    
0000095f  TIMG6_IRQHandler                     
0000095f  TIMG7_IRQHandler                     
0000095f  TIMG8_IRQHandler                     
0000095f  UART1_IRQHandler                     
0000095f  UART2_IRQHandler                     
0000095f  UART3_IRQHandler                     
00000961  sendNum                              
00000a8d  __aeabi_ddiv                         
00000a8d  __divdf3                             
00000b99  __aeabi_dmul                         
00000b99  __muldf3                             
00000c7d  DL_SYSCTL_configSYSPLL               
00000d59  __aeabi_fsub                         
00000d59  __subsf3                             
00000d63  __addsf3                             
00000d63  __aeabi_fadd                         
00000e31  findFloat                            
00000ef5  ADC0_IRQHandler                      
00000fa5  SYSCFG_DL_UART_0_init                
00001049  memcpy                               
000010e5  __aeabi_fmul                         
000010e5  __mulsf3                             
00001171  DL_DAC12_init                        
000011f9  __aeabi_fdiv                         
000011f9  __divsf3                             
0000127d  SYSCFG_DL_SYSCTL_init                
000012fd  __TI_decompress_lzss                 
00001379  __aeabi_memcpy                       
00001379  __aeabi_memcpy4                      
00001379  __aeabi_memcpy8                      
00001381  __aeabi_d2f                          
00001381  __truncdfsf2                         
000013f5  SYSCFG_DL_ADC12_0_init               
00001465  __aeabi_fcmpeq                       
00001479  __aeabi_fcmplt                       
0000148d  __aeabi_fcmple                       
000014a1  __aeabi_fcmpge                       
000014b5  __aeabi_fcmpgt                       
000014c7  memset                               
00001529  SYSCFG_DL_UART_1_init                
00001589  SYSCFG_DL_initPower                  
000015dd  __aeabi_d2iz                         
000015dd  __fixdfsi                            
00001629  DL_UART_init                         
00001671  DL_SYSCTL_switchMCLKfromSYSOSCtoHSCLK
000016b5  DL_ADC12_setClockConfig              
000016f5  __aeabi_f2d                          
000016f5  __extendsfdf2                        
00001735  __gesf2                              
00001735  __gtsf2                              
00001771  __TI_auto_init_nobinit_nopinit       
000017ad  __cmpsf2                             
000017ad  __eqsf2                              
000017ad  __lesf2                              
000017ad  __ltsf2                              
000017ad  __nesf2                              
000017e9  __muldsi3                            
00001825  SYSCFG_DL_GPIO_init                  
0000185d  __aeabi_f2iz                         
0000185d  __fixsfsi                            
00001895  __aeabi_i2d                          
00001895  __floatsidf                          
000018c1  __aeabi_ui2f                         
000018c1  __floatunsisf                        
000018e9  _c_int00_noargs                      
00001911  SYSCFG_DL_DAC12_init                 
00001935  __aeabi_ui2d                         
00001935  __floatunsidf                        
00001959  SYSCFG_DL_init                       
00001979  DL_UART_setClockConfig               
0000198b  __TI_decompress_none                 
0000199d  __TI_zero_init                       
000019ad  __aeabi_memclr                       
000019ad  __aeabi_memclr4                      
000019ad  __aeabi_memclr8                      
000019b9  DL_Common_delayCycles                
000019c3  abort                                
000019c8  C$$EXIT                              
000019c9  HOSTexit                             
000019cd  Reset_Handler                        
000019d1  _system_pre_init                     
00001a68  __TI_Handler_Table_Base              
00001a74  __TI_Handler_Table_Limit             
00001a84  __TI_CINIT_Base                      
00001a94  __TI_CINIT_Limit                     
00001a94  __TI_CINIT_Warm                      
20200000  SamplePoints                         
20200000  __start___llvm_prf_bits              
20200000  __start___llvm_prf_cnts              
20200000  __stop___llvm_prf_bits               
20200000  __stop___llvm_prf_cnts               
202009d8  uart_rx_buffer                       
202009f6  gCheckADC                            
202009f7  uart_rx_finish                       
202009f8  uart_rx_index                        
202009f9  uart_rx_start                        
20207e00  __stack                              
20208000  __STACK_END                          
ffffffff  __TI_pprof_out_hndl                  
ffffffff  __TI_prof_data_size                  
ffffffff  __TI_prof_data_start                 
ffffffff  __binit__                            
ffffffff  binit                                
UNDEFED   __mpu_init                           
UNDEFED   _system_post_cinit                   

[145 symbols]
