<?xml version="1.0" encoding="ISO-8859-1" ?>
<link_info>
   <banner>TI ARM Clang Linker PC v4.0.2.LTS</banner>
   <copyright>Copyright (c) 1996-2018 Texas Instruments Incorporated</copyright>
   <command_line>D:\ccs2011\ccs\tools\compiler\ti-cgt-armllvm_4.0.2.LTS\bin\tiarmlnk -ID:\ccs2011\ccs\tools\compiler\ti-cgt-armllvm_4.0.2.LTS\lib -o empty_LP_MSPM0G3507_nortos_ticlang.out -mempty_LP_MSPM0G3507_nortos_ticlang.map -iD:/ti/mspm0_sdk_2_04_00_06/source -iC:/Users/1/workspace_ccstheia/empty_LP_MSPM0G3507_nortos_ticlang -iC:/Users/1/workspace_ccstheia/empty_LP_MSPM0G3507_nortos_ticlang/Debug/syscfg -iD:/ccs2011/ccs/tools/compiler/ti-cgt-armllvm_4.0.2.LTS/lib --diag_wrap=off --display_error_number --warn_sections --xml_link_info=empty_LP_MSPM0G3507_nortos_ticlang_linkInfo.xml --rom_model ./empty.o ./ti_msp_dl_config.o ./startup_mspm0g350x_ticlang.o -l./device_linker.cmd -ldevice.cmd.genlibs -llibc.a --start-group -llibc++.a -llibc++abi.a -llibc.a -llibsys.a -llibsysbm.a -llibclang_rt.builtins.a -llibclang_rt.profile.a --end-group --cg_opt_level=2</command_line>
   <link_time>0x680e309a</link_time>
   <link_errors>0x0</link_errors>
   <output_file>C:\Users\1\workspace_ccstheia\empty_LP_MSPM0G3507_nortos_ticlang\Debug\empty_LP_MSPM0G3507_nortos_ticlang.out</output_file>
   <entry_point>
      <name>_c_int00_noargs</name>
      <address>0x2ff5</address>
   </entry_point>
   <input_file_list>
      <input_file id="fl-1">
         <path>C:\Users\1\workspace_ccstheia\empty_LP_MSPM0G3507_nortos_ticlang\Debug\.\</path>
         <kind>object</kind>
         <file>empty.o</file>
         <name>empty.o</name>
      </input_file>
      <input_file id="fl-2">
         <path>C:\Users\1\workspace_ccstheia\empty_LP_MSPM0G3507_nortos_ticlang\Debug\.\</path>
         <kind>object</kind>
         <file>ti_msp_dl_config.o</file>
         <name>ti_msp_dl_config.o</name>
      </input_file>
      <input_file id="fl-3">
         <path>C:\Users\1\workspace_ccstheia\empty_LP_MSPM0G3507_nortos_ticlang\Debug\.\</path>
         <kind>object</kind>
         <file>startup_mspm0g350x_ticlang.o</file>
         <name>startup_mspm0g350x_ticlang.o</name>
      </input_file>
      <input_file id="fl-10">
         <path>C:\Users\1\workspace_ccstheia\empty_LP_MSPM0G3507_nortos_ticlang\Debug\</path>
         <kind>object</kind>
         <file>&lt;internal&gt;</file>
         <name>&lt;internal&gt;</name>
      </input_file>
      <input_file id="fl-11">
         <path>D:\ti\mspm0_sdk_2_04_00_06\source\ti\driverlib\lib\ticlang\m0p\mspm0g1x0x_g3x0x\</path>
         <kind>archive</kind>
         <file>driverlib.a</file>
         <name>dl_adc12.o</name>
      </input_file>
      <input_file id="fl-12">
         <path>D:\ti\mspm0_sdk_2_04_00_06\source\ti\driverlib\lib\ticlang\m0p\mspm0g1x0x_g3x0x\</path>
         <kind>archive</kind>
         <file>driverlib.a</file>
         <name>dl_common.o</name>
      </input_file>
      <input_file id="fl-13">
         <path>D:\ti\mspm0_sdk_2_04_00_06\source\ti\driverlib\lib\ticlang\m0p\mspm0g1x0x_g3x0x\</path>
         <kind>archive</kind>
         <file>driverlib.a</file>
         <name>dl_dac12.o</name>
      </input_file>
      <input_file id="fl-14">
         <path>D:\ti\mspm0_sdk_2_04_00_06\source\ti\driverlib\lib\ticlang\m0p\mspm0g1x0x_g3x0x\</path>
         <kind>archive</kind>
         <file>driverlib.a</file>
         <name>dl_uart.o</name>
      </input_file>
      <input_file id="fl-15">
         <path>D:\ti\mspm0_sdk_2_04_00_06\source\ti\driverlib\lib\ticlang\m0p\mspm0g1x0x_g3x0x\</path>
         <kind>archive</kind>
         <file>driverlib.a</file>
         <name>dl_sysctl_mspm0g1x0x_g3x0x.o</name>
      </input_file>
      <input_file id="fl-2c">
         <path>D:\ccs2011\ccs\tools\compiler\ti-cgt-armllvm_4.0.2.LTS\lib\armv6m-ti-none-eabi\c\</path>
         <kind>archive</kind>
         <file>libc.a</file>
         <name>sprintf.c.obj</name>
      </input_file>
      <input_file id="fl-2d">
         <path>D:\ccs2011\ccs\tools\compiler\ti-cgt-armllvm_4.0.2.LTS\lib\armv6m-ti-none-eabi\c\</path>
         <kind>archive</kind>
         <file>libc.a</file>
         <name>boot_cortex_m.c.obj</name>
      </input_file>
      <input_file id="fl-2e">
         <path>D:\ccs2011\ccs\tools\compiler\ti-cgt-armllvm_4.0.2.LTS\lib\armv6m-ti-none-eabi\c\</path>
         <kind>archive</kind>
         <file>libc.a</file>
         <name>mathacl_init.c.obj</name>
      </input_file>
      <input_file id="fl-2f">
         <path>D:\ccs2011\ccs\tools\compiler\ti-cgt-armllvm_4.0.2.LTS\lib\armv6m-ti-none-eabi\c\</path>
         <kind>archive</kind>
         <file>libc.a</file>
         <name>autoinit.c.obj</name>
      </input_file>
      <input_file id="fl-30">
         <path>D:\ccs2011\ccs\tools\compiler\ti-cgt-armllvm_4.0.2.LTS\lib\armv6m-ti-none-eabi\c\</path>
         <kind>archive</kind>
         <file>libc.a</file>
         <name>pre_init.c.obj</name>
      </input_file>
      <input_file id="fl-31">
         <path>D:\ccs2011\ccs\tools\compiler\ti-cgt-armllvm_4.0.2.LTS\lib\armv6m-ti-none-eabi\c\</path>
         <kind>archive</kind>
         <file>libc.a</file>
         <name>cpy_tbl.c.obj</name>
      </input_file>
      <input_file id="fl-32">
         <path>D:\ccs2011\ccs\tools\compiler\ti-cgt-armllvm_4.0.2.LTS\lib\armv6m-ti-none-eabi\c\</path>
         <kind>archive</kind>
         <file>libc.a</file>
         <name>copy_zero_init.c.obj</name>
      </input_file>
      <input_file id="fl-33">
         <path>D:\ccs2011\ccs\tools\compiler\ti-cgt-armllvm_4.0.2.LTS\lib\armv6m-ti-none-eabi\c\</path>
         <kind>archive</kind>
         <file>libc.a</file>
         <name>copy_decompress_none.c.obj</name>
      </input_file>
      <input_file id="fl-34">
         <path>D:\ccs2011\ccs\tools\compiler\ti-cgt-armllvm_4.0.2.LTS\lib\armv6m-ti-none-eabi\c\</path>
         <kind>archive</kind>
         <file>libc.a</file>
         <name>copy_decompress_lzss.c.obj</name>
      </input_file>
      <input_file id="fl-35">
         <path>D:\ccs2011\ccs\tools\compiler\ti-cgt-armllvm_4.0.2.LTS\lib\armv6m-ti-none-eabi\c\</path>
         <kind>archive</kind>
         <file>libc.a</file>
         <name>_printfi.c.obj</name>
      </input_file>
      <input_file id="fl-36">
         <path>D:\ccs2011\ccs\tools\compiler\ti-cgt-armllvm_4.0.2.LTS\lib\armv6m-ti-none-eabi\c\</path>
         <kind>archive</kind>
         <file>libc.a</file>
         <name>aeabi_portable.c.obj</name>
      </input_file>
      <input_file id="fl-37">
         <path>D:\ccs2011\ccs\tools\compiler\ti-cgt-armllvm_4.0.2.LTS\lib\armv6m-ti-none-eabi\c\</path>
         <kind>archive</kind>
         <file>libc.a</file>
         <name>exit.c.obj</name>
      </input_file>
      <input_file id="fl-38">
         <path>D:\ccs2011\ccs\tools\compiler\ti-cgt-armllvm_4.0.2.LTS\lib\armv6m-ti-none-eabi\c\</path>
         <kind>archive</kind>
         <file>libc.a</file>
         <name>_lock.c.obj</name>
      </input_file>
      <input_file id="fl-39">
         <path>D:\ccs2011\ccs\tools\compiler\ti-cgt-armllvm_4.0.2.LTS\lib\armv6m-ti-none-eabi\c\</path>
         <kind>archive</kind>
         <file>libc.a</file>
         <name>_ltoa.c.obj</name>
      </input_file>
      <input_file id="fl-3a">
         <path>D:\ccs2011\ccs\tools\compiler\ti-cgt-armllvm_4.0.2.LTS\lib\armv6m-ti-none-eabi\c\</path>
         <kind>archive</kind>
         <file>libc.a</file>
         <name>args_main.c.obj</name>
      </input_file>
      <input_file id="fl-3b">
         <path>D:\ccs2011\ccs\tools\compiler\ti-cgt-armllvm_4.0.2.LTS\lib\armv6m-ti-none-eabi\c\</path>
         <kind>archive</kind>
         <file>libc.a</file>
         <name>assert.c.obj</name>
      </input_file>
      <input_file id="fl-3c">
         <path>D:\ccs2011\ccs\tools\compiler\ti-cgt-armllvm_4.0.2.LTS\lib\armv6m-ti-none-eabi\c\</path>
         <kind>archive</kind>
         <file>libc.a</file>
         <name>atoi.c.obj</name>
      </input_file>
      <input_file id="fl-3d">
         <path>D:\ccs2011\ccs\tools\compiler\ti-cgt-armllvm_4.0.2.LTS\lib\armv6m-ti-none-eabi\c\</path>
         <kind>archive</kind>
         <file>libc.a</file>
         <name>defs.c.obj</name>
      </input_file>
      <input_file id="fl-3e">
         <path>D:\ccs2011\ccs\tools\compiler\ti-cgt-armllvm_4.0.2.LTS\lib\armv6m-ti-none-eabi\c\</path>
         <kind>archive</kind>
         <file>libc.a</file>
         <name>memccpy.c.obj</name>
      </input_file>
      <input_file id="fl-3f">
         <path>D:\ccs2011\ccs\tools\compiler\ti-cgt-armllvm_4.0.2.LTS\lib\armv6m-ti-none-eabi\c\</path>
         <kind>archive</kind>
         <file>libc.a</file>
         <name>memory.c.obj</name>
      </input_file>
      <input_file id="fl-40">
         <path>D:\ccs2011\ccs\tools\compiler\ti-cgt-armllvm_4.0.2.LTS\lib\armv6m-ti-none-eabi\c\</path>
         <kind>archive</kind>
         <file>libc.a</file>
         <name>s_frexp.c.obj</name>
      </input_file>
      <input_file id="fl-41">
         <path>D:\ccs2011\ccs\tools\compiler\ti-cgt-armllvm_4.0.2.LTS\lib\armv6m-ti-none-eabi\c\</path>
         <kind>archive</kind>
         <file>libc.a</file>
         <name>s_scalbn.c.obj</name>
      </input_file>
      <input_file id="fl-42">
         <path>D:\ccs2011\ccs\tools\compiler\ti-cgt-armllvm_4.0.2.LTS\lib\armv6m-ti-none-eabi\c\</path>
         <kind>archive</kind>
         <file>libc.a</file>
         <name>wcslen.c.obj</name>
      </input_file>
      <input_file id="fl-43">
         <path>D:\ccs2011\ccs\tools\compiler\ti-cgt-armllvm_4.0.2.LTS\lib\armv6m-ti-none-eabi\c\</path>
         <kind>archive</kind>
         <file>libc.a</file>
         <name>fflush.c.obj</name>
      </input_file>
      <input_file id="fl-44">
         <path>D:\ccs2011\ccs\tools\compiler\ti-cgt-armllvm_4.0.2.LTS\lib\armv6m-ti-none-eabi\c\</path>
         <kind>archive</kind>
         <file>libc.a</file>
         <name>fputs.c.obj</name>
      </input_file>
      <input_file id="fl-45">
         <path>D:\ccs2011\ccs\tools\compiler\ti-cgt-armllvm_4.0.2.LTS\lib\armv6m-ti-none-eabi\c\</path>
         <kind>archive</kind>
         <file>libc.a</file>
         <name>_io_perm.c.obj</name>
      </input_file>
      <input_file id="fl-46">
         <path>D:\ccs2011\ccs\tools\compiler\ti-cgt-armllvm_4.0.2.LTS\lib\armv6m-ti-none-eabi\c\</path>
         <kind>archive</kind>
         <file>libc.a</file>
         <name>setvbuf.c.obj</name>
      </input_file>
      <input_file id="fl-47">
         <path>D:\ccs2011\ccs\tools\compiler\ti-cgt-armllvm_4.0.2.LTS\lib\armv6m-ti-none-eabi\c\</path>
         <kind>archive</kind>
         <file>libc.a</file>
         <name>aeabi_ctype.S.obj</name>
      </input_file>
      <input_file id="fl-48">
         <path>D:\ccs2011\ccs\tools\compiler\ti-cgt-armllvm_4.0.2.LTS\lib\armv6m-ti-none-eabi\c\</path>
         <kind>archive</kind>
         <file>libc.a</file>
         <name>fopen.c.obj</name>
      </input_file>
      <input_file id="fl-49">
         <path>D:\ccs2011\ccs\tools\compiler\ti-cgt-armllvm_4.0.2.LTS\lib\armv6m-ti-none-eabi\c\</path>
         <kind>archive</kind>
         <file>libc.a</file>
         <name>fseek.c.obj</name>
      </input_file>
      <input_file id="fl-4a">
         <path>D:\ccs2011\ccs\tools\compiler\ti-cgt-armllvm_4.0.2.LTS\lib\armv6m-ti-none-eabi\c\</path>
         <kind>archive</kind>
         <file>libc.a</file>
         <name>fclose.c.obj</name>
      </input_file>
      <input_file id="fl-ea">
         <path>D:\ccs2011\ccs\tools\compiler\ti-cgt-armllvm_4.0.2.LTS\lib\armv6m-ti-none-eabi\c\</path>
         <kind>archive</kind>
         <file>libsysbm.a</file>
         <name>hostexit.c.obj</name>
      </input_file>
      <input_file id="fl-eb">
         <path>D:\ccs2011\ccs\tools\compiler\ti-cgt-armllvm_4.0.2.LTS\lib\armv6m-ti-none-eabi\c\</path>
         <kind>archive</kind>
         <file>libsysbm.a</file>
         <name>write.c.obj</name>
      </input_file>
      <input_file id="fl-ec">
         <path>D:\ccs2011\ccs\tools\compiler\ti-cgt-armllvm_4.0.2.LTS\lib\armv6m-ti-none-eabi\c\</path>
         <kind>archive</kind>
         <file>libsysbm.a</file>
         <name>host_device.c.obj</name>
      </input_file>
      <input_file id="fl-ed">
         <path>D:\ccs2011\ccs\tools\compiler\ti-cgt-armllvm_4.0.2.LTS\lib\armv6m-ti-none-eabi\c\</path>
         <kind>archive</kind>
         <file>libsysbm.a</file>
         <name>remove.c.obj</name>
      </input_file>
      <input_file id="fl-ee">
         <path>D:\ccs2011\ccs\tools\compiler\ti-cgt-armllvm_4.0.2.LTS\lib\armv6m-ti-none-eabi\c\</path>
         <kind>archive</kind>
         <file>libsysbm.a</file>
         <name>open.c.obj</name>
      </input_file>
      <input_file id="fl-ef">
         <path>D:\ccs2011\ccs\tools\compiler\ti-cgt-armllvm_4.0.2.LTS\lib\armv6m-ti-none-eabi\c\</path>
         <kind>archive</kind>
         <file>libsysbm.a</file>
         <name>lseek.c.obj</name>
      </input_file>
      <input_file id="fl-f0">
         <path>D:\ccs2011\ccs\tools\compiler\ti-cgt-armllvm_4.0.2.LTS\lib\armv6m-ti-none-eabi\c\</path>
         <kind>archive</kind>
         <file>libsysbm.a</file>
         <name>close.c.obj</name>
      </input_file>
      <input_file id="fl-f1">
         <path>D:\ccs2011\ccs\tools\compiler\ti-cgt-armllvm_4.0.2.LTS\lib\armv6m-ti-none-eabi\c\</path>
         <kind>archive</kind>
         <file>libsysbm.a</file>
         <name>unlink.c.obj</name>
      </input_file>
      <input_file id="fl-f2">
         <path>D:\ccs2011\ccs\tools\compiler\ti-cgt-armllvm_4.0.2.LTS\lib\armv6m-ti-none-eabi\c\</path>
         <kind>archive</kind>
         <file>libsysbm.a</file>
         <name>hostclose.c.obj</name>
      </input_file>
      <input_file id="fl-f3">
         <path>D:\ccs2011\ccs\tools\compiler\ti-cgt-armllvm_4.0.2.LTS\lib\armv6m-ti-none-eabi\c\</path>
         <kind>archive</kind>
         <file>libsysbm.a</file>
         <name>hostlseek.c.obj</name>
      </input_file>
      <input_file id="fl-f4">
         <path>D:\ccs2011\ccs\tools\compiler\ti-cgt-armllvm_4.0.2.LTS\lib\armv6m-ti-none-eabi\c\</path>
         <kind>archive</kind>
         <file>libsysbm.a</file>
         <name>hostopen.c.obj</name>
      </input_file>
      <input_file id="fl-f5">
         <path>D:\ccs2011\ccs\tools\compiler\ti-cgt-armllvm_4.0.2.LTS\lib\armv6m-ti-none-eabi\c\</path>
         <kind>archive</kind>
         <file>libsysbm.a</file>
         <name>hostread.c.obj</name>
      </input_file>
      <input_file id="fl-f6">
         <path>D:\ccs2011\ccs\tools\compiler\ti-cgt-armllvm_4.0.2.LTS\lib\armv6m-ti-none-eabi\c\</path>
         <kind>archive</kind>
         <file>libsysbm.a</file>
         <name>hostrename.c.obj</name>
      </input_file>
      <input_file id="fl-f7">
         <path>D:\ccs2011\ccs\tools\compiler\ti-cgt-armllvm_4.0.2.LTS\lib\armv6m-ti-none-eabi\c\</path>
         <kind>archive</kind>
         <file>libsysbm.a</file>
         <name>hostunlink.c.obj</name>
      </input_file>
      <input_file id="fl-f8">
         <path>D:\ccs2011\ccs\tools\compiler\ti-cgt-armllvm_4.0.2.LTS\lib\armv6m-ti-none-eabi\c\</path>
         <kind>archive</kind>
         <file>libsysbm.a</file>
         <name>hostwrite.c.obj</name>
      </input_file>
      <input_file id="fl-f9">
         <path>D:\ccs2011\ccs\tools\compiler\ti-cgt-armllvm_4.0.2.LTS\lib\armv6m-ti-none-eabi\c\</path>
         <kind>archive</kind>
         <file>libsysbm.a</file>
         <name>trgmsg.c.obj</name>
      </input_file>
      <input_file id="fl-fa">
         <path>D:\ccs2011\ccs\tools\compiler\ti-cgt-armllvm_4.0.2.LTS\lib\armv6m-ti-none-eabi\</path>
         <kind>archive</kind>
         <file>libclang_rt.builtins.a</file>
         <name>addsf3.S.obj</name>
      </input_file>
      <input_file id="fl-fb">
         <path>D:\ccs2011\ccs\tools\compiler\ti-cgt-armllvm_4.0.2.LTS\lib\armv6m-ti-none-eabi\</path>
         <kind>archive</kind>
         <file>libclang_rt.builtins.a</file>
         <name>adddf3.S.obj</name>
      </input_file>
      <input_file id="fl-fc">
         <path>D:\ccs2011\ccs\tools\compiler\ti-cgt-armllvm_4.0.2.LTS\lib\armv6m-ti-none-eabi\</path>
         <kind>archive</kind>
         <file>libclang_rt.builtins.a</file>
         <name>muldf3.S.obj</name>
      </input_file>
      <input_file id="fl-fd">
         <path>D:\ccs2011\ccs\tools\compiler\ti-cgt-armllvm_4.0.2.LTS\lib\armv6m-ti-none-eabi\</path>
         <kind>archive</kind>
         <file>libclang_rt.builtins.a</file>
         <name>muldsi3.S.obj</name>
      </input_file>
      <input_file id="fl-fe">
         <path>D:\ccs2011\ccs\tools\compiler\ti-cgt-armllvm_4.0.2.LTS\lib\armv6m-ti-none-eabi\</path>
         <kind>archive</kind>
         <file>libclang_rt.builtins.a</file>
         <name>mulsf3.S.obj</name>
      </input_file>
      <input_file id="fl-ff">
         <path>D:\ccs2011\ccs\tools\compiler\ti-cgt-armllvm_4.0.2.LTS\lib\armv6m-ti-none-eabi\</path>
         <kind>archive</kind>
         <file>libclang_rt.builtins.a</file>
         <name>divsf3.S.obj</name>
      </input_file>
      <input_file id="fl-100">
         <path>D:\ccs2011\ccs\tools\compiler\ti-cgt-armllvm_4.0.2.LTS\lib\armv6m-ti-none-eabi\</path>
         <kind>archive</kind>
         <file>libclang_rt.builtins.a</file>
         <name>divdf3.S.obj</name>
      </input_file>
      <input_file id="fl-101">
         <path>D:\ccs2011\ccs\tools\compiler\ti-cgt-armllvm_4.0.2.LTS\lib\armv6m-ti-none-eabi\</path>
         <kind>archive</kind>
         <file>libclang_rt.builtins.a</file>
         <name>extendsfdf2.S.obj</name>
      </input_file>
      <input_file id="fl-102">
         <path>D:\ccs2011\ccs\tools\compiler\ti-cgt-armllvm_4.0.2.LTS\lib\armv6m-ti-none-eabi\</path>
         <kind>archive</kind>
         <file>libclang_rt.builtins.a</file>
         <name>fixdfsi.S.obj</name>
      </input_file>
      <input_file id="fl-103">
         <path>D:\ccs2011\ccs\tools\compiler\ti-cgt-armllvm_4.0.2.LTS\lib\armv6m-ti-none-eabi\</path>
         <kind>archive</kind>
         <file>libclang_rt.builtins.a</file>
         <name>fixsfsi.S.obj</name>
      </input_file>
      <input_file id="fl-104">
         <path>D:\ccs2011\ccs\tools\compiler\ti-cgt-armllvm_4.0.2.LTS\lib\armv6m-ti-none-eabi\</path>
         <kind>archive</kind>
         <file>libclang_rt.builtins.a</file>
         <name>floatsidf.S.obj</name>
      </input_file>
      <input_file id="fl-105">
         <path>D:\ccs2011\ccs\tools\compiler\ti-cgt-armllvm_4.0.2.LTS\lib\armv6m-ti-none-eabi\</path>
         <kind>archive</kind>
         <file>libclang_rt.builtins.a</file>
         <name>floatunsidf.S.obj</name>
      </input_file>
      <input_file id="fl-106">
         <path>D:\ccs2011\ccs\tools\compiler\ti-cgt-armllvm_4.0.2.LTS\lib\armv6m-ti-none-eabi\</path>
         <kind>archive</kind>
         <file>libclang_rt.builtins.a</file>
         <name>floatunsisf.S.obj</name>
      </input_file>
      <input_file id="fl-107">
         <path>D:\ccs2011\ccs\tools\compiler\ti-cgt-armllvm_4.0.2.LTS\lib\armv6m-ti-none-eabi\</path>
         <kind>archive</kind>
         <file>libclang_rt.builtins.a</file>
         <name>muldi3.S.obj</name>
      </input_file>
      <input_file id="fl-108">
         <path>D:\ccs2011\ccs\tools\compiler\ti-cgt-armllvm_4.0.2.LTS\lib\armv6m-ti-none-eabi\</path>
         <kind>archive</kind>
         <file>libclang_rt.builtins.a</file>
         <name>truncdfsf2.S.obj</name>
      </input_file>
      <input_file id="fl-109">
         <path>D:\ccs2011\ccs\tools\compiler\ti-cgt-armllvm_4.0.2.LTS\lib\armv6m-ti-none-eabi\</path>
         <kind>archive</kind>
         <file>libclang_rt.builtins.a</file>
         <name>aeabi_dcmp.S.obj</name>
      </input_file>
      <input_file id="fl-10a">
         <path>D:\ccs2011\ccs\tools\compiler\ti-cgt-armllvm_4.0.2.LTS\lib\armv6m-ti-none-eabi\</path>
         <kind>archive</kind>
         <file>libclang_rt.builtins.a</file>
         <name>aeabi_fcmp.S.obj</name>
      </input_file>
      <input_file id="fl-10b">
         <path>D:\ccs2011\ccs\tools\compiler\ti-cgt-armllvm_4.0.2.LTS\lib\armv6m-ti-none-eabi\</path>
         <kind>archive</kind>
         <file>libclang_rt.builtins.a</file>
         <name>aeabi_idivmod.S.obj</name>
      </input_file>
      <input_file id="fl-10c">
         <path>D:\ccs2011\ccs\tools\compiler\ti-cgt-armllvm_4.0.2.LTS\lib\armv6m-ti-none-eabi\</path>
         <kind>archive</kind>
         <file>libclang_rt.builtins.a</file>
         <name>aeabi_memcpy.S.obj</name>
      </input_file>
      <input_file id="fl-10d">
         <path>D:\ccs2011\ccs\tools\compiler\ti-cgt-armllvm_4.0.2.LTS\lib\armv6m-ti-none-eabi\</path>
         <kind>archive</kind>
         <file>libclang_rt.builtins.a</file>
         <name>aeabi_memset.S.obj</name>
      </input_file>
      <input_file id="fl-10e">
         <path>D:\ccs2011\ccs\tools\compiler\ti-cgt-armllvm_4.0.2.LTS\lib\armv6m-ti-none-eabi\</path>
         <kind>archive</kind>
         <file>libclang_rt.builtins.a</file>
         <name>aeabi_uidivmod.S.obj</name>
      </input_file>
      <input_file id="fl-10f">
         <path>D:\ccs2011\ccs\tools\compiler\ti-cgt-armllvm_4.0.2.LTS\lib\armv6m-ti-none-eabi\</path>
         <kind>archive</kind>
         <file>libclang_rt.builtins.a</file>
         <name>aeabi_uldivmod.S.obj</name>
      </input_file>
      <input_file id="fl-110">
         <path>D:\ccs2011\ccs\tools\compiler\ti-cgt-armllvm_4.0.2.LTS\lib\armv6m-ti-none-eabi\</path>
         <kind>archive</kind>
         <file>libclang_rt.builtins.a</file>
         <name>comparesf2.S.obj</name>
      </input_file>
      <input_file id="fl-111">
         <path>D:\ccs2011\ccs\tools\compiler\ti-cgt-armllvm_4.0.2.LTS\lib\armv6m-ti-none-eabi\</path>
         <kind>archive</kind>
         <file>libclang_rt.builtins.a</file>
         <name>udivmoddi4.S.obj</name>
      </input_file>
      <input_file id="fl-112">
         <path>D:\ccs2011\ccs\tools\compiler\ti-cgt-armllvm_4.0.2.LTS\lib\armv6m-ti-none-eabi\</path>
         <kind>archive</kind>
         <file>libclang_rt.builtins.a</file>
         <name>ashldi3.S.obj</name>
      </input_file>
      <input_file id="fl-113">
         <path>D:\ccs2011\ccs\tools\compiler\ti-cgt-armllvm_4.0.2.LTS\lib\armv6m-ti-none-eabi\</path>
         <kind>archive</kind>
         <file>libclang_rt.builtins.a</file>
         <name>comparedf2.c.obj</name>
      </input_file>
      <input_file id="fl-114">
         <path>D:\ccs2011\ccs\tools\compiler\ti-cgt-armllvm_4.0.2.LTS\lib\armv6m-ti-none-eabi\</path>
         <kind>archive</kind>
         <file>libclang_rt.builtins.a</file>
         <name>aeabi_div0.c.obj</name>
      </input_file>
      <input_file id="fl-115">
         <path>D:\ccs2011\ccs\tools\compiler\ti-cgt-armllvm_4.0.2.LTS\lib\armv6m-ti-none-eabi\c\</path>
         <kind>archive</kind>
         <file>libc.a</file>
         <name>getdevice.c.obj</name>
      </input_file>
      <input_file id="fl-116">
         <path>D:\ccs2011\ccs\tools\compiler\ti-cgt-armllvm_4.0.2.LTS\lib\armv6m-ti-none-eabi\c\</path>
         <kind>archive</kind>
         <file>libc.a</file>
         <name>memcpy16.S.obj</name>
      </input_file>
      <input_file id="fl-117">
         <path>D:\ccs2011\ccs\tools\compiler\ti-cgt-armllvm_4.0.2.LTS\lib\armv6m-ti-none-eabi\c\</path>
         <kind>archive</kind>
         <file>libc.a</file>
         <name>memset16.S.obj</name>
      </input_file>
      <input_file id="fl-118">
         <path>D:\ccs2011\ccs\tools\compiler\ti-cgt-armllvm_4.0.2.LTS\lib\armv6m-ti-none-eabi\c\</path>
         <kind>archive</kind>
         <file>libc.a</file>
         <name>strcmp-armv6m.S.obj</name>
      </input_file>
   </input_file_list>
   <object_component_list>
      <object_component id="oc-18">
         <name>.intvecs</name>
         <load_address>0x0</load_address>
         <readonly>true</readonly>
         <run_address>0x0</run_address>
         <size>0xc0</size>
         <alignment>0x4</alignment>
         <input_file_ref idref="fl-3"/>
      </object_component>
      <object_component id="oc-157">
         <name>.text:__TI_printfi</name>
         <load_address>0xc0</load_address>
         <readonly>true</readonly>
         <executable>true</executable>
         <run_address>0xc0</run_address>
         <size>0x9d0</size>
         <alignment>0x4</alignment>
         <input_file_ref idref="fl-35"/>
      </object_component>
      <object_component id="oc-73">
         <name>.text.main</name>
         <load_address>0xa90</load_address>
         <readonly>true</readonly>
         <executable>true</executable>
         <run_address>0xa90</run_address>
         <size>0x64c</size>
         <alignment>0x4</alignment>
         <input_file_ref idref="fl-1"/>
      </object_component>
      <object_component id="oc-192">
         <name>.text._pconv_a</name>
         <load_address>0x10dc</load_address>
         <readonly>true</readonly>
         <executable>true</executable>
         <run_address>0x10dc</run_address>
         <size>0x220</size>
         <alignment>0x4</alignment>
         <input_file_ref idref="fl-35"/>
      </object_component>
      <object_component id="oc-197">
         <name>.text._pconv_g</name>
         <load_address>0x12fc</load_address>
         <readonly>true</readonly>
         <executable>true</executable>
         <run_address>0x12fc</run_address>
         <size>0x1dc</size>
         <alignment>0x4</alignment>
         <input_file_ref idref="fl-35"/>
      </object_component>
      <object_component id="oc-34">
         <name>.text.GROUP1_IRQHandler</name>
         <load_address>0x14d8</load_address>
         <readonly>true</readonly>
         <executable>true</executable>
         <run_address>0x14d8</run_address>
         <size>0x194</size>
         <alignment>0x4</alignment>
         <input_file_ref idref="fl-1"/>
      </object_component>
      <object_component id="oc-9b">
         <name>.text.adddf3_subdf3</name>
         <load_address>0x166c</load_address>
         <readonly>true</readonly>
         <executable>true</executable>
         <run_address>0x166c</run_address>
         <size>0x192</size>
         <alignment>0x4</alignment>
         <input_file_ref idref="fl-fb"/>
      </object_component>
      <object_component id="oc-33">
         <name>.text.Default_Handler</name>
         <load_address>0x17fe</load_address>
         <readonly>true</readonly>
         <executable>true</executable>
         <run_address>0x17fe</run_address>
         <size>0x2</size>
         <alignment>0x2</alignment>
         <input_file_ref idref="fl-3"/>
      </object_component>
      <object_component id="oc-1cd">
         <name>.text.fcvt</name>
         <load_address>0x1800</load_address>
         <readonly>true</readonly>
         <executable>true</executable>
         <run_address>0x1800</run_address>
         <size>0x13c</size>
         <alignment>0x4</alignment>
         <input_file_ref idref="fl-35"/>
      </object_component>
      <object_component id="oc-91">
         <name>.text.sendNum</name>
         <load_address>0x193c</load_address>
         <readonly>true</readonly>
         <executable>true</executable>
         <run_address>0x193c</run_address>
         <size>0x12c</size>
         <alignment>0x4</alignment>
         <input_file_ref idref="fl-1"/>
      </object_component>
      <object_component id="oc-199">
         <name>.text._pconv_e</name>
         <load_address>0x1a68</load_address>
         <readonly>true</readonly>
         <executable>true</executable>
         <run_address>0x1a68</run_address>
         <size>0x120</size>
         <alignment>0x4</alignment>
         <input_file_ref idref="fl-35"/>
      </object_component>
      <object_component id="oc-9f">
         <name>.text.__divdf3</name>
         <load_address>0x1b88</load_address>
         <readonly>true</readonly>
         <executable>true</executable>
         <run_address>0x1b88</run_address>
         <size>0x10c</size>
         <alignment>0x4</alignment>
         <input_file_ref idref="fl-100"/>
      </object_component>
      <object_component id="oc-f1">
         <name>.text.__muldf3</name>
         <load_address>0x1c94</load_address>
         <readonly>true</readonly>
         <executable>true</executable>
         <run_address>0x1c94</run_address>
         <size>0xe4</size>
         <alignment>0x4</alignment>
         <input_file_ref idref="fl-fc"/>
      </object_component>
      <object_component id="oc-129">
         <name>.text.DL_SYSCTL_configSYSPLL</name>
         <load_address>0x1d78</load_address>
         <readonly>true</readonly>
         <executable>true</executable>
         <run_address>0x1d78</run_address>
         <size>0xdc</size>
         <alignment>0x4</alignment>
         <input_file_ref idref="fl-15"/>
      </object_component>
      <object_component id="oc-1b8">
         <name>.text.scalbn</name>
         <load_address>0x1e54</load_address>
         <readonly>true</readonly>
         <executable>true</executable>
         <run_address>0x1e54</run_address>
         <size>0xd8</size>
         <alignment>0x4</alignment>
         <input_file_ref idref="fl-41"/>
      </object_component>
      <object_component id="oc-8d">
         <name>.text</name>
         <load_address>0x1f2c</load_address>
         <readonly>true</readonly>
         <executable>true</executable>
         <run_address>0x1f2c</run_address>
         <size>0xd8</size>
         <alignment>0x4</alignment>
         <input_file_ref idref="fl-fa"/>
      </object_component>
      <object_component id="oc-92">
         <name>.text.findFloat</name>
         <load_address>0x2004</load_address>
         <readonly>true</readonly>
         <executable>true</executable>
         <run_address>0x2004</run_address>
         <size>0xc4</size>
         <alignment>0x4</alignment>
         <input_file_ref idref="fl-1"/>
      </object_component>
      <object_component id="oc-39">
         <name>.text.ADC0_IRQHandler</name>
         <load_address>0x20c8</load_address>
         <readonly>true</readonly>
         <executable>true</executable>
         <run_address>0x20c8</run_address>
         <size>0xb0</size>
         <alignment>0x4</alignment>
         <input_file_ref idref="fl-1"/>
      </object_component>
      <object_component id="oc-1af">
         <name>.text</name>
         <load_address>0x2178</load_address>
         <readonly>true</readonly>
         <executable>true</executable>
         <run_address>0x2178</run_address>
         <size>0xa2</size>
         <alignment>0x4</alignment>
         <input_file_ref idref="fl-111"/>
      </object_component>
      <object_component id="oc-19d">
         <name>.text.__aeabi_idiv0</name>
         <load_address>0x221a</load_address>
         <readonly>true</readonly>
         <executable>true</executable>
         <run_address>0x221a</run_address>
         <size>0x2</size>
         <alignment>0x2</alignment>
         <input_file_ref idref="fl-114"/>
      </object_component>
      <object_component id="oc-e3">
         <name>.text.SYSCFG_DL_UART_0_init</name>
         <load_address>0x221c</load_address>
         <readonly>true</readonly>
         <executable>true</executable>
         <run_address>0x221c</run_address>
         <size>0xa0</size>
         <alignment>0x4</alignment>
         <input_file_ref idref="fl-2"/>
      </object_component>
      <object_component id="oc-83">
         <name>.text:memcpy</name>
         <load_address>0x22bc</load_address>
         <readonly>true</readonly>
         <executable>true</executable>
         <run_address>0x22bc</run_address>
         <size>0x9a</size>
         <alignment>0x1</alignment>
         <input_file_ref idref="fl-116"/>
      </object_component>
      <object_component id="oc-1d2">
         <name>.text.__aeabi_ldiv0</name>
         <load_address>0x2356</load_address>
         <readonly>true</readonly>
         <executable>true</executable>
         <run_address>0x2356</run_address>
         <size>0x2</size>
         <alignment>0x2</alignment>
         <input_file_ref idref="fl-114"/>
      </object_component>
      <object_component id="oc-e0">
         <name>.text.SYSCFG_DL_SYSCTL_init</name>
         <load_address>0x2358</load_address>
         <readonly>true</readonly>
         <executable>true</executable>
         <run_address>0x2358</run_address>
         <size>0x94</size>
         <alignment>0x4</alignment>
         <input_file_ref idref="fl-2"/>
      </object_component>
      <object_component id="oc-b4">
         <name>.text.__mulsf3</name>
         <load_address>0x23ec</load_address>
         <readonly>true</readonly>
         <executable>true</executable>
         <run_address>0x23ec</run_address>
         <size>0x8c</size>
         <alignment>0x4</alignment>
         <input_file_ref idref="fl-fe"/>
      </object_component>
      <object_component id="oc-143">
         <name>.text.DL_DAC12_init</name>
         <load_address>0x2478</load_address>
         <readonly>true</readonly>
         <executable>true</executable>
         <run_address>0x2478</run_address>
         <size>0x88</size>
         <alignment>0x4</alignment>
         <input_file_ref idref="fl-13"/>
      </object_component>
      <object_component id="oc-b8">
         <name>.text.__divsf3</name>
         <load_address>0x2500</load_address>
         <readonly>true</readonly>
         <executable>true</executable>
         <run_address>0x2500</run_address>
         <size>0x82</size>
         <alignment>0x4</alignment>
         <input_file_ref idref="fl-ff"/>
      </object_component>
      <object_component id="oc-1c">
         <name>.text:decompress:lzss</name>
         <load_address>0x2584</load_address>
         <readonly>true</readonly>
         <executable>true</executable>
         <run_address>0x2584</run_address>
         <size>0x7c</size>
         <alignment>0x4</alignment>
         <input_file_ref idref="fl-34"/>
      </object_component>
      <object_component id="oc-e4">
         <name>.text.SYSCFG_DL_ADC12_0_init</name>
         <load_address>0x2600</load_address>
         <readonly>true</readonly>
         <executable>true</executable>
         <run_address>0x2600</run_address>
         <size>0x74</size>
         <alignment>0x4</alignment>
         <input_file_ref idref="fl-2"/>
      </object_component>
      <object_component id="oc-df">
         <name>.text.SYSCFG_DL_GPIO_init</name>
         <load_address>0x2674</load_address>
         <readonly>true</readonly>
         <executable>true</executable>
         <run_address>0x2674</run_address>
         <size>0x74</size>
         <alignment>0x4</alignment>
         <input_file_ref idref="fl-2"/>
      </object_component>
      <object_component id="oc-1cb">
         <name>.text.__gedf2</name>
         <load_address>0x26e8</load_address>
         <readonly>true</readonly>
         <executable>true</executable>
         <run_address>0x26e8</run_address>
         <size>0x74</size>
         <alignment>0x4</alignment>
         <input_file_ref idref="fl-113"/>
      </object_component>
      <object_component id="oc-114">
         <name>.text.HOSTexit</name>
         <load_address>0x275c</load_address>
         <readonly>true</readonly>
         <executable>true</executable>
         <run_address>0x275c</run_address>
         <size>0x4</size>
         <alignment>0x2</alignment>
         <input_file_ref idref="fl-ea"/>
      </object_component>
      <object_component id="oc-f9">
         <name>.text.__truncdfsf2</name>
         <load_address>0x2760</load_address>
         <readonly>true</readonly>
         <executable>true</executable>
         <run_address>0x2760</run_address>
         <size>0x74</size>
         <alignment>0x10</alignment>
         <input_file_ref idref="fl-108"/>
      </object_component>
      <object_component id="oc-1c5">
         <name>.text.__ledf2</name>
         <load_address>0x27d4</load_address>
         <readonly>true</readonly>
         <executable>true</executable>
         <run_address>0x27d4</run_address>
         <size>0x68</size>
         <alignment>0x4</alignment>
         <input_file_ref idref="fl-113"/>
      </object_component>
      <object_component id="oc-1c4">
         <name>.text._mcpy</name>
         <load_address>0x283c</load_address>
         <readonly>true</readonly>
         <executable>true</executable>
         <run_address>0x283c</run_address>
         <size>0x66</size>
         <alignment>0x2</alignment>
         <input_file_ref idref="fl-35"/>
      </object_component>
      <object_component id="oc-193">
         <name>.text.__aeabi_dcmp</name>
         <load_address>0x28a4</load_address>
         <readonly>true</readonly>
         <executable>true</executable>
         <run_address>0x28a4</run_address>
         <size>0x62</size>
         <alignment>0x4</alignment>
         <input_file_ref idref="fl-109"/>
      </object_component>
      <object_component id="oc-93">
         <name>.text.__aeabi_fcmp</name>
         <load_address>0x2908</load_address>
         <readonly>true</readonly>
         <executable>true</executable>
         <run_address>0x2908</run_address>
         <size>0x62</size>
         <alignment>0x4</alignment>
         <input_file_ref idref="fl-10a"/>
      </object_component>
      <object_component id="oc-dd">
         <name>.text:memset</name>
         <load_address>0x296a</load_address>
         <readonly>true</readonly>
         <executable>true</executable>
         <run_address>0x296a</run_address>
         <size>0x62</size>
         <alignment>0x1</alignment>
         <input_file_ref idref="fl-117"/>
      </object_component>
      <object_component id="oc-e2">
         <name>.text.SYSCFG_DL_UART_1_init</name>
         <load_address>0x29cc</load_address>
         <readonly>true</readonly>
         <executable>true</executable>
         <run_address>0x29cc</run_address>
         <size>0x60</size>
         <alignment>0x4</alignment>
         <input_file_ref idref="fl-2"/>
      </object_component>
      <object_component id="oc-1b4">
         <name>.text.frexp</name>
         <load_address>0x2a2c</load_address>
         <readonly>true</readonly>
         <executable>true</executable>
         <run_address>0x2a2c</run_address>
         <size>0x5c</size>
         <alignment>0x4</alignment>
         <input_file_ref idref="fl-40"/>
      </object_component>
      <object_component id="oc-1bc">
         <name>.text.__TI_ltoa</name>
         <load_address>0x2a88</load_address>
         <readonly>true</readonly>
         <executable>true</executable>
         <run_address>0x2a88</run_address>
         <size>0x58</size>
         <alignment>0x2</alignment>
         <input_file_ref idref="fl-39"/>
      </object_component>
      <object_component id="oc-198">
         <name>.text._pconv_f</name>
         <load_address>0x2ae0</load_address>
         <readonly>true</readonly>
         <executable>true</executable>
         <run_address>0x2ae0</run_address>
         <size>0x58</size>
         <alignment>0x2</alignment>
         <input_file_ref idref="fl-35"/>
      </object_component>
      <object_component id="oc-1de">
         <name>.text.__aeabi_idivmod</name>
         <load_address>0x2b38</load_address>
         <readonly>true</readonly>
         <executable>true</executable>
         <run_address>0x2b38</run_address>
         <size>0x56</size>
         <alignment>0x4</alignment>
         <input_file_ref idref="fl-10b"/>
      </object_component>
      <object_component id="oc-de">
         <name>.text.SYSCFG_DL_initPower</name>
         <load_address>0x2b90</load_address>
         <readonly>true</readonly>
         <executable>true</executable>
         <run_address>0x2b90</run_address>
         <size>0x54</size>
         <alignment>0x4</alignment>
         <input_file_ref idref="fl-2"/>
      </object_component>
      <object_component id="oc-1c2">
         <name>.text._ecpy</name>
         <load_address>0x2be4</load_address>
         <readonly>true</readonly>
         <executable>true</executable>
         <run_address>0x2be4</run_address>
         <size>0x52</size>
         <alignment>0x2</alignment>
         <input_file_ref idref="fl-35"/>
      </object_component>
      <object_component id="oc-a3">
         <name>.text.__fixdfsi</name>
         <load_address>0x2c38</load_address>
         <readonly>true</readonly>
         <executable>true</executable>
         <run_address>0x2c38</run_address>
         <size>0x4a</size>
         <alignment>0x4</alignment>
         <input_file_ref idref="fl-102"/>
      </object_component>
      <object_component id="oc-137">
         <name>.text.DL_UART_init</name>
         <load_address>0x2c84</load_address>
         <readonly>true</readonly>
         <executable>true</executable>
         <run_address>0x2c84</run_address>
         <size>0x48</size>
         <alignment>0x4</alignment>
         <input_file_ref idref="fl-14"/>
      </object_component>
      <object_component id="oc-12f">
         <name>.text.DL_SYSCTL_switchMCLKfromSYSOSCtoHSCLK</name>
         <load_address>0x2ccc</load_address>
         <readonly>true</readonly>
         <executable>true</executable>
         <run_address>0x2ccc</run_address>
         <size>0x44</size>
         <alignment>0x4</alignment>
         <input_file_ref idref="fl-15"/>
      </object_component>
      <object_component id="oc-13c">
         <name>.text.DL_ADC12_setClockConfig</name>
         <load_address>0x2d10</load_address>
         <readonly>true</readonly>
         <executable>true</executable>
         <run_address>0x2d10</run_address>
         <size>0x40</size>
         <alignment>0x4</alignment>
         <input_file_ref idref="fl-11"/>
      </object_component>
      <object_component id="oc-176">
         <name>.text.__aeabi_uidivmod</name>
         <load_address>0x2d50</load_address>
         <readonly>true</readonly>
         <executable>true</executable>
         <run_address>0x2d50</run_address>
         <size>0x40</size>
         <alignment>0x4</alignment>
         <input_file_ref idref="fl-10e"/>
      </object_component>
      <object_component id="oc-97">
         <name>.text.__extendsfdf2</name>
         <load_address>0x2d90</load_address>
         <readonly>true</readonly>
         <executable>true</executable>
         <run_address>0x2d90</run_address>
         <size>0x40</size>
         <alignment>0x4</alignment>
         <input_file_ref idref="fl-101"/>
      </object_component>
      <object_component id="oc-17c">
         <name>.text.atoi</name>
         <load_address>0x2dd0</load_address>
         <readonly>true</readonly>
         <executable>true</executable>
         <run_address>0x2dd0</run_address>
         <size>0x40</size>
         <alignment>0x4</alignment>
         <input_file_ref idref="fl-3c"/>
      </object_component>
      <object_component id="oc-102">
         <name>.text.__gtsf2</name>
         <load_address>0x2e10</load_address>
         <readonly>true</readonly>
         <executable>true</executable>
         <run_address>0x2e10</run_address>
         <size>0x3c</size>
         <alignment>0x4</alignment>
         <input_file_ref idref="fl-110"/>
      </object_component>
      <object_component id="oc-c5">
         <name>.text:__TI_auto_init_nobinit_nopinit</name>
         <load_address>0x2e4c</load_address>
         <readonly>true</readonly>
         <executable>true</executable>
         <run_address>0x2e4c</run_address>
         <size>0x3c</size>
         <alignment>0x4</alignment>
         <input_file_ref idref="fl-2f"/>
      </object_component>
      <object_component id="oc-fd">
         <name>.text.__eqsf2</name>
         <load_address>0x2e88</load_address>
         <readonly>true</readonly>
         <executable>true</executable>
         <run_address>0x2e88</run_address>
         <size>0x3a</size>
         <alignment>0x4</alignment>
         <input_file_ref idref="fl-110"/>
      </object_component>
      <object_component id="oc-10e">
         <name>.text.__muldsi3</name>
         <load_address>0x2ec4</load_address>
         <readonly>true</readonly>
         <executable>true</executable>
         <run_address>0x2ec4</run_address>
         <size>0x3a</size>
         <alignment>0x4</alignment>
         <input_file_ref idref="fl-fd"/>
      </object_component>
      <object_component id="oc-e9">
         <name>.text.__fixsfsi</name>
         <load_address>0x2f00</load_address>
         <readonly>true</readonly>
         <executable>true</executable>
         <run_address>0x2f00</run_address>
         <size>0x38</size>
         <alignment>0x4</alignment>
         <input_file_ref idref="fl-103"/>
      </object_component>
      <object_component id="oc-a7">
         <name>.text.sprintf</name>
         <load_address>0x2f38</load_address>
         <readonly>true</readonly>
         <executable>true</executable>
         <run_address>0x2f38</run_address>
         <size>0x38</size>
         <alignment>0x4</alignment>
         <input_file_ref idref="fl-2c"/>
      </object_component>
      <object_component id="oc-1c3">
         <name>.text._fcpy</name>
         <load_address>0x2f70</load_address>
         <readonly>true</readonly>
         <executable>true</executable>
         <run_address>0x2f70</run_address>
         <size>0x30</size>
         <alignment>0x2</alignment>
         <input_file_ref idref="fl-35"/>
      </object_component>
      <object_component id="oc-f5">
         <name>.text.__floatsidf</name>
         <load_address>0x2fa0</load_address>
         <readonly>true</readonly>
         <executable>true</executable>
         <run_address>0x2fa0</run_address>
         <size>0x2c</size>
         <alignment>0x4</alignment>
         <input_file_ref idref="fl-104"/>
      </object_component>
      <object_component id="oc-b0">
         <name>.text.__floatunsisf</name>
         <load_address>0x2fcc</load_address>
         <readonly>true</readonly>
         <executable>true</executable>
         <run_address>0x2fcc</run_address>
         <size>0x28</size>
         <alignment>0x4</alignment>
         <input_file_ref idref="fl-106"/>
      </object_component>
      <object_component id="oc-56">
         <name>.text:_c_int00_noargs</name>
         <load_address>0x2ff4</load_address>
         <readonly>true</readonly>
         <executable>true</executable>
         <run_address>0x2ff4</run_address>
         <size>0x28</size>
         <alignment>0x4</alignment>
         <input_file_ref idref="fl-2d"/>
      </object_component>
      <object_component id="oc-e5">
         <name>.text.SYSCFG_DL_DAC12_init</name>
         <load_address>0x301c</load_address>
         <readonly>true</readonly>
         <executable>true</executable>
         <run_address>0x301c</run_address>
         <size>0x24</size>
         <alignment>0x4</alignment>
         <input_file_ref idref="fl-2"/>
      </object_component>
      <object_component id="oc-ed">
         <name>.text.__floatunsidf</name>
         <load_address>0x3040</load_address>
         <readonly>true</readonly>
         <executable>true</executable>
         <run_address>0x3040</run_address>
         <size>0x24</size>
         <alignment>0x4</alignment>
         <input_file_ref idref="fl-105"/>
      </object_component>
      <object_component id="oc-189">
         <name>.text.__muldi3</name>
         <load_address>0x3064</load_address>
         <readonly>true</readonly>
         <executable>true</executable>
         <run_address>0x3064</run_address>
         <size>0x24</size>
         <alignment>0x4</alignment>
         <input_file_ref idref="fl-107"/>
      </object_component>
      <object_component id="oc-171">
         <name>.text.memccpy</name>
         <load_address>0x3088</load_address>
         <readonly>true</readonly>
         <executable>true</executable>
         <run_address>0x3088</run_address>
         <size>0x22</size>
         <alignment>0x2</alignment>
         <input_file_ref idref="fl-3e"/>
      </object_component>
      <object_component id="oc-88">
         <name>.text.SYSCFG_DL_init</name>
         <load_address>0x30aa</load_address>
         <readonly>true</readonly>
         <executable>true</executable>
         <run_address>0x30aa</run_address>
         <size>0x20</size>
         <alignment>0x2</alignment>
         <input_file_ref idref="fl-2"/>
      </object_component>
      <object_component id="oc-1d3">
         <name>.text.__ashldi3</name>
         <load_address>0x30cc</load_address>
         <readonly>true</readonly>
         <executable>true</executable>
         <run_address>0x30cc</run_address>
         <size>0x1e</size>
         <alignment>0x4</alignment>
         <input_file_ref idref="fl-112"/>
      </object_component>
      <object_component id="oc-109">
         <name>.text._outs</name>
         <load_address>0x30ea</load_address>
         <readonly>true</readonly>
         <executable>true</executable>
         <run_address>0x30ea</run_address>
         <size>0x18</size>
         <alignment>0x2</alignment>
         <input_file_ref idref="fl-2c"/>
      </object_component>
      <object_component id="oc-18e">
         <name>.text.__aeabi_uldivmod</name>
         <load_address>0x3104</load_address>
         <readonly>true</readonly>
         <executable>true</executable>
         <run_address>0x3104</run_address>
         <size>0x14</size>
         <alignment>0x4</alignment>
         <input_file_ref idref="fl-10f"/>
      </object_component>
      <object_component id="oc-1c1">
         <name>.text.strchr</name>
         <load_address>0x3118</load_address>
         <readonly>true</readonly>
         <executable>true</executable>
         <run_address>0x3118</run_address>
         <size>0x14</size>
         <alignment>0x2</alignment>
         <input_file_ref idref="fl-35"/>
      </object_component>
      <object_component id="oc-131">
         <name>.text.DL_UART_setClockConfig</name>
         <load_address>0x312c</load_address>
         <readonly>true</readonly>
         <executable>true</executable>
         <run_address>0x312c</run_address>
         <size>0x12</size>
         <alignment>0x2</alignment>
         <input_file_ref idref="fl-14"/>
      </object_component>
      <object_component id="oc-20">
         <name>.text:decompress:none</name>
         <load_address>0x313e</load_address>
         <readonly>true</readonly>
         <executable>true</executable>
         <run_address>0x313e</run_address>
         <size>0x12</size>
         <alignment>0x2</alignment>
         <input_file_ref idref="fl-33"/>
      </object_component>
      <object_component id="oc-180">
         <name>.text.wcslen</name>
         <load_address>0x3150</load_address>
         <readonly>true</readonly>
         <executable>true</executable>
         <run_address>0x3150</run_address>
         <size>0x10</size>
         <alignment>0x2</alignment>
         <input_file_ref idref="fl-42"/>
      </object_component>
      <object_component id="oc-53">
         <name>.text:decompress:ZI</name>
         <load_address>0x3160</load_address>
         <readonly>true</readonly>
         <executable>true</executable>
         <run_address>0x3160</run_address>
         <size>0x10</size>
         <alignment>0x2</alignment>
         <input_file_ref idref="fl-32"/>
      </object_component>
      <object_component id="oc-170">
         <name>.text.__aeabi_memset</name>
         <load_address>0x3170</load_address>
         <readonly>true</readonly>
         <executable>true</executable>
         <run_address>0x3170</run_address>
         <size>0xe</size>
         <alignment>0x4</alignment>
         <input_file_ref idref="fl-10d"/>
      </object_component>
      <object_component id="oc-16f">
         <name>.text.strlen</name>
         <load_address>0x317e</load_address>
         <readonly>true</readonly>
         <executable>true</executable>
         <run_address>0x317e</run_address>
         <size>0xe</size>
         <alignment>0x2</alignment>
         <input_file_ref idref="fl-35"/>
      </object_component>
      <object_component id="oc-6a">
         <name>.text.__aeabi_memclr</name>
         <load_address>0x318c</load_address>
         <readonly>true</readonly>
         <executable>true</executable>
         <run_address>0x318c</run_address>
         <size>0xc</size>
         <alignment>0x4</alignment>
         <input_file_ref idref="fl-10d"/>
      </object_component>
      <object_component id="oc-125">
         <name>.text.DL_Common_delayCycles</name>
         <load_address>0x3198</load_address>
         <readonly>true</readonly>
         <executable>true</executable>
         <run_address>0x3198</run_address>
         <size>0xa</size>
         <alignment>0x2</alignment>
         <input_file_ref idref="fl-12"/>
      </object_component>
      <object_component id="oc-1c0">
         <name>.text.OUTLINED_FUNCTION_0</name>
         <load_address>0x31a2</load_address>
         <readonly>true</readonly>
         <executable>true</executable>
         <run_address>0x31a2</run_address>
         <size>0xa</size>
         <alignment>0x2</alignment>
         <input_file_ref idref="fl-35"/>
      </object_component>
      <object_component id="oc-230">
         <name>.tramp.__aeabi_dsub.1</name>
         <load_address>0x31ac</load_address>
         <readonly>true</readonly>
         <executable>true</executable>
         <run_address>0x31ac</run_address>
         <size>0x10</size>
         <alignment>0x4</alignment>
         <input_file_ref idref="fl-fb"/>
      </object_component>
      <object_component id="oc-1ce">
         <name>.text.OUTLINED_FUNCTION_1</name>
         <load_address>0x31bc</load_address>
         <readonly>true</readonly>
         <executable>true</executable>
         <run_address>0x31bc</run_address>
         <size>0xa</size>
         <alignment>0x2</alignment>
         <input_file_ref idref="fl-35"/>
      </object_component>
      <object_component id="oc-10a">
         <name>.text._outc</name>
         <load_address>0x31c6</load_address>
         <readonly>true</readonly>
         <executable>true</executable>
         <run_address>0x31c6</run_address>
         <size>0xa</size>
         <alignment>0x2</alignment>
         <input_file_ref idref="fl-2c"/>
      </object_component>
      <object_component id="oc-184">
         <name>.text.__aeabi_errno_addr</name>
         <load_address>0x31d0</load_address>
         <readonly>true</readonly>
         <executable>true</executable>
         <run_address>0x31d0</run_address>
         <size>0x8</size>
         <alignment>0x4</alignment>
         <input_file_ref idref="fl-36"/>
      </object_component>
      <object_component id="oc-46">
         <name>.text.__aeabi_memcpy</name>
         <load_address>0x31d8</load_address>
         <readonly>true</readonly>
         <executable>true</executable>
         <run_address>0x31d8</run_address>
         <size>0x8</size>
         <alignment>0x4</alignment>
         <input_file_ref idref="fl-10c"/>
      </object_component>
      <object_component id="oc-be">
         <name>.text:abort</name>
         <load_address>0x31e0</load_address>
         <readonly>true</readonly>
         <executable>true</executable>
         <run_address>0x31e0</run_address>
         <size>0x6</size>
         <alignment>0x2</alignment>
         <input_file_ref idref="fl-37"/>
      </object_component>
      <object_component id="oc-2f">
         <name>.text.Reset_Handler</name>
         <load_address>0x31e6</load_address>
         <readonly>true</readonly>
         <executable>true</executable>
         <run_address>0x31e6</run_address>
         <size>0x4</size>
         <alignment>0x2</alignment>
         <input_file_ref idref="fl-3"/>
      </object_component>
      <object_component id="oc-6f">
         <name>.text._system_pre_init</name>
         <load_address>0x31ea</load_address>
         <readonly>true</readonly>
         <executable>true</executable>
         <run_address>0x31ea</run_address>
         <size>0x4</size>
         <alignment>0x2</alignment>
         <input_file_ref idref="fl-30"/>
      </object_component>
      <object_component id="oc-22c">
         <name>.cinit..data.load</name>
         <load_address>0x33d0</load_address>
         <readonly>true</readonly>
         <run_address>0x33d0</run_address>
         <size>0xe</size>
         <alignment>0x1</alignment>
      </object_component>
      <object_component id="oc-22a">
         <name>__TI_handler_table</name>
         <load_address>0x33e0</load_address>
         <readonly>true</readonly>
         <run_address>0x33e0</run_address>
         <size>0xc</size>
         <alignment>0x4</alignment>
      </object_component>
      <object_component id="oc-22d">
         <name>.cinit..bss.load</name>
         <load_address>0x33ec</load_address>
         <readonly>true</readonly>
         <run_address>0x33ec</run_address>
         <size>0x8</size>
         <alignment>0x4</alignment>
      </object_component>
      <object_component id="oc-22b">
         <name>__TI_cinit_table</name>
         <load_address>0x33f4</load_address>
         <readonly>true</readonly>
         <run_address>0x33f4</run_address>
         <size>0x10</size>
         <alignment>0x4</alignment>
      </object_component>
      <object_component id="oc-1a3">
         <name>.rodata:__aeabi_ctype_table_</name>
         <load_address>0x31f0</load_address>
         <readonly>true</readonly>
         <run_address>0x31f0</run_address>
         <size>0x101</size>
         <alignment>0x10</alignment>
         <input_file_ref idref="fl-47"/>
      </object_component>
      <object_component id="oc-13a">
         <name>.rodata.gUART_0ClockConfig</name>
         <load_address>0x32f1</load_address>
         <readonly>true</readonly>
         <run_address>0x32f1</run_address>
         <size>0x2</size>
         <alignment>0x1</alignment>
         <input_file_ref idref="fl-2"/>
      </object_component>
      <object_component id="oc-130">
         <name>.rodata.gSYSPLLConfig</name>
         <load_address>0x32f4</load_address>
         <readonly>true</readonly>
         <run_address>0x32f4</run_address>
         <size>0x28</size>
         <alignment>0x4</alignment>
         <input_file_ref idref="fl-2"/>
      </object_component>
      <object_component id="oc-149">
         <name>.rodata.gDAC12Config</name>
         <load_address>0x331c</load_address>
         <readonly>true</readonly>
         <run_address>0x331c</run_address>
         <size>0x20</size>
         <alignment>0x4</alignment>
         <input_file_ref idref="fl-2"/>
      </object_component>
      <object_component id="oc-ad">
         <name>.rodata.str1.15706828512682300538.1</name>
         <load_address>0x333c</load_address>
         <readonly>true</readonly>
         <run_address>0x333c</run_address>
         <size>0x14</size>
         <alignment>0x1</alignment>
         <input_file_ref idref="fl-1"/>
      </object_component>
      <object_component id="oc-ae">
         <name>.rodata.str1.2196762768037919588.1</name>
         <load_address>0x3350</load_address>
         <readonly>true</readonly>
         <run_address>0x3350</run_address>
         <size>0x12</size>
         <alignment>0x1</alignment>
         <input_file_ref idref="fl-1"/>
      </object_component>
      <object_component id="oc-18d">
         <name>.rodata.str1.10348868589481759720.1</name>
         <load_address>0x3362</load_address>
         <readonly>true</readonly>
         <run_address>0x3362</run_address>
         <size>0x11</size>
         <alignment>0x1</alignment>
         <input_file_ref idref="fl-35"/>
      </object_component>
      <object_component id="oc-175">
         <name>.rodata.str1.15363888844622738466.1</name>
         <load_address>0x3373</load_address>
         <readonly>true</readonly>
         <run_address>0x3373</run_address>
         <size>0x11</size>
         <alignment>0x1</alignment>
         <input_file_ref idref="fl-35"/>
      </object_component>
      <object_component id="oc-64">
         <name>.rodata.str1.150872071346279890.1</name>
         <load_address>0x3384</load_address>
         <readonly>true</readonly>
         <run_address>0x3384</run_address>
         <size>0x10</size>
         <alignment>0x1</alignment>
         <input_file_ref idref="fl-1"/>
      </object_component>
      <object_component id="oc-af">
         <name>.rodata.str1.9517790425240694019.1</name>
         <load_address>0x3394</load_address>
         <readonly>true</readonly>
         <run_address>0x3394</run_address>
         <size>0xf</size>
         <alignment>0x1</alignment>
         <input_file_ref idref="fl-1"/>
      </object_component>
      <object_component id="oc-13b">
         <name>.rodata.gUART_0Config</name>
         <load_address>0x33a4</load_address>
         <readonly>true</readonly>
         <run_address>0x33a4</run_address>
         <size>0xa</size>
         <alignment>0x2</alignment>
         <input_file_ref idref="fl-2"/>
      </object_component>
      <object_component id="oc-139">
         <name>.rodata.gUART_1Config</name>
         <load_address>0x33ae</load_address>
         <readonly>true</readonly>
         <run_address>0x33ae</run_address>
         <size>0xa</size>
         <alignment>0x2</alignment>
         <input_file_ref idref="fl-2"/>
      </object_component>
      <object_component id="oc-142">
         <name>.rodata.gADC12_0ClockConfig</name>
         <load_address>0x33b8</load_address>
         <readonly>true</readonly>
         <run_address>0x33b8</run_address>
         <size>0x8</size>
         <alignment>0x4</alignment>
         <input_file_ref idref="fl-2"/>
      </object_component>
      <object_component id="oc-bd">
         <name>.rodata.str1.17669528882079347314.1</name>
         <load_address>0x33c0</load_address>
         <readonly>true</readonly>
         <run_address>0x33c0</run_address>
         <size>0x5</size>
         <alignment>0x1</alignment>
         <input_file_ref idref="fl-1"/>
      </object_component>
      <object_component id="oc-138">
         <name>.rodata.gUART_1ClockConfig</name>
         <load_address>0x33c5</load_address>
         <readonly>true</readonly>
         <run_address>0x33c5</run_address>
         <size>0x2</size>
         <alignment>0x1</alignment>
         <input_file_ref idref="fl-2"/>
      </object_component>
      <object_component id="oc-1f2">
         <name>.binit</name>
         <load_address>0x0</load_address>
         <readonly>true</readonly>
         <run_address>0x0</run_address>
         <size>0x0</size>
         <alignment>0x4</alignment>
      </object_component>
      <object_component id="oc-5d">
         <name>.data.stage</name>
         <load_address>0x20200a01</load_address>
         <readwrite>true</readwrite>
         <run_address>0x20200a01</run_address>
         <size>0x1</size>
         <alignment>0x1</alignment>
         <input_file_ref idref="fl-1"/>
      </object_component>
      <object_component id="oc-5e">
         <name>.data.LCD_Byte</name>
         <load_address>0x202009f6</load_address>
         <readwrite>true</readwrite>
         <run_address>0x202009f6</run_address>
         <size>0x1</size>
         <alignment>0x1</alignment>
         <input_file_ref idref="fl-1"/>
      </object_component>
      <object_component id="oc-60">
         <name>.data.LCD_Data</name>
         <load_address>0x202009d8</load_address>
         <readwrite>true</readwrite>
         <run_address>0x202009d8</run_address>
         <size>0x1e</size>
         <alignment>0x1</alignment>
         <input_file_ref idref="fl-1"/>
      </object_component>
      <object_component id="oc-5f">
         <name>.data.LCD_Data_p</name>
         <load_address>0x202009f8</load_address>
         <readwrite>true</readwrite>
         <run_address>0x202009f8</run_address>
         <size>0x4</size>
         <alignment>0x4</alignment>
         <input_file_ref idref="fl-1"/>
      </object_component>
      <object_component id="oc-61">
         <name>.data.decode_done</name>
         <load_address>0x202009f7</load_address>
         <readwrite>true</readwrite>
         <run_address>0x202009f7</run_address>
         <size>0x1</size>
         <alignment>0x1</alignment>
         <input_file_ref idref="fl-1"/>
      </object_component>
      <object_component id="oc-65">
         <name>.data.gCheckADC</name>
         <load_address>0x20200a00</load_address>
         <readwrite>true</readwrite>
         <run_address>0x20200a00</run_address>
         <size>0x1</size>
         <alignment>0x1</alignment>
         <input_file_ref idref="fl-1"/>
      </object_component>
      <object_component id="oc-1aa">
         <name>.data.__aeabi_errno</name>
         <load_address>0x202009fc</load_address>
         <readwrite>true</readwrite>
         <run_address>0x202009fc</run_address>
         <size>0x4</size>
         <alignment>0x4</alignment>
         <input_file_ref idref="fl-36"/>
      </object_component>
      <object_component id="oc-bc">
         <name>.common:SamplePoints</name>
         <uninitialized>true</uninitialized>
         <readwrite>true</readwrite>
         <run_address>0x20200000</run_address>
         <size>0x9d8</size>
         <alignment>0x4</alignment>
      </object_component>
      <object_component id="oc-1a">
         <name>.stack</name>
         <uninitialized>true</uninitialized>
         <readwrite>true</readwrite>
         <run_address>0x20207e00</run_address>
         <size>0x4</size>
         <alignment>0x4</alignment>
         <input_file_ref idref="fl-2d"/>
      </object_component>
      <object_component id="oc-22f">
         <name>.stack</name>
         <uninitialized>true</uninitialized>
         <readwrite>true</readwrite>
         <run_address>0x20207e00</run_address>
         <size>0x0</size>
         <alignment>0x8</alignment>
      </object_component>
      <object_component id="oc-3a">
         <name>.debug_loc</name>
         <load_address>0x0</load_address>
         <run_address>0x0</run_address>
         <size>0xe94</size>
         <alignment>0x1</alignment>
         <input_file_ref idref="fl-1"/>
      </object_component>
      <object_component id="oc-e1">
         <name>.debug_loc</name>
         <load_address>0xe94</load_address>
         <run_address>0xe94</run_address>
         <size>0x22d</size>
         <alignment>0x1</alignment>
         <input_file_ref idref="fl-2"/>
      </object_component>
      <object_component id="oc-13e">
         <name>.debug_loc</name>
         <load_address>0x10c1</load_address>
         <run_address>0x10c1</run_address>
         <size>0xc7</size>
         <alignment>0x1</alignment>
         <input_file_ref idref="fl-11"/>
      </object_component>
      <object_component id="oc-166">
         <name>.debug_loc</name>
         <load_address>0x1188</load_address>
         <run_address>0x1188</run_address>
         <size>0x13</size>
         <alignment>0x1</alignment>
         <input_file_ref idref="fl-12"/>
      </object_component>
      <object_component id="oc-145">
         <name>.debug_loc</name>
         <load_address>0x119b</load_address>
         <run_address>0x119b</run_address>
         <size>0x3a0</size>
         <alignment>0x1</alignment>
         <input_file_ref idref="fl-13"/>
      </object_component>
      <object_component id="oc-133">
         <name>.debug_loc</name>
         <load_address>0x153b</load_address>
         <run_address>0x153b</run_address>
         <size>0x7bc</size>
         <alignment>0x1</alignment>
         <input_file_ref idref="fl-14"/>
      </object_component>
      <object_component id="oc-12c">
         <name>.debug_loc</name>
         <load_address>0x1cf7</load_address>
         <run_address>0x1cf7</run_address>
         <size>0x414</size>
         <alignment>0x1</alignment>
         <input_file_ref idref="fl-15"/>
      </object_component>
      <object_component id="oc-a8">
         <name>.debug_loc</name>
         <load_address>0x210b</load_address>
         <run_address>0x210b</run_address>
         <size>0x136</size>
         <alignment>0x1</alignment>
         <input_file_ref idref="fl-2c"/>
      </object_component>
      <object_component id="oc-41">
         <name>.debug_loc</name>
         <load_address>0x2241</load_address>
         <run_address>0x2241</run_address>
         <size>0xd8</size>
         <alignment>0x1</alignment>
         <input_file_ref idref="fl-2d"/>
      </object_component>
      <object_component id="oc-c7">
         <name>.debug_loc</name>
         <load_address>0x2319</load_address>
         <run_address>0x2319</run_address>
         <size>0x424</size>
         <alignment>0x1</alignment>
         <input_file_ref idref="fl-2f"/>
      </object_component>
      <object_component id="oc-4e">
         <name>.debug_loc</name>
         <load_address>0x273d</load_address>
         <run_address>0x273d</run_address>
         <size>0x16c</size>
         <alignment>0x1</alignment>
         <input_file_ref idref="fl-32"/>
      </object_component>
      <object_component id="oc-4c">
         <name>.debug_loc</name>
         <load_address>0x28a9</load_address>
         <run_address>0x28a9</run_address>
         <size>0x6f</size>
         <alignment>0x1</alignment>
         <input_file_ref idref="fl-33"/>
      </object_component>
      <object_component id="oc-44">
         <name>.debug_loc</name>
         <load_address>0x2918</load_address>
         <run_address>0x2918</run_address>
         <size>0x167</size>
         <alignment>0x1</alignment>
         <input_file_ref idref="fl-34"/>
      </object_component>
      <object_component id="oc-155">
         <name>.debug_loc</name>
         <load_address>0x2a7f</load_address>
         <run_address>0x2a7f</run_address>
         <size>0x32d8</size>
         <alignment>0x1</alignment>
         <input_file_ref idref="fl-35"/>
      </object_component>
      <object_component id="oc-1ad">
         <name>.debug_loc</name>
         <load_address>0x5d57</load_address>
         <run_address>0x5d57</run_address>
         <size>0x101</size>
         <alignment>0x1</alignment>
         <input_file_ref idref="fl-36"/>
      </object_component>
      <object_component id="oc-c4">
         <name>.debug_loc</name>
         <load_address>0x5e58</load_address>
         <run_address>0x5e58</run_address>
         <size>0x26</size>
         <alignment>0x1</alignment>
         <input_file_ref idref="fl-37"/>
      </object_component>
      <object_component id="oc-1e4">
         <name>.debug_loc</name>
         <load_address>0x5e7e</load_address>
         <run_address>0x5e7e</run_address>
         <size>0x8f</size>
         <alignment>0x1</alignment>
         <input_file_ref idref="fl-39"/>
      </object_component>
      <object_component id="oc-1a6">
         <name>.debug_loc</name>
         <load_address>0x5f0d</load_address>
         <run_address>0x5f0d</run_address>
         <size>0x66</size>
         <alignment>0x1</alignment>
         <input_file_ref idref="fl-3c"/>
      </object_component>
      <object_component id="oc-19c">
         <name>.debug_loc</name>
         <load_address>0x5f73</load_address>
         <run_address>0x5f73</run_address>
         <size>0xbf</size>
         <alignment>0x1</alignment>
         <input_file_ref idref="fl-3e"/>
      </object_component>
      <object_component id="oc-1da">
         <name>.debug_loc</name>
         <load_address>0x6032</load_address>
         <run_address>0x6032</run_address>
         <size>0x9c</size>
         <alignment>0x1</alignment>
         <input_file_ref idref="fl-40"/>
      </object_component>
      <object_component id="oc-1dd">
         <name>.debug_loc</name>
         <load_address>0x60ce</load_address>
         <run_address>0x60ce</run_address>
         <size>0x127</size>
         <alignment>0x1</alignment>
         <input_file_ref idref="fl-41"/>
      </object_component>
      <object_component id="oc-1a9">
         <name>.debug_loc</name>
         <load_address>0x61f5</load_address>
         <run_address>0x61f5</run_address>
         <size>0x33</size>
         <alignment>0x1</alignment>
         <input_file_ref idref="fl-42"/>
      </object_component>
      <object_component id="oc-1c9">
         <name>.debug_loc</name>
         <load_address>0x6228</load_address>
         <run_address>0x6228</run_address>
         <size>0x363</size>
         <alignment>0x1</alignment>
         <input_file_ref idref="fl-113"/>
      </object_component>
      <object_component id="oc-1d1">
         <name>.debug_loc</name>
         <load_address>0x658b</load_address>
         <run_address>0x658b</run_address>
         <size>0x20</size>
         <alignment>0x1</alignment>
         <input_file_ref idref="fl-114"/>
      </object_component>
      <object_component id="oc-62">
         <name>.debug_abbrev</name>
         <load_address>0x0</load_address>
         <run_address>0x0</run_address>
         <size>0x31a</size>
         <alignment>0x1</alignment>
         <input_file_ref idref="fl-1"/>
      </object_component>
      <object_component id="oc-e6">
         <name>.debug_abbrev</name>
         <load_address>0x31a</load_address>
         <run_address>0x31a</run_address>
         <size>0x22b</size>
         <alignment>0x1</alignment>
         <input_file_ref idref="fl-2"/>
      </object_component>
      <object_component id="oc-3b">
         <name>.debug_abbrev</name>
         <load_address>0x545</load_address>
         <run_address>0x545</run_address>
         <size>0x6d</size>
         <alignment>0x1</alignment>
         <input_file_ref idref="fl-3"/>
      </object_component>
      <object_component id="oc-16b">
         <name>.debug_abbrev</name>
         <load_address>0x5b2</load_address>
         <run_address>0x5b2</run_address>
         <size>0x171</size>
         <alignment>0x1</alignment>
         <input_file_ref idref="fl-11"/>
      </object_component>
      <object_component id="oc-164">
         <name>.debug_abbrev</name>
         <load_address>0x723</load_address>
         <run_address>0x723</run_address>
         <size>0x62</size>
         <alignment>0x1</alignment>
         <input_file_ref idref="fl-12"/>
      </object_component>
      <object_component id="oc-16d">
         <name>.debug_abbrev</name>
         <load_address>0x785</load_address>
         <run_address>0x785</run_address>
         <size>0x214</size>
         <alignment>0x1</alignment>
         <input_file_ref idref="fl-13"/>
      </object_component>
      <object_component id="oc-169">
         <name>.debug_abbrev</name>
         <load_address>0x999</load_address>
         <run_address>0x999</run_address>
         <size>0x29b</size>
         <alignment>0x1</alignment>
         <input_file_ref idref="fl-14"/>
      </object_component>
      <object_component id="oc-167">
         <name>.debug_abbrev</name>
         <load_address>0xc34</load_address>
         <run_address>0xc34</run_address>
         <size>0x218</size>
         <alignment>0x1</alignment>
         <input_file_ref idref="fl-15"/>
      </object_component>
      <object_component id="oc-10b">
         <name>.debug_abbrev</name>
         <load_address>0xe4c</load_address>
         <run_address>0xe4c</run_address>
         <size>0xe1</size>
         <alignment>0x1</alignment>
         <input_file_ref idref="fl-2c"/>
      </object_component>
      <object_component id="oc-3d">
         <name>.debug_abbrev</name>
         <load_address>0xf2d</load_address>
         <run_address>0xf2d</run_address>
         <size>0xaf</size>
         <alignment>0x1</alignment>
         <input_file_ref idref="fl-2d"/>
      </object_component>
      <object_component id="oc-11e">
         <name>.debug_abbrev</name>
         <load_address>0xfdc</load_address>
         <run_address>0xfdc</run_address>
         <size>0x170</size>
         <alignment>0x1</alignment>
         <input_file_ref idref="fl-2f"/>
      </object_component>
      <object_component id="oc-86">
         <name>.debug_abbrev</name>
         <load_address>0x114c</load_address>
         <run_address>0x114c</run_address>
         <size>0x39</size>
         <alignment>0x1</alignment>
         <input_file_ref idref="fl-30"/>
      </object_component>
      <object_component id="oc-68">
         <name>.debug_abbrev</name>
         <load_address>0x1185</load_address>
         <run_address>0x1185</run_address>
         <size>0xc2</size>
         <alignment>0x1</alignment>
         <input_file_ref idref="fl-32"/>
      </object_component>
      <object_component id="oc-4a">
         <name>.debug_abbrev</name>
         <load_address>0x1247</load_address>
         <run_address>0x1247</run_address>
         <size>0x70</size>
         <alignment>0x1</alignment>
         <input_file_ref idref="fl-33"/>
      </object_component>
      <object_component id="oc-42">
         <name>.debug_abbrev</name>
         <load_address>0x12b7</load_address>
         <run_address>0x12b7</run_address>
         <size>0x8d</size>
         <alignment>0x1</alignment>
         <input_file_ref idref="fl-34"/>
      </object_component>
      <object_component id="oc-17a">
         <name>.debug_abbrev</name>
         <load_address>0x1344</load_address>
         <run_address>0x1344</run_address>
         <size>0x2a3</size>
         <alignment>0x1</alignment>
         <input_file_ref idref="fl-35"/>
      </object_component>
      <object_component id="oc-1ab">
         <name>.debug_abbrev</name>
         <load_address>0x15e7</load_address>
         <run_address>0x15e7</run_address>
         <size>0x148</size>
         <alignment>0x1</alignment>
         <input_file_ref idref="fl-36"/>
      </object_component>
      <object_component id="oc-118">
         <name>.debug_abbrev</name>
         <load_address>0x172f</load_address>
         <run_address>0x172f</run_address>
         <size>0x98</size>
         <alignment>0x1</alignment>
         <input_file_ref idref="fl-37"/>
      </object_component>
      <object_component id="oc-1e2">
         <name>.debug_abbrev</name>
         <load_address>0x17c7</load_address>
         <run_address>0x17c7</run_address>
         <size>0x95</size>
         <alignment>0x1</alignment>
         <input_file_ref idref="fl-39"/>
      </object_component>
      <object_component id="oc-1a4">
         <name>.debug_abbrev</name>
         <load_address>0x185c</load_address>
         <run_address>0x185c</run_address>
         <size>0x72</size>
         <alignment>0x1</alignment>
         <input_file_ref idref="fl-3c"/>
      </object_component>
      <object_component id="oc-19a">
         <name>.debug_abbrev</name>
         <load_address>0x18ce</load_address>
         <run_address>0x18ce</run_address>
         <size>0x8b</size>
         <alignment>0x1</alignment>
         <input_file_ref idref="fl-3e"/>
      </object_component>
      <object_component id="oc-1d8">
         <name>.debug_abbrev</name>
         <load_address>0x1959</load_address>
         <run_address>0x1959</run_address>
         <size>0x81</size>
         <alignment>0x1</alignment>
         <input_file_ref idref="fl-40"/>
      </object_component>
      <object_component id="oc-1db">
         <name>.debug_abbrev</name>
         <load_address>0x19da</load_address>
         <run_address>0x19da</run_address>
         <size>0x88</size>
         <alignment>0x1</alignment>
         <input_file_ref idref="fl-41"/>
      </object_component>
      <object_component id="oc-1a7">
         <name>.debug_abbrev</name>
         <load_address>0x1a62</load_address>
         <run_address>0x1a62</run_address>
         <size>0x72</size>
         <alignment>0x1</alignment>
         <input_file_ref idref="fl-42"/>
      </object_component>
      <object_component id="oc-159">
         <name>.debug_abbrev</name>
         <load_address>0x1ad4</load_address>
[...]
         <value>0x17ff</value>
         <object_component_ref idref="oc-33"/>
      </symbol>
      <symbol id="sm-b1">
         <name>TIMG7_IRQHandler</name>
         <value>0x17ff</value>
         <object_component_ref idref="oc-33"/>
      </symbol>
      <symbol id="sm-b2">
         <name>TIMG12_IRQHandler</name>
         <value>0x17ff</value>
         <object_component_ref idref="oc-33"/>
      </symbol>
      <symbol id="sm-b3">
         <name>I2C0_IRQHandler</name>
         <value>0x17ff</value>
         <object_component_ref idref="oc-33"/>
      </symbol>
      <symbol id="sm-b4">
         <name>I2C1_IRQHandler</name>
         <value>0x17ff</value>
         <object_component_ref idref="oc-33"/>
      </symbol>
      <symbol id="sm-b5">
         <name>AES_IRQHandler</name>
         <value>0x17ff</value>
         <object_component_ref idref="oc-33"/>
      </symbol>
      <symbol id="sm-b6">
         <name>RTC_IRQHandler</name>
         <value>0x17ff</value>
         <object_component_ref idref="oc-33"/>
      </symbol>
      <symbol id="sm-b7">
         <name>DMA_IRQHandler</name>
         <value>0x17ff</value>
         <object_component_ref idref="oc-33"/>
      </symbol>
      <symbol id="sm-b8">
         <name>__TI_ATRegion0_src_addr</name>
         <value>0x0</value>
      </symbol>
      <symbol id="sm-b9">
         <name>__TI_ATRegion0_trg_addr</name>
         <value>0x0</value>
      </symbol>
      <symbol id="sm-ba">
         <name>__TI_ATRegion0_region_sz</name>
         <value>0x0</value>
      </symbol>
      <symbol id="sm-bb">
         <name>__TI_ATRegion1_src_addr</name>
         <value>0x0</value>
      </symbol>
      <symbol id="sm-bc">
         <name>__TI_ATRegion1_trg_addr</name>
         <value>0x0</value>
      </symbol>
      <symbol id="sm-bd">
         <name>__TI_ATRegion1_region_sz</name>
         <value>0x0</value>
      </symbol>
      <symbol id="sm-be">
         <name>__TI_ATRegion2_src_addr</name>
         <value>0x0</value>
      </symbol>
      <symbol id="sm-bf">
         <name>__TI_ATRegion2_trg_addr</name>
         <value>0x0</value>
      </symbol>
      <symbol id="sm-c0">
         <name>__TI_ATRegion2_region_sz</name>
         <value>0x0</value>
      </symbol>
      <symbol id="sm-cb">
         <name>DL_ADC12_setClockConfig</name>
         <value>0x2d11</value>
         <object_component_ref idref="oc-13c"/>
      </symbol>
      <symbol id="sm-d4">
         <name>DL_Common_delayCycles</name>
         <value>0x3199</value>
         <object_component_ref idref="oc-125"/>
      </symbol>
      <symbol id="sm-df">
         <name>DL_DAC12_init</name>
         <value>0x2479</value>
         <object_component_ref idref="oc-143"/>
      </symbol>
      <symbol id="sm-ec">
         <name>DL_UART_init</name>
         <value>0x2c85</value>
         <object_component_ref idref="oc-137"/>
      </symbol>
      <symbol id="sm-ed">
         <name>DL_UART_setClockConfig</name>
         <value>0x312d</value>
         <object_component_ref idref="oc-131"/>
      </symbol>
      <symbol id="sm-fb">
         <name>DL_SYSCTL_configSYSPLL</name>
         <value>0x1d79</value>
         <object_component_ref idref="oc-129"/>
      </symbol>
      <symbol id="sm-fc">
         <name>DL_SYSCTL_switchMCLKfromSYSOSCtoHSCLK</name>
         <value>0x2ccd</value>
         <object_component_ref idref="oc-12f"/>
      </symbol>
      <symbol id="sm-10d">
         <name>sprintf</name>
         <value>0x2f39</value>
         <object_component_ref idref="oc-a7"/>
      </symbol>
      <symbol id="sm-118">
         <name>_c_int00_noargs</name>
         <value>0x2ff5</value>
         <object_component_ref idref="oc-56"/>
      </symbol>
      <symbol id="sm-119">
         <name>__stack</name>
         <value>0x20207e00</value>
         <object_component_ref idref="oc-1a"/>
      </symbol>
      <symbol id="sm-125">
         <name>__TI_auto_init_nobinit_nopinit</name>
         <value>0x2e4d</value>
         <object_component_ref idref="oc-c5"/>
      </symbol>
      <symbol id="sm-12d">
         <name>_system_pre_init</name>
         <value>0x31eb</value>
         <object_component_ref idref="oc-6f"/>
      </symbol>
      <symbol id="sm-138">
         <name>__TI_zero_init</name>
         <value>0x3161</value>
         <object_component_ref idref="oc-53"/>
      </symbol>
      <symbol id="sm-141">
         <name>__TI_decompress_none</name>
         <value>0x313f</value>
         <object_component_ref idref="oc-20"/>
      </symbol>
      <symbol id="sm-14c">
         <name>__TI_decompress_lzss</name>
         <value>0x2585</value>
         <object_component_ref idref="oc-1c"/>
      </symbol>
      <symbol id="sm-195">
         <name>__TI_printfi</name>
         <value>0xc1</value>
         <object_component_ref idref="oc-157"/>
      </symbol>
      <symbol id="sm-1a0">
         <name>__aeabi_errno_addr</name>
         <value>0x31d1</value>
         <object_component_ref idref="oc-184"/>
      </symbol>
      <symbol id="sm-1a1">
         <name>__aeabi_errno</name>
         <value>0x202009fc</value>
         <object_component_ref idref="oc-1aa"/>
      </symbol>
      <symbol id="sm-1ab">
         <name>abort</name>
         <value>0x31e1</value>
         <object_component_ref idref="oc-be"/>
      </symbol>
      <symbol id="sm-1b5">
         <name>__TI_ltoa</name>
         <value>0x2a89</value>
         <object_component_ref idref="oc-1bc"/>
      </symbol>
      <symbol id="sm-1c1">
         <name>atoi</name>
         <value>0x2dd1</value>
         <object_component_ref idref="oc-17c"/>
      </symbol>
      <symbol id="sm-1cb">
         <name>memccpy</name>
         <value>0x3089</value>
         <object_component_ref idref="oc-171"/>
      </symbol>
      <symbol id="sm-1d6">
         <name>frexp</name>
         <value>0x2a2d</value>
         <object_component_ref idref="oc-1b4"/>
      </symbol>
      <symbol id="sm-1d7">
         <name>frexpl</name>
         <value>0x2a2d</value>
         <object_component_ref idref="oc-1b4"/>
      </symbol>
      <symbol id="sm-1e1">
         <name>scalbn</name>
         <value>0x1e55</value>
         <object_component_ref idref="oc-1b8"/>
      </symbol>
      <symbol id="sm-1e2">
         <name>ldexp</name>
         <value>0x1e55</value>
         <object_component_ref idref="oc-1b8"/>
      </symbol>
      <symbol id="sm-1e3">
         <name>scalbnl</name>
         <value>0x1e55</value>
         <object_component_ref idref="oc-1b8"/>
      </symbol>
      <symbol id="sm-1e4">
         <name>ldexpl</name>
         <value>0x1e55</value>
         <object_component_ref idref="oc-1b8"/>
      </symbol>
      <symbol id="sm-1ed">
         <name>wcslen</name>
         <value>0x3151</value>
         <object_component_ref idref="oc-180"/>
      </symbol>
      <symbol id="sm-1f2">
         <name>__aeabi_ctype_table_</name>
         <value>0x31f0</value>
         <object_component_ref idref="oc-1a3"/>
      </symbol>
      <symbol id="sm-1f3">
         <name>__aeabi_ctype_table_C</name>
         <value>0x31f0</value>
         <object_component_ref idref="oc-1a3"/>
      </symbol>
      <symbol id="sm-1fe">
         <name>HOSTexit</name>
         <value>0x275d</value>
         <object_component_ref idref="oc-114"/>
      </symbol>
      <symbol id="sm-1ff">
         <name>C$$EXIT</name>
         <value>0x275c</value>
         <object_component_ref idref="oc-114"/>
      </symbol>
      <symbol id="sm-214">
         <name>__aeabi_fadd</name>
         <value>0x1f37</value>
         <object_component_ref idref="oc-8d"/>
      </symbol>
      <symbol id="sm-215">
         <name>__addsf3</name>
         <value>0x1f37</value>
         <object_component_ref idref="oc-8d"/>
      </symbol>
      <symbol id="sm-216">
         <name>__aeabi_fsub</name>
         <value>0x1f2d</value>
         <object_component_ref idref="oc-8d"/>
      </symbol>
      <symbol id="sm-217">
         <name>__subsf3</name>
         <value>0x1f2d</value>
         <object_component_ref idref="oc-8d"/>
      </symbol>
      <symbol id="sm-21d">
         <name>__aeabi_dadd</name>
         <value>0x1677</value>
         <object_component_ref idref="oc-9b"/>
      </symbol>
      <symbol id="sm-21e">
         <name>__adddf3</name>
         <value>0x1677</value>
         <object_component_ref idref="oc-9b"/>
      </symbol>
      <symbol id="sm-21f">
         <name>__aeabi_dsub</name>
         <value>0x166d</value>
         <object_component_ref idref="oc-9b"/>
      </symbol>
      <symbol id="sm-220">
         <name>__subdf3</name>
         <value>0x166d</value>
         <object_component_ref idref="oc-9b"/>
      </symbol>
      <symbol id="sm-229">
         <name>__aeabi_dmul</name>
         <value>0x1c95</value>
         <object_component_ref idref="oc-f1"/>
      </symbol>
      <symbol id="sm-22a">
         <name>__muldf3</name>
         <value>0x1c95</value>
         <object_component_ref idref="oc-f1"/>
      </symbol>
      <symbol id="sm-230">
         <name>__muldsi3</name>
         <value>0x2ec5</value>
         <object_component_ref idref="oc-10e"/>
      </symbol>
      <symbol id="sm-236">
         <name>__aeabi_fmul</name>
         <value>0x23ed</value>
         <object_component_ref idref="oc-b4"/>
      </symbol>
      <symbol id="sm-237">
         <name>__mulsf3</name>
         <value>0x23ed</value>
         <object_component_ref idref="oc-b4"/>
      </symbol>
      <symbol id="sm-23d">
         <name>__aeabi_fdiv</name>
         <value>0x2501</value>
         <object_component_ref idref="oc-b8"/>
      </symbol>
      <symbol id="sm-23e">
         <name>__divsf3</name>
         <value>0x2501</value>
         <object_component_ref idref="oc-b8"/>
      </symbol>
      <symbol id="sm-244">
         <name>__aeabi_ddiv</name>
         <value>0x1b89</value>
         <object_component_ref idref="oc-9f"/>
      </symbol>
      <symbol id="sm-245">
         <name>__divdf3</name>
         <value>0x1b89</value>
         <object_component_ref idref="oc-9f"/>
      </symbol>
      <symbol id="sm-24b">
         <name>__aeabi_f2d</name>
         <value>0x2d91</value>
         <object_component_ref idref="oc-97"/>
      </symbol>
      <symbol id="sm-24c">
         <name>__extendsfdf2</name>
         <value>0x2d91</value>
         <object_component_ref idref="oc-97"/>
      </symbol>
      <symbol id="sm-252">
         <name>__aeabi_d2iz</name>
         <value>0x2c39</value>
         <object_component_ref idref="oc-a3"/>
      </symbol>
      <symbol id="sm-253">
         <name>__fixdfsi</name>
         <value>0x2c39</value>
         <object_component_ref idref="oc-a3"/>
      </symbol>
      <symbol id="sm-259">
         <name>__aeabi_f2iz</name>
         <value>0x2f01</value>
         <object_component_ref idref="oc-e9"/>
      </symbol>
      <symbol id="sm-25a">
         <name>__fixsfsi</name>
         <value>0x2f01</value>
         <object_component_ref idref="oc-e9"/>
      </symbol>
      <symbol id="sm-260">
         <name>__aeabi_i2d</name>
         <value>0x2fa1</value>
         <object_component_ref idref="oc-f5"/>
      </symbol>
      <symbol id="sm-261">
         <name>__floatsidf</name>
         <value>0x2fa1</value>
         <object_component_ref idref="oc-f5"/>
      </symbol>
      <symbol id="sm-267">
         <name>__aeabi_ui2d</name>
         <value>0x3041</value>
         <object_component_ref idref="oc-ed"/>
      </symbol>
      <symbol id="sm-268">
         <name>__floatunsidf</name>
         <value>0x3041</value>
         <object_component_ref idref="oc-ed"/>
      </symbol>
      <symbol id="sm-26e">
         <name>__aeabi_ui2f</name>
         <value>0x2fcd</value>
         <object_component_ref idref="oc-b0"/>
      </symbol>
      <symbol id="sm-26f">
         <name>__floatunsisf</name>
         <value>0x2fcd</value>
         <object_component_ref idref="oc-b0"/>
      </symbol>
      <symbol id="sm-275">
         <name>__aeabi_lmul</name>
         <value>0x3065</value>
         <object_component_ref idref="oc-189"/>
      </symbol>
      <symbol id="sm-276">
         <name>__muldi3</name>
         <value>0x3065</value>
         <object_component_ref idref="oc-189"/>
      </symbol>
      <symbol id="sm-27d">
         <name>__aeabi_d2f</name>
         <value>0x2761</value>
         <object_component_ref idref="oc-f9"/>
      </symbol>
      <symbol id="sm-27e">
         <name>__truncdfsf2</name>
         <value>0x2761</value>
         <object_component_ref idref="oc-f9"/>
      </symbol>
      <symbol id="sm-284">
         <name>__aeabi_dcmpeq</name>
         <value>0x28a5</value>
         <object_component_ref idref="oc-193"/>
      </symbol>
      <symbol id="sm-285">
         <name>__aeabi_dcmplt</name>
         <value>0x28b9</value>
         <object_component_ref idref="oc-193"/>
      </symbol>
      <symbol id="sm-286">
         <name>__aeabi_dcmple</name>
         <value>0x28cd</value>
         <object_component_ref idref="oc-193"/>
      </symbol>
      <symbol id="sm-287">
         <name>__aeabi_dcmpge</name>
         <value>0x28e1</value>
         <object_component_ref idref="oc-193"/>
      </symbol>
      <symbol id="sm-288">
         <name>__aeabi_dcmpgt</name>
         <value>0x28f5</value>
         <object_component_ref idref="oc-193"/>
      </symbol>
      <symbol id="sm-28e">
         <name>__aeabi_fcmpeq</name>
         <value>0x2909</value>
         <object_component_ref idref="oc-93"/>
      </symbol>
      <symbol id="sm-28f">
         <name>__aeabi_fcmplt</name>
         <value>0x291d</value>
         <object_component_ref idref="oc-93"/>
      </symbol>
      <symbol id="sm-290">
         <name>__aeabi_fcmple</name>
         <value>0x2931</value>
         <object_component_ref idref="oc-93"/>
      </symbol>
      <symbol id="sm-291">
         <name>__aeabi_fcmpge</name>
         <value>0x2945</value>
         <object_component_ref idref="oc-93"/>
      </symbol>
      <symbol id="sm-292">
         <name>__aeabi_fcmpgt</name>
         <value>0x2959</value>
         <object_component_ref idref="oc-93"/>
      </symbol>
      <symbol id="sm-298">
         <name>__aeabi_idiv</name>
         <value>0x2b39</value>
         <object_component_ref idref="oc-1de"/>
      </symbol>
      <symbol id="sm-299">
         <name>__aeabi_idivmod</name>
         <value>0x2b39</value>
         <object_component_ref idref="oc-1de"/>
      </symbol>
      <symbol id="sm-29f">
         <name>__aeabi_memcpy</name>
         <value>0x31d9</value>
         <object_component_ref idref="oc-46"/>
      </symbol>
      <symbol id="sm-2a0">
         <name>__aeabi_memcpy4</name>
         <value>0x31d9</value>
         <object_component_ref idref="oc-46"/>
      </symbol>
      <symbol id="sm-2a1">
         <name>__aeabi_memcpy8</name>
         <value>0x31d9</value>
         <object_component_ref idref="oc-46"/>
      </symbol>
      <symbol id="sm-2aa">
         <name>__aeabi_memset</name>
         <value>0x3171</value>
         <object_component_ref idref="oc-170"/>
      </symbol>
      <symbol id="sm-2ab">
         <name>__aeabi_memset4</name>
         <value>0x3171</value>
         <object_component_ref idref="oc-170"/>
      </symbol>
      <symbol id="sm-2ac">
         <name>__aeabi_memset8</name>
         <value>0x3171</value>
         <object_component_ref idref="oc-170"/>
      </symbol>
      <symbol id="sm-2ad">
         <name>__aeabi_memclr</name>
         <value>0x318d</value>
         <object_component_ref idref="oc-6a"/>
      </symbol>
      <symbol id="sm-2ae">
         <name>__aeabi_memclr4</name>
         <value>0x318d</value>
         <object_component_ref idref="oc-6a"/>
      </symbol>
      <symbol id="sm-2af">
         <name>__aeabi_memclr8</name>
         <value>0x318d</value>
         <object_component_ref idref="oc-6a"/>
      </symbol>
      <symbol id="sm-2b5">
         <name>__aeabi_uidiv</name>
         <value>0x2d51</value>
         <object_component_ref idref="oc-176"/>
      </symbol>
      <symbol id="sm-2b6">
         <name>__aeabi_uidivmod</name>
         <value>0x2d51</value>
         <object_component_ref idref="oc-176"/>
      </symbol>
      <symbol id="sm-2bc">
         <name>__aeabi_uldivmod</name>
         <value>0x3105</value>
         <object_component_ref idref="oc-18e"/>
      </symbol>
      <symbol id="sm-2c5">
         <name>__eqsf2</name>
         <value>0x2e89</value>
         <object_component_ref idref="oc-fd"/>
      </symbol>
      <symbol id="sm-2c6">
         <name>__lesf2</name>
         <value>0x2e89</value>
         <object_component_ref idref="oc-fd"/>
      </symbol>
      <symbol id="sm-2c7">
         <name>__ltsf2</name>
         <value>0x2e89</value>
         <object_component_ref idref="oc-fd"/>
      </symbol>
      <symbol id="sm-2c8">
         <name>__nesf2</name>
         <value>0x2e89</value>
         <object_component_ref idref="oc-fd"/>
      </symbol>
      <symbol id="sm-2c9">
         <name>__cmpsf2</name>
         <value>0x2e89</value>
         <object_component_ref idref="oc-fd"/>
      </symbol>
      <symbol id="sm-2ca">
         <name>__gtsf2</name>
         <value>0x2e11</value>
         <object_component_ref idref="oc-102"/>
      </symbol>
      <symbol id="sm-2cb">
         <name>__gesf2</name>
         <value>0x2e11</value>
         <object_component_ref idref="oc-102"/>
      </symbol>
      <symbol id="sm-2d1">
         <name>__udivmoddi4</name>
         <value>0x2179</value>
         <object_component_ref idref="oc-1af"/>
      </symbol>
      <symbol id="sm-2d7">
         <name>__aeabi_llsl</name>
         <value>0x30cd</value>
         <object_component_ref idref="oc-1d3"/>
      </symbol>
      <symbol id="sm-2d8">
         <name>__ashldi3</name>
         <value>0x30cd</value>
         <object_component_ref idref="oc-1d3"/>
      </symbol>
      <symbol id="sm-2e6">
         <name>__ledf2</name>
         <value>0x27d5</value>
         <object_component_ref idref="oc-1c5"/>
      </symbol>
      <symbol id="sm-2e7">
         <name>__gedf2</name>
         <value>0x26e9</value>
         <object_component_ref idref="oc-1cb"/>
      </symbol>
      <symbol id="sm-2e8">
         <name>__cmpdf2</name>
         <value>0x27d5</value>
         <object_component_ref idref="oc-1c5"/>
      </symbol>
      <symbol id="sm-2e9">
         <name>__eqdf2</name>
         <value>0x27d5</value>
         <object_component_ref idref="oc-1c5"/>
      </symbol>
      <symbol id="sm-2ea">
         <name>__ltdf2</name>
         <value>0x27d5</value>
         <object_component_ref idref="oc-1c5"/>
      </symbol>
      <symbol id="sm-2eb">
         <name>__nedf2</name>
         <value>0x27d5</value>
         <object_component_ref idref="oc-1c5"/>
      </symbol>
      <symbol id="sm-2ec">
         <name>__gtdf2</name>
         <value>0x26e9</value>
         <object_component_ref idref="oc-1cb"/>
      </symbol>
      <symbol id="sm-2f8">
         <name>__aeabi_idiv0</name>
         <value>0x221b</value>
         <object_component_ref idref="oc-19d"/>
      </symbol>
      <symbol id="sm-2f9">
         <name>__aeabi_ldiv0</name>
         <value>0x2357</value>
         <object_component_ref idref="oc-1d2"/>
      </symbol>
      <symbol id="sm-313">
         <name>memcpy</name>
         <value>0x22bd</value>
         <object_component_ref idref="oc-83"/>
      </symbol>
      <symbol id="sm-322">
         <name>memset</name>
         <value>0x296b</value>
         <object_component_ref idref="oc-dd"/>
      </symbol>
      <symbol id="sm-323">
         <name>__TI_static_base__</name>
         <value>0x0</value>
      </symbol>
      <symbol id="sm-327">
         <name>__mpu_init</name>
         <value>0x0</value>
      </symbol>
      <symbol id="sm-328">
         <name>_system_post_cinit</name>
         <value>0x0</value>
      </symbol>
   </symbol_table>
   <title>Link successful</title>
</link_info>
