******************************************************************************
            TI ARM Clang Linker PC v4.0.2                      
******************************************************************************
>> Linked Sun Apr 27 21:26:50 2025

OUTPUT FILE NAME:   <empty_LP_MSPM0G3507_nortos_ticlang.out>
ENTRY POINT SYMBOL: "_c_int00_noargs"  address: 00002ff5


MEMORY CONFIGURATION

         name            origin    length      used     unused   attr    fill
----------------------  --------  ---------  --------  --------  ----  --------
  FLASH                 00000000   00020000  00003408  0001cbf8  R  X
  SRAM                  20200000   00008000  00000c02  000073fe  RW X
  BCR_CONFIG            41c00000   000000ff  00000000  000000ff  R   
  BSL_CONFIG            41c00100   00000080  00000000  00000080  R   


SEGMENT ALLOCATION MAP

run origin  load origin   length   init length attrs members
----------  ----------- ---------- ----------- ----- -------
00000000    00000000    00003408   00003408    r-x
  00000000    00000000    000000c0   000000c0    r-- .intvecs
  000000c0    000000c0    00003130   00003130    r-x .text
  000031f0    000031f0    000001e0   000001e0    r-- .rodata
  000033d0    000033d0    00000038   00000038    r-- .cinit
20200000    20200000    00000a02   00000000    rw-
  20200000    20200000    000009d8   00000000    rw- .bss
  202009d8    202009d8    0000002a   00000000    rw- .data
20207e00    20207e00    00000200   00000000    rw-
  20207e00    20207e00    00000200   00000000    rw- .stack


SECTION ALLOCATION MAP

 output                                  attributes/
section   page    origin      length       input sections
--------  ----  ----------  ----------   ----------------
.intvecs   0    00000000    000000c0     
                  00000000    000000c0     startup_mspm0g350x_ticlang.o (.intvecs)

.text      0    000000c0    00003130     
                  000000c0    000009d0     libc.a : _printfi.c.obj (.text:__TI_printfi)
                  00000a90    0000064c     empty.o (.text.main)
                  000010dc    00000220     libc.a : _printfi.c.obj (.text._pconv_a)
                  000012fc    000001dc            : _printfi.c.obj (.text._pconv_g)
                  000014d8    00000194     empty.o (.text.GROUP1_IRQHandler)
                  0000166c    00000192     libclang_rt.builtins.a : adddf3.S.obj (.text.adddf3_subdf3)
                  000017fe    00000002     startup_mspm0g350x_ticlang.o (.text.Default_Handler)
                  00001800    0000013c     libc.a : _printfi.c.obj (.text.fcvt)
                  0000193c    0000012c     empty.o (.text.sendNum)
                  00001a68    00000120     libc.a : _printfi.c.obj (.text._pconv_e)
                  00001b88    0000010c     libclang_rt.builtins.a : divdf3.S.obj (.text.__divdf3)
                  00001c94    000000e4                            : muldf3.S.obj (.text.__muldf3)
                  00001d78    000000dc     driverlib.a : dl_sysctl_mspm0g1x0x_g3x0x.o (.text.DL_SYSCTL_configSYSPLL)
                  00001e54    000000d8     libc.a : s_scalbn.c.obj (.text.scalbn)
                  00001f2c    000000d8     libclang_rt.builtins.a : addsf3.S.obj (.text)
                  00002004    000000c4     empty.o (.text.findFloat)
                  000020c8    000000b0     empty.o (.text.ADC0_IRQHandler)
                  00002178    000000a2     libclang_rt.builtins.a : udivmoddi4.S.obj (.text)
                  0000221a    00000002                            : aeabi_div0.c.obj (.text.__aeabi_idiv0)
                  0000221c    000000a0     ti_msp_dl_config.o (.text.SYSCFG_DL_UART_0_init)
                  000022bc    0000009a     libc.a : memcpy16.S.obj (.text:memcpy)
                  00002356    00000002     libclang_rt.builtins.a : aeabi_div0.c.obj (.text.__aeabi_ldiv0)
                  00002358    00000094     ti_msp_dl_config.o (.text.SYSCFG_DL_SYSCTL_init)
                  000023ec    0000008c     libclang_rt.builtins.a : mulsf3.S.obj (.text.__mulsf3)
                  00002478    00000088     driverlib.a : dl_dac12.o (.text.DL_DAC12_init)
                  00002500    00000082     libclang_rt.builtins.a : divsf3.S.obj (.text.__divsf3)
                  00002582    00000002     --HOLE-- [fill = 0]
                  00002584    0000007c     libc.a : copy_decompress_lzss.c.obj (.text:decompress:lzss)
                  00002600    00000074     ti_msp_dl_config.o (.text.SYSCFG_DL_ADC12_0_init)
                  00002674    00000074     ti_msp_dl_config.o (.text.SYSCFG_DL_GPIO_init)
                  000026e8    00000074     libclang_rt.builtins.a : comparedf2.c.obj (.text.__gedf2)
                  0000275c    00000004     libsysbm.a : hostexit.c.obj (.text.HOSTexit)
                  00002760    00000074     libclang_rt.builtins.a : truncdfsf2.S.obj (.text.__truncdfsf2)
                  000027d4    00000068                            : comparedf2.c.obj (.text.__ledf2)
                  0000283c    00000066     libc.a : _printfi.c.obj (.text._mcpy)
                  000028a2    00000002     --HOLE-- [fill = 0]
                  000028a4    00000062     libclang_rt.builtins.a : aeabi_dcmp.S.obj (.text.__aeabi_dcmp)
                  00002906    00000002     --HOLE-- [fill = 0]
                  00002908    00000062                            : aeabi_fcmp.S.obj (.text.__aeabi_fcmp)
                  0000296a    00000062     libc.a : memset16.S.obj (.text:memset)
                  000029cc    00000060     ti_msp_dl_config.o (.text.SYSCFG_DL_UART_1_init)
                  00002a2c    0000005c     libc.a : s_frexp.c.obj (.text.frexp)
                  00002a88    00000058            : _ltoa.c.obj (.text.__TI_ltoa)
                  00002ae0    00000058            : _printfi.c.obj (.text._pconv_f)
                  00002b38    00000056     libclang_rt.builtins.a : aeabi_idivmod.S.obj (.text.__aeabi_idivmod)
                  00002b8e    00000002     --HOLE-- [fill = 0]
                  00002b90    00000054     ti_msp_dl_config.o (.text.SYSCFG_DL_initPower)
                  00002be4    00000052     libc.a : _printfi.c.obj (.text._ecpy)
                  00002c36    00000002     --HOLE-- [fill = 0]
                  00002c38    0000004a     libclang_rt.builtins.a : fixdfsi.S.obj (.text.__fixdfsi)
                  00002c82    00000002     --HOLE-- [fill = 0]
                  00002c84    00000048     driverlib.a : dl_uart.o (.text.DL_UART_init)
                  00002ccc    00000044                 : dl_sysctl_mspm0g1x0x_g3x0x.o (.text.DL_SYSCTL_switchMCLKfromSYSOSCtoHSCLK)
                  00002d10    00000040                 : dl_adc12.o (.text.DL_ADC12_setClockConfig)
                  00002d50    00000040     libclang_rt.builtins.a : aeabi_uidivmod.S.obj (.text.__aeabi_uidivmod)
                  00002d90    00000040                            : extendsfdf2.S.obj (.text.__extendsfdf2)
                  00002dd0    00000040     libc.a : atoi.c.obj (.text.atoi)
                  00002e10    0000003c     libclang_rt.builtins.a : comparesf2.S.obj (.text.__gtsf2)
                  00002e4c    0000003c     libc.a : autoinit.c.obj (.text:__TI_auto_init_nobinit_nopinit)
                  00002e88    0000003a     libclang_rt.builtins.a : comparesf2.S.obj (.text.__eqsf2)
                  00002ec2    00000002     --HOLE-- [fill = 0]
                  00002ec4    0000003a                            : muldsi3.S.obj (.text.__muldsi3)
                  00002efe    00000002     --HOLE-- [fill = 0]
                  00002f00    00000038                            : fixsfsi.S.obj (.text.__fixsfsi)
                  00002f38    00000038     libc.a : sprintf.c.obj (.text.sprintf)
                  00002f70    00000030            : _printfi.c.obj (.text._fcpy)
                  00002fa0    0000002c     libclang_rt.builtins.a : floatsidf.S.obj (.text.__floatsidf)
                  00002fcc    00000028                            : floatunsisf.S.obj (.text.__floatunsisf)
                  00002ff4    00000028     libc.a : boot_cortex_m.c.obj (.text:_c_int00_noargs)
                  0000301c    00000024     ti_msp_dl_config.o (.text.SYSCFG_DL_DAC12_init)
                  00003040    00000024     libclang_rt.builtins.a : floatunsidf.S.obj (.text.__floatunsidf)
                  00003064    00000024                            : muldi3.S.obj (.text.__muldi3)
                  00003088    00000022     libc.a : memccpy.c.obj (.text.memccpy)
                  000030aa    00000020     ti_msp_dl_config.o (.text.SYSCFG_DL_init)
                  000030ca    00000002     --HOLE-- [fill = 0]
                  000030cc    0000001e     libclang_rt.builtins.a : ashldi3.S.obj (.text.__ashldi3)
                  000030ea    00000018     libc.a : sprintf.c.obj (.text._outs)
                  00003102    00000002     --HOLE-- [fill = 0]
                  00003104    00000014     libclang_rt.builtins.a : aeabi_uldivmod.S.obj (.text.__aeabi_uldivmod)
                  00003118    00000014     libc.a : _printfi.c.obj (.text.strchr)
                  0000312c    00000012     driverlib.a : dl_uart.o (.text.DL_UART_setClockConfig)
                  0000313e    00000012     libc.a : copy_decompress_none.c.obj (.text:decompress:none)
                  00003150    00000010            : wcslen.c.obj (.text.wcslen)
                  00003160    00000010            : copy_zero_init.c.obj (.text:decompress:ZI)
                  00003170    0000000e     libclang_rt.builtins.a : aeabi_memset.S.obj (.text.__aeabi_memset)
                  0000317e    0000000e     libc.a : _printfi.c.obj (.text.strlen)
                  0000318c    0000000c     libclang_rt.builtins.a : aeabi_memset.S.obj (.text.__aeabi_memclr)
                  00003198    0000000a     driverlib.a : dl_common.o (.text.DL_Common_delayCycles)
                  000031a2    0000000a     libc.a : _printfi.c.obj (.text.OUTLINED_FUNCTION_0)
                  000031ac    00000010     libclang_rt.builtins.a : adddf3.S.obj (.tramp.__aeabi_dsub.1)
                  000031bc    0000000a     libc.a : _printfi.c.obj (.text.OUTLINED_FUNCTION_1)
                  000031c6    0000000a            : sprintf.c.obj (.text._outc)
                  000031d0    00000008            : aeabi_portable.c.obj (.text.__aeabi_errno_addr)
                  000031d8    00000008     libclang_rt.builtins.a : aeabi_memcpy.S.obj (.text.__aeabi_memcpy)
                  000031e0    00000006     libc.a : exit.c.obj (.text:abort)
                  000031e6    00000004     startup_mspm0g350x_ticlang.o (.text.Reset_Handler)
                  000031ea    00000004     libc.a : pre_init.c.obj (.text._system_pre_init)
                  000031ee    00000002     --HOLE-- [fill = 0]

.cinit     0    000033d0    00000038     
                  000033d0    0000000e     (.cinit..data.load) [load image, compression = lzss]
                  000033de    00000002     --HOLE-- [fill = 0]
                  000033e0    0000000c     (__TI_handler_table)
                  000033ec    00000008     (.cinit..bss.load) [load image, compression = zero_init]
                  000033f4    00000010     (__TI_cinit_table)
                  00003404    00000004     --HOLE-- [fill = 0]

.rodata    0    000031f0    000001e0     
                  000031f0    00000101     libc.a : aeabi_ctype.S.obj (.rodata:__aeabi_ctype_table_)
                  000032f1    00000002     ti_msp_dl_config.o (.rodata.gUART_0ClockConfig)
                  000032f3    00000001     --HOLE-- [fill = 0]
                  000032f4    00000028     ti_msp_dl_config.o (.rodata.gSYSPLLConfig)
                  0000331c    00000020     ti_msp_dl_config.o (.rodata.gDAC12Config)
                  0000333c    00000014     empty.o (.rodata.str1.15706828512682300538.1)
                  00003350    00000012     empty.o (.rodata.str1.2196762768037919588.1)
                  00003362    00000011     libc.a : _printfi.c.obj (.rodata.str1.10348868589481759720.1)
                  00003373    00000011            : _printfi.c.obj (.rodata.str1.15363888844622738466.1)
                  00003384    00000010     empty.o (.rodata.str1.150872071346279890.1)
                  00003394    0000000f     empty.o (.rodata.str1.9517790425240694019.1)
                  000033a3    00000001     --HOLE-- [fill = 0]
                  000033a4    0000000a     ti_msp_dl_config.o (.rodata.gUART_0Config)
                  000033ae    0000000a     ti_msp_dl_config.o (.rodata.gUART_1Config)
                  000033b8    00000008     ti_msp_dl_config.o (.rodata.gADC12_0ClockConfig)
                  000033c0    00000005     empty.o (.rodata.str1.17669528882079347314.1)
                  000033c5    00000002     ti_msp_dl_config.o (.rodata.gUART_1ClockConfig)
                  000033c7    00000009     --HOLE-- [fill = 0]

.init_array 
*          0    00000000    00000000     UNINITIALIZED

.binit     0    00000000    00000000     

.bss       0    20200000    000009d8     UNINITIALIZED
                  20200000    000009d8     (.common:SamplePoints)

.data      0    202009d8    0000002a     UNINITIALIZED
                  202009d8    0000001e     empty.o (.data.LCD_Data)
                  202009f6    00000001     empty.o (.data.LCD_Byte)
                  202009f7    00000001     empty.o (.data.decode_done)
                  202009f8    00000004     empty.o (.data.LCD_Data_p)
                  202009fc    00000004     libc.a : aeabi_portable.c.obj (.data.__aeabi_errno)
                  20200a00    00000001     empty.o (.data.gCheckADC)
                  20200a01    00000001     empty.o (.data.stage)

.stack     0    20207e00    00000200     UNINITIALIZED
                  20207e00    00000004     libc.a : boot_cortex_m.c.obj (.stack)
                  20207e04    000001fc     --HOLE--

__llvm_prf_cnts 
*          0    20200000    00000000     UNINITIALIZED

__llvm_prf_bits 
*          0    20200000    00000000     UNINITIALIZED

MODULE SUMMARY

       Module                         code    ro data   rw data
       ------                         ----    -------   -------
    .\
       empty.o                        2688    74        2558   
       ti_msp_dl_config.o             788     104       0      
       startup_mspm0g350x_ticlang.o   6       192       0      
    +--+------------------------------+-------+---------+---------+
       Total:                         3482    370       2558   
                                                               
    D:/ti/mspm0_sdk_2_04_00_06/source/ti/driverlib/lib/ticlang/m0p/mspm0g1x0x_g3x0x/driverlib.a
       dl_sysctl_mspm0g1x0x_g3x0x.o   288     0         0      
       dl_dac12.o                     136     0         0      
       dl_uart.o                      90      0         0      
       dl_adc12.o                     64      0         0      
       dl_common.o                    10      0         0      
    +--+------------------------------+-------+---------+---------+
       Total:                         588     0         0      
                                                               
    D:\ccs2011\ccs\tools\compiler\ti-cgt-armllvm_4.0.2.LTS\lib\armv6m-ti-none-eabi/c/libc.a
       _printfi.c.obj                 4510    34        0      
       aeabi_ctype.S.obj              0       257       0      
       s_scalbn.c.obj                 216     0         0      
       memcpy16.S.obj                 154     0         0      
       copy_decompress_lzss.c.obj     124     0         0      
       memset16.S.obj                 98      0         0      
       s_frexp.c.obj                  92      0         0      
       sprintf.c.obj                  90      0         0      
       _ltoa.c.obj                    88      0         0      
       atoi.c.obj                     64      0         0      
       autoinit.c.obj                 60      0         0      
       boot_cortex_m.c.obj            40      0         0      
       memccpy.c.obj                  34      0         0      
       copy_decompress_none.c.obj     18      0         0      
       copy_zero_init.c.obj           16      0         0      
       wcslen.c.obj                   16      0         0      
       aeabi_portable.c.obj           8       0         4      
       exit.c.obj                     6       0         0      
       pre_init.c.obj                 4       0         0      
    +--+------------------------------+-------+---------+---------+
       Total:                         5638    291       4      
                                                               
    D:\ccs2011\ccs\tools\compiler\ti-cgt-armllvm_4.0.2.LTS\lib\armv6m-ti-none-eabi/c/libsysbm.a
       hostexit.c.obj                 4       0         0      
    +--+------------------------------+-------+---------+---------+
       Total:                         4       0         0      
                                                               
    D:\ccs2011\ccs\tools\compiler\ti-cgt-armllvm_4.0.2.LTS\lib\armv6m-ti-none-eabi/libclang_rt.builtins.a
       adddf3.S.obj                   418     0         0      
       divdf3.S.obj                   268     0         0      
       muldf3.S.obj                   228     0         0      
       comparedf2.c.obj               220     0         0      
       addsf3.S.obj                   216     0         0      
       udivmoddi4.S.obj               162     0         0      
       mulsf3.S.obj                   140     0         0      
       divsf3.S.obj                   130     0         0      
       comparesf2.S.obj               118     0         0      
       truncdfsf2.S.obj               116     0         0      
       aeabi_dcmp.S.obj               98      0         0      
       aeabi_fcmp.S.obj               98      0         0      
       aeabi_idivmod.S.obj            86      0         0      
       fixdfsi.S.obj                  74      0         0      
       aeabi_uidivmod.S.obj           64      0         0      
       extendsfdf2.S.obj              64      0         0      
       muldsi3.S.obj                  58      0         0      
       fixsfsi.S.obj                  56      0         0      
       floatsidf.S.obj                44      0         0      
       floatunsisf.S.obj              40      0         0      
       floatunsidf.S.obj              36      0         0      
       muldi3.S.obj                   36      0         0      
       ashldi3.S.obj                  30      0         0      
       aeabi_memset.S.obj             26      0         0      
       aeabi_uldivmod.S.obj           20      0         0      
       aeabi_memcpy.S.obj             8       0         0      
       aeabi_div0.c.obj               4       0         0      
    +--+------------------------------+-------+---------+---------+
       Total:                         2858    0         0      
                                                               
       Stack:                         0       0         512    
       Linker Generated:              0       50        0      
    +--+------------------------------+-------+---------+---------+
       Grand Total:                   12570   711       3074   


LINKER GENERATED COPY TABLES

__TI_cinit_table @ 000033f4 records: 2, size/record: 8, table size: 16
	.data: load addr=000033d0, load size=0000000e bytes, run addr=202009d8, run size=0000002a bytes, compression=lzss
	.bss: load addr=000033ec, load size=00000008 bytes, run addr=20200000, run size=000009d8 bytes, compression=zero_init


LINKER GENERATED HANDLER TABLE

__TI_handler_table @ 000033e0 records: 3, size/record: 4, table size: 12
	index: 0, handler: __TI_decompress_lzss
	index: 1, handler: __TI_decompress_none
	index: 2, handler: __TI_zero_init


FAR CALL TRAMPOLINES

callee name               trampoline name
   callee addr  tramp addr   call addr  call info
--------------  -----------  ---------  ----------------
__aeabi_dsub              $Tramp$TT$L$PI$$__aeabi_dsub
   0000166d     000031ac     000031aa   libc.a : _printfi.c.obj (.text.OUTLINED_FUNCTION_0)

[1 trampolines]
[1 trampoline calls]


GLOBAL SYMBOLS: SORTED ALPHABETICALLY BY Name 

address   name                                 
-------   ----                                 
000020c9  ADC0_IRQHandler                      
000017ff  ADC1_IRQHandler                      
000017ff  AES_IRQHandler                       
0000275c  C$$EXIT                              
000017ff  CANFD0_IRQHandler                    
000017ff  DAC0_IRQHandler                      
00002d11  DL_ADC12_setClockConfig              
00003199  DL_Common_delayCycles                
00002479  DL_DAC12_init                        
00001d79  DL_SYSCTL_configSYSPLL               
00002ccd  DL_SYSCTL_switchMCLKfromSYSOSCtoHSCLK
00002c85  DL_UART_init                         
0000312d  DL_UART_setClockConfig               
000017ff  DMA_IRQHandler                       
000017ff  Default_Handler                      
000017ff  GROUP0_IRQHandler                    
000014d9  GROUP1_IRQHandler                    
0000275d  HOSTexit                             
000017ff  HardFault_Handler                    
000017ff  I2C0_IRQHandler                      
000017ff  I2C1_IRQHandler                      
202009f6  LCD_Byte                             
202009d8  LCD_Data                             
202009f8  LCD_Data_p                           
000017ff  NMI_Handler                          
000017ff  PendSV_Handler                       
000017ff  RTC_IRQHandler                       
000031e7  Reset_Handler                        
000017ff  SPI0_IRQHandler                      
000017ff  SPI1_IRQHandler                      
000017ff  SVC_Handler                          
00002601  SYSCFG_DL_ADC12_0_init               
0000301d  SYSCFG_DL_DAC12_init                 
00002675  SYSCFG_DL_GPIO_init                  
00002359  SYSCFG_DL_SYSCTL_init                
0000221d  SYSCFG_DL_UART_0_init                
000029cd  SYSCFG_DL_UART_1_init                
000030ab  SYSCFG_DL_init                       
00002b91  SYSCFG_DL_initPower                  
20200000  SamplePoints                         
000017ff  SysTick_Handler                      
000017ff  TIMA0_IRQHandler                     
000017ff  TIMA1_IRQHandler                     
000017ff  TIMG0_IRQHandler                     
000017ff  TIMG12_IRQHandler                    
000017ff  TIMG6_IRQHandler                     
000017ff  TIMG7_IRQHandler                     
000017ff  TIMG8_IRQHandler                     
000017ff  UART0_IRQHandler                     
000017ff  UART1_IRQHandler                     
000017ff  UART2_IRQHandler                     
000017ff  UART3_IRQHandler                     
20208000  __STACK_END                          
00000200  __STACK_SIZE                         
00000000  __TI_ATRegion0_region_sz             
00000000  __TI_ATRegion0_src_addr              
00000000  __TI_ATRegion0_trg_addr              
00000000  __TI_ATRegion1_region_sz             
00000000  __TI_ATRegion1_src_addr              
00000000  __TI_ATRegion1_trg_addr              
00000000  __TI_ATRegion2_region_sz             
00000000  __TI_ATRegion2_src_addr              
00000000  __TI_ATRegion2_trg_addr              
000033f4  __TI_CINIT_Base                      
00003404  __TI_CINIT_Limit                     
00003404  __TI_CINIT_Warm                      
000033e0  __TI_Handler_Table_Base              
000033ec  __TI_Handler_Table_Limit             
00002e4d  __TI_auto_init_nobinit_nopinit       
00002585  __TI_decompress_lzss                 
0000313f  __TI_decompress_none                 
00002a89  __TI_ltoa                            
ffffffff  __TI_pprof_out_hndl                  
000000c1  __TI_printfi                         
ffffffff  __TI_prof_data_size                  
ffffffff  __TI_prof_data_start                 
00000000  __TI_static_base__                   
00003161  __TI_zero_init                       
00001677  __adddf3                             
00001f37  __addsf3                             
000031f0  __aeabi_ctype_table_                 
000031f0  __aeabi_ctype_table_C                
00002761  __aeabi_d2f                          
00002c39  __aeabi_d2iz                         
00001677  __aeabi_dadd                         
000028a5  __aeabi_dcmpeq                       
000028e1  __aeabi_dcmpge                       
000028f5  __aeabi_dcmpgt                       
000028cd  __aeabi_dcmple                       
000028b9  __aeabi_dcmplt                       
00001b89  __aeabi_ddiv                         
00001c95  __aeabi_dmul                         
0000166d  __aeabi_dsub                         
202009fc  __aeabi_errno                        
000031d1  __aeabi_errno_addr                   
00002d91  __aeabi_f2d                          
00002f01  __aeabi_f2iz                         
00001f37  __aeabi_fadd                         
00002909  __aeabi_fcmpeq                       
00002945  __aeabi_fcmpge                       
00002959  __aeabi_fcmpgt                       
00002931  __aeabi_fcmple                       
0000291d  __aeabi_fcmplt                       
00002501  __aeabi_fdiv                         
000023ed  __aeabi_fmul                         
00001f2d  __aeabi_fsub                         
00002fa1  __aeabi_i2d                          
00002b39  __aeabi_idiv                         
0000221b  __aeabi_idiv0                        
00002b39  __aeabi_idivmod                      
00002357  __aeabi_ldiv0                        
000030cd  __aeabi_llsl                         
00003065  __aeabi_lmul                         
0000318d  __aeabi_memclr                       
0000318d  __aeabi_memclr4                      
0000318d  __aeabi_memclr8                      
000031d9  __aeabi_memcpy                       
000031d9  __aeabi_memcpy4                      
000031d9  __aeabi_memcpy8                      
00003171  __aeabi_memset                       
00003171  __aeabi_memset4                      
00003171  __aeabi_memset8                      
00003041  __aeabi_ui2d                         
00002fcd  __aeabi_ui2f                         
00002d51  __aeabi_uidiv                        
00002d51  __aeabi_uidivmod                     
00003105  __aeabi_uldivmod                     
000030cd  __ashldi3                            
ffffffff  __binit__                            
000027d5  __cmpdf2                             
00002e89  __cmpsf2                             
00001b89  __divdf3                             
00002501  __divsf3                             
000027d5  __eqdf2                              
00002e89  __eqsf2                              
00002d91  __extendsfdf2                        
00002c39  __fixdfsi                            
00002f01  __fixsfsi                            
00002fa1  __floatsidf                          
00003041  __floatunsidf                        
00002fcd  __floatunsisf                        
000026e9  __gedf2                              
00002e11  __gesf2                              
000026e9  __gtdf2                              
00002e11  __gtsf2                              
000027d5  __ledf2                              
00002e89  __lesf2                              
000027d5  __ltdf2                              
00002e89  __ltsf2                              
UNDEFED   __mpu_init                           
00001c95  __muldf3                             
00003065  __muldi3                             
00002ec5  __muldsi3                            
000023ed  __mulsf3                             
000027d5  __nedf2                              
00002e89  __nesf2                              
20207e00  __stack                              
20200000  __start___llvm_prf_bits              
20200000  __start___llvm_prf_cnts              
20200000  __stop___llvm_prf_bits               
20200000  __stop___llvm_prf_cnts               
0000166d  __subdf3                             
00001f2d  __subsf3                             
00002761  __truncdfsf2                         
00002179  __udivmoddi4                         
00002ff5  _c_int00_noargs                      
UNDEFED   _system_post_cinit                   
000031eb  _system_pre_init                     
000031e1  abort                                
00002dd1  atoi                                 
ffffffff  binit                                
202009f7  decode_done                          
00002005  findFloat                            
00002a2d  frexp                                
00002a2d  frexpl                               
20200a00  gCheckADC                            
00000000  interruptVectors                     
00001e55  ldexp                                
00001e55  ldexpl                               
00000a91  main                                 
00003089  memccpy                              
000022bd  memcpy                               
0000296b  memset                               
00001e55  scalbn                               
00001e55  scalbnl                              
0000193d  sendNum                              
00002f39  sprintf                              
20200a01  stage                                
00003151  wcslen                               


GLOBAL SYMBOLS: SORTED BY Symbol Address 

address   name                                 
-------   ----                                 
00000000  __TI_ATRegion0_region_sz             
00000000  __TI_ATRegion0_src_addr              
00000000  __TI_ATRegion0_trg_addr              
00000000  __TI_ATRegion1_region_sz             
00000000  __TI_ATRegion1_src_addr              
00000000  __TI_ATRegion1_trg_addr              
00000000  __TI_ATRegion2_region_sz             
00000000  __TI_ATRegion2_src_addr              
00000000  __TI_ATRegion2_trg_addr              
00000000  __TI_static_base__                   
00000000  interruptVectors                     
000000c1  __TI_printfi                         
00000200  __STACK_SIZE                         
00000a91  main                                 
000014d9  GROUP1_IRQHandler                    
0000166d  __aeabi_dsub                         
0000166d  __subdf3                             
00001677  __adddf3                             
00001677  __aeabi_dadd                         
000017ff  ADC1_IRQHandler                      
000017ff  AES_IRQHandler                       
000017ff  CANFD0_IRQHandler                    
000017ff  DAC0_IRQHandler                      
000017ff  DMA_IRQHandler                       
000017ff  Default_Handler                      
000017ff  GROUP0_IRQHandler                    
000017ff  HardFault_Handler                    
000017ff  I2C0_IRQHandler                      
000017ff  I2C1_IRQHandler                      
000017ff  NMI_Handler                          
000017ff  PendSV_Handler                       
000017ff  RTC_IRQHandler                       
000017ff  SPI0_IRQHandler                      
000017ff  SPI1_IRQHandler                      
000017ff  SVC_Handler                          
000017ff  SysTick_Handler                      
000017ff  TIMA0_IRQHandler                     
000017ff  TIMA1_IRQHandler                     
000017ff  TIMG0_IRQHandler                     
000017ff  TIMG12_IRQHandler                    
000017ff  TIMG6_IRQHandler                     
000017ff  TIMG7_IRQHandler                     
000017ff  TIMG8_IRQHandler                     
000017ff  UART0_IRQHandler                     
000017ff  UART1_IRQHandler                     
000017ff  UART2_IRQHandler                     
000017ff  UART3_IRQHandler                     
0000193d  sendNum                              
00001b89  __aeabi_ddiv                         
00001b89  __divdf3                             
00001c95  __aeabi_dmul                         
00001c95  __muldf3                             
00001d79  DL_SYSCTL_configSYSPLL               
00001e55  ldexp                                
00001e55  ldexpl                               
00001e55  scalbn                               
00001e55  scalbnl                              
00001f2d  __aeabi_fsub                         
00001f2d  __subsf3                             
00001f37  __addsf3                             
00001f37  __aeabi_fadd                         
00002005  findFloat                            
000020c9  ADC0_IRQHandler                      
00002179  __udivmoddi4                         
0000221b  __aeabi_idiv0                        
0000221d  SYSCFG_DL_UART_0_init                
000022bd  memcpy                               
00002357  __aeabi_ldiv0                        
00002359  SYSCFG_DL_SYSCTL_init                
000023ed  __aeabi_fmul                         
000023ed  __mulsf3                             
00002479  DL_DAC12_init                        
00002501  __aeabi_fdiv                         
00002501  __divsf3                             
00002585  __TI_decompress_lzss                 
00002601  SYSCFG_DL_ADC12_0_init               
00002675  SYSCFG_DL_GPIO_init                  
000026e9  __gedf2                              
000026e9  __gtdf2                              
0000275c  C$$EXIT                              
0000275d  HOSTexit                             
00002761  __aeabi_d2f                          
00002761  __truncdfsf2                         
000027d5  __cmpdf2                             
000027d5  __eqdf2                              
000027d5  __ledf2                              
000027d5  __ltdf2                              
000027d5  __nedf2                              
000028a5  __aeabi_dcmpeq                       
000028b9  __aeabi_dcmplt                       
000028cd  __aeabi_dcmple                       
000028e1  __aeabi_dcmpge                       
000028f5  __aeabi_dcmpgt                       
00002909  __aeabi_fcmpeq                       
0000291d  __aeabi_fcmplt                       
00002931  __aeabi_fcmple                       
00002945  __aeabi_fcmpge                       
00002959  __aeabi_fcmpgt                       
0000296b  memset                               
000029cd  SYSCFG_DL_UART_1_init                
00002a2d  frexp                                
00002a2d  frexpl                               
00002a89  __TI_ltoa                            
00002b39  __aeabi_idiv                         
00002b39  __aeabi_idivmod                      
00002b91  SYSCFG_DL_initPower                  
00002c39  __aeabi_d2iz                         
00002c39  __fixdfsi                            
00002c85  DL_UART_init                         
00002ccd  DL_SYSCTL_switchMCLKfromSYSOSCtoHSCLK
00002d11  DL_ADC12_setClockConfig              
00002d51  __aeabi_uidiv                        
00002d51  __aeabi_uidivmod                     
00002d91  __aeabi_f2d                          
00002d91  __extendsfdf2                        
00002dd1  atoi                                 
00002e11  __gesf2                              
00002e11  __gtsf2                              
00002e4d  __TI_auto_init_nobinit_nopinit       
00002e89  __cmpsf2                             
00002e89  __eqsf2                              
00002e89  __lesf2                              
00002e89  __ltsf2                              
00002e89  __nesf2                              
00002ec5  __muldsi3                            
00002f01  __aeabi_f2iz                         
00002f01  __fixsfsi                            
00002f39  sprintf                              
00002fa1  __aeabi_i2d                          
00002fa1  __floatsidf                          
00002fcd  __aeabi_ui2f                         
00002fcd  __floatunsisf                        
00002ff5  _c_int00_noargs                      
0000301d  SYSCFG_DL_DAC12_init                 
00003041  __aeabi_ui2d                         
00003041  __floatunsidf                        
00003065  __aeabi_lmul                         
00003065  __muldi3                             
00003089  memccpy                              
000030ab  SYSCFG_DL_init                       
000030cd  __aeabi_llsl                         
000030cd  __ashldi3                            
00003105  __aeabi_uldivmod                     
0000312d  DL_UART_setClockConfig               
0000313f  __TI_decompress_none                 
00003151  wcslen                               
00003161  __TI_zero_init                       
00003171  __aeabi_memset                       
00003171  __aeabi_memset4                      
00003171  __aeabi_memset8                      
0000318d  __aeabi_memclr                       
0000318d  __aeabi_memclr4                      
0000318d  __aeabi_memclr8                      
00003199  DL_Common_delayCycles                
000031d1  __aeabi_errno_addr                   
000031d9  __aeabi_memcpy                       
000031d9  __aeabi_memcpy4                      
000031d9  __aeabi_memcpy8                      
000031e1  abort                                
000031e7  Reset_Handler                        
000031eb  _system_pre_init                     
000031f0  __aeabi_ctype_table_                 
000031f0  __aeabi_ctype_table_C                
000033e0  __TI_Handler_Table_Base              
000033ec  __TI_Handler_Table_Limit             
000033f4  __TI_CINIT_Base                      
00003404  __TI_CINIT_Limit                     
00003404  __TI_CINIT_Warm                      
20200000  SamplePoints                         
20200000  __start___llvm_prf_bits              
20200000  __start___llvm_prf_cnts              
20200000  __stop___llvm_prf_bits               
20200000  __stop___llvm_prf_cnts               
202009d8  LCD_Data                             
202009f6  LCD_Byte                             
202009f7  decode_done                          
202009f8  LCD_Data_p                           
202009fc  __aeabi_errno                        
20200a00  gCheckADC                            
20200a01  stage                                
20207e00  __stack                              
20208000  __STACK_END                          
ffffffff  __TI_pprof_out_hndl                  
ffffffff  __TI_prof_data_size                  
ffffffff  __TI_prof_data_start                 
ffffffff  __binit__                            
ffffffff  binit                                
UNDEFED   __mpu_init                           
UNDEFED   _system_post_cinit                   

[189 symbols]
