******************************************************************************
            TI ARM Clang Linker PC v4.0.2                      
******************************************************************************
>> Linked Sat Apr 26 20:44:26 2025

OUTPUT FILE NAME:   <empty_mspm0l1304_nortos_ticlang.out>
ENTRY POINT SYMBOL: "_c_int00_noargs"  address: 00001fd9


MEMORY CONFIGURATION

         name            origin    length      used     unused   attr    fill
----------------------  --------  ---------  --------  --------  ----  --------
  FLASH                 00000000   00003ff8  00002310  00001ce8  R  X
  SRAM                  20000000   00000800  00000131  000006cf  RW X
  BCR_CONFIG            41c00000   000000ff  00000000  000000ff  R   
  BSL_CONFIG            41c00100   00000080  00000000  00000080  R   


SEGMENT ALLOCATION MAP

run origin  load origin   length   init length attrs members
----------  ----------- ---------- ----------- ----- -------
00000000    00000000    00002310   00002310    r-x
  00000000    00000000    000000c0   000000c0    r-- .intvecs
  000000c0    000000c0    000020f0   000020f0    r-x .text
  000021b0    000021b0    00000140   00000140    r-- .rodata
  000022f0    000022f0    00000020   00000020    r-- .cinit
20000000    20000000    00000031   00000000    rw-
  20000000    20000000    00000031   00000000    rw- .data
20000700    20000700    00000100   00000000    rw-
  20000700    20000700    00000100   00000000    rw- .stack


SECTION ALLOCATION MAP

 output                                  attributes/
section   page    origin      length       input sections
--------  ----  ----------  ----------   ----------------
.intvecs   0    00000000    000000c0     
                  00000000    000000c0     startup_mspm0l130x_ticlang.o (.intvecs)

.text      0    000000c0    000020f0     
                  000000c0    000009d0     libc.a : _printfi.c.obj (.text:__TI_printfi)
                  00000a90    00000220            : _printfi.c.obj (.text._pconv_a)
                  00000cb0    000001dc            : _printfi.c.obj (.text._pconv_g)
                  00000e8c    00000192     libclang_rt.builtins.a : adddf3.S.obj (.text.adddf3_subdf3)
                  0000101e    00000002     startup_mspm0l130x_ticlang.o (.text.Default_Handler)
                  00001020    0000013c     libc.a : _printfi.c.obj (.text.fcvt)
                  0000115c    00000120            : _printfi.c.obj (.text._pconv_e)
                  0000127c    0000010c     libclang_rt.builtins.a : divdf3.S.obj (.text.__divdf3)
                  00001388    000000e4                            : muldf3.S.obj (.text.__muldf3)
                  0000146c    000000d8     libc.a : s_scalbn.c.obj (.text.scalbn)
                  00001544    000000c4     empty_mspm0l1304.o (.text.GROUP1_IRQHandler)
                  00001608    000000c0     empty_mspm0l1304.o (.text.findDouble)
                  000016c8    000000a8     empty_mspm0l1304.o (.text.main)
                  00001770    000000a2     libclang_rt.builtins.a : udivmoddi4.S.obj (.text)
                  00001812    0000009a     libc.a : memcpy16.S.obj (.text:memcpy)
                  000018ac    0000007c            : copy_decompress_lzss.c.obj (.text:decompress:lzss)
                  00001928    00000074     libclang_rt.builtins.a : comparedf2.c.obj (.text.__gedf2)
                  0000199c    00000068                            : comparedf2.c.obj (.text.__ledf2)
                  00001a04    00000066     libc.a : _printfi.c.obj (.text._mcpy)
                  00001a6a    00000002     libclang_rt.builtins.a : aeabi_div0.c.obj (.text.__aeabi_idiv0)
                  00001a6c    00000062                            : aeabi_dcmp.S.obj (.text.__aeabi_dcmp)
                  00001ace    00000062     libc.a : memset16.S.obj (.text:memset)
                  00001b30    00000060     ti_msp_dl_config.o (.text.SYSCFG_DL_UART_0_init)
                  00001b90    0000005c     libc.a : s_frexp.c.obj (.text.frexp)
                  00001bec    00000058            : _ltoa.c.obj (.text.__TI_ltoa)
                  00001c44    00000058            : _printfi.c.obj (.text._pconv_f)
                  00001c9c    00000056     libclang_rt.builtins.a : aeabi_idivmod.S.obj (.text.__aeabi_idivmod)
                  00001cf2    00000052     libc.a : _printfi.c.obj (.text._ecpy)
                  00001d44    0000004a     libclang_rt.builtins.a : fixdfsi.S.obj (.text.__fixdfsi)
                  00001d8e    00000002                            : aeabi_div0.c.obj (.text.__aeabi_ldiv0)
                  00001d90    00000048     driverlib.a : dl_uart.o (.text.DL_UART_init)
                  00001dd8    00000048     ti_msp_dl_config.o (.text.SYSCFG_DL_GPIO_init)
                  00001e20    00000040     libclang_rt.builtins.a : aeabi_uidivmod.S.obj (.text.__aeabi_uidivmod)
                  00001e60    00000040     libc.a : atoi.c.obj (.text.atoi)
                  00001ea0    0000003c            : autoinit.c.obj (.text:__TI_auto_init_nobinit_nopinit)
                  00001edc    0000003a     libclang_rt.builtins.a : muldsi3.S.obj (.text.__muldsi3)
                  00001f16    00000002     --HOLE-- [fill = 0]
                  00001f18    00000038     libc.a : sprintf.c.obj (.text.sprintf)
                  00001f50    00000030            : _printfi.c.obj (.text._fcpy)
                  00001f80    0000002c     ti_msp_dl_config.o (.text.SYSCFG_DL_initPower)
                  00001fac    0000002c     libclang_rt.builtins.a : floatsidf.S.obj (.text.__floatsidf)
                  00001fd8    00000028     libc.a : boot_cortex_m.c.obj (.text:_c_int00_noargs)
                  00002000    00000024     ti_msp_dl_config.o (.text.SYSCFG_DL_SYSCTL_init)
                  00002024    00000024     libclang_rt.builtins.a : floatunsidf.S.obj (.text.__floatunsidf)
                  00002048    00000024                            : muldi3.S.obj (.text.__muldi3)
                  0000206c    00000022     libc.a : memccpy.c.obj (.text.memccpy)
                  0000208e    00000002     --HOLE-- [fill = 0]
                  00002090    0000001e     libclang_rt.builtins.a : ashldi3.S.obj (.text.__ashldi3)
                  000020ae    00000018     libc.a : sprintf.c.obj (.text._outs)
                  000020c6    00000014     ti_msp_dl_config.o (.text.SYSCFG_DL_init)
                  000020da    00000002     --HOLE-- [fill = 0]
                  000020dc    00000014     libclang_rt.builtins.a : aeabi_uldivmod.S.obj (.text.__aeabi_uldivmod)
                  000020f0    00000014     libc.a : _printfi.c.obj (.text.strchr)
                  00002104    00000012     driverlib.a : dl_uart.o (.text.DL_UART_setClockConfig)
                  00002116    00000012     libc.a : copy_decompress_none.c.obj (.text:decompress:none)
                  00002128    00000010            : wcslen.c.obj (.text.wcslen)
                  00002138    0000000e     libclang_rt.builtins.a : aeabi_memset.S.obj (.text.__aeabi_memset)
                  00002146    0000000e     libc.a : _printfi.c.obj (.text.strlen)
                  00002154    0000000a     driverlib.a : dl_common.o (.text.DL_Common_delayCycles)
                  0000215e    0000000a     libc.a : _printfi.c.obj (.text.OUTLINED_FUNCTION_0)
                  00002168    00000010     libclang_rt.builtins.a : adddf3.S.obj (.tramp.__aeabi_dsub.1)
                  00002178    0000000a     libc.a : _printfi.c.obj (.text.OUTLINED_FUNCTION_1)
                  00002182    0000000a            : sprintf.c.obj (.text._outc)
                  0000218c    00000008            : aeabi_portable.c.obj (.text.__aeabi_errno_addr)
                  00002194    00000008     libclang_rt.builtins.a : aeabi_memcpy.S.obj (.text.__aeabi_memcpy)
                  0000219c    00000006     libc.a : exit.c.obj (.text:abort)
                  000021a2    00000004     libsysbm.a : hostexit.c.obj (.text.HOSTexit)
                  000021a6    00000004     startup_mspm0l130x_ticlang.o (.text.Reset_Handler)
                  000021aa    00000004     libc.a : pre_init.c.obj (.text._system_pre_init)
                  000021ae    00000002     --HOLE-- [fill = 0]

.cinit     0    000022f0    00000020     
                  000022f0    0000000e     (.cinit..data.load) [load image, compression = lzss]
                  000022fe    00000002     --HOLE-- [fill = 0]
                  00002300    00000008     (__TI_handler_table)
                  00002308    00000008     (__TI_cinit_table)

.rodata    0    000021b0    00000140     
                  000021b0    00000101     libc.a : aeabi_ctype.S.obj (.rodata:__aeabi_ctype_table_)
                  000022b1    00000011            : _printfi.c.obj (.rodata.str1.10348868589481759720.1)
                  000022c2    00000011            : _printfi.c.obj (.rodata.str1.15363888844622738466.1)
                  000022d3    00000001     --HOLE-- [fill = 0]
                  000022d4    0000000a     ti_msp_dl_config.o (.rodata.gUART_0Config)
                  000022de    00000004     empty_mspm0l1304.o (.rodata.str1.7741380232709453380.1)
                  000022e2    00000002     ti_msp_dl_config.o (.rodata.gUART_0ClockConfig)
                  000022e4    0000000c     --HOLE-- [fill = 0]

.init_array 
*          0    00000000    00000000     UNINITIALIZED

.binit     0    00000000    00000000     

.data      0    20000000    00000031     UNINITIALIZED
                  20000000    0000001e     empty_mspm0l1304.o (.data.LCD_Data)
                  2000001e    00000001     empty_mspm0l1304.o (.data.LCD_Byte)
                  2000001f    00000001     empty_mspm0l1304.o (.data.LCD_Decoding)
                  20000020    00000008     empty_mspm0l1304.o (.data.freq)
                  20000028    00000004     empty_mspm0l1304.o (.data.LCD_Data_p)
                  2000002c    00000004     libc.a : aeabi_portable.c.obj (.data.__aeabi_errno)
                  20000030    00000001     empty_mspm0l1304.o (.data.LCD_StartFound)

.stack     0    20000700    00000100     UNINITIALIZED
                  20000700    00000004     libc.a : boot_cortex_m.c.obj (.stack)
                  20000704    000000fc     --HOLE--

__llvm_prf_cnts 
*          0    20000000    00000000     UNINITIALIZED

__llvm_prf_bits 
*          0    20000000    00000000     UNINITIALIZED

MODULE SUMMARY

       Module                         code   ro data   rw data
       ------                         ----   -------   -------
    .\
       empty_mspm0l1304.o             556    4         45     
       startup_mspm0l130x_ticlang.o   6      192       0      
    +--+------------------------------+------+---------+---------+
       Total:                         562    196       45     
                                                              
    .\syscfg\
       ti_msp_dl_config.o             268    12        0      
    +--+------------------------------+------+---------+---------+
       Total:                         268    12        0      
                                                              
    D:/ti/mspm0_sdk_2_04_00_06/source/ti/driverlib/lib/ticlang/m0p/mspm0l11xx_l13xx/driverlib.a
       dl_uart.o                      90     0         0      
       dl_common.o                    10     0         0      
    +--+------------------------------+------+---------+---------+
       Total:                         100    0         0      
                                                              
    D:\ccs2011\ccs\tools\compiler\ti-cgt-armllvm_4.0.2.LTS\lib\armv6m-ti-none-eabi/c/libc.a
       _printfi.c.obj                 4510   34        0      
       aeabi_ctype.S.obj              0      257       0      
       s_scalbn.c.obj                 216    0         0      
       memcpy16.S.obj                 154    0         0      
       copy_decompress_lzss.c.obj     124    0         0      
       memset16.S.obj                 98     0         0      
       s_frexp.c.obj                  92     0         0      
       sprintf.c.obj                  90     0         0      
       _ltoa.c.obj                    88     0         0      
       atoi.c.obj                     64     0         0      
       autoinit.c.obj                 60     0         0      
       boot_cortex_m.c.obj            40     0         0      
       memccpy.c.obj                  34     0         0      
       copy_decompress_none.c.obj     18     0         0      
       wcslen.c.obj                   16     0         0      
       aeabi_portable.c.obj           8      0         4      
       exit.c.obj                     6      0         0      
       pre_init.c.obj                 4      0         0      
    +--+------------------------------+------+---------+---------+
       Total:                         5622   291       4      
                                                              
    D:\ccs2011\ccs\tools\compiler\ti-cgt-armllvm_4.0.2.LTS\lib\armv6m-ti-none-eabi/c/libsysbm.a
       hostexit.c.obj                 4      0         0      
    +--+------------------------------+------+---------+---------+
       Total:                         4      0         0      
                                                              
    D:\ccs2011\ccs\tools\compiler\ti-cgt-armllvm_4.0.2.LTS\lib\armv6m-ti-none-eabi/libclang_rt.builtins.a
       adddf3.S.obj                   418    0         0      
       divdf3.S.obj                   268    0         0      
       muldf3.S.obj                   228    0         0      
       comparedf2.c.obj               220    0         0      
       udivmoddi4.S.obj               162    0         0      
       aeabi_dcmp.S.obj               98     0         0      
       aeabi_idivmod.S.obj            86     0         0      
       fixdfsi.S.obj                  74     0         0      
       aeabi_uidivmod.S.obj           64     0         0      
       muldsi3.S.obj                  58     0         0      
       floatsidf.S.obj                44     0         0      
       floatunsidf.S.obj              36     0         0      
       muldi3.S.obj                   36     0         0      
       ashldi3.S.obj                  30     0         0      
       aeabi_uldivmod.S.obj           20     0         0      
       aeabi_memset.S.obj             14     0         0      
       aeabi_memcpy.S.obj             8      0         0      
       aeabi_div0.c.obj               4      0         0      
    +--+------------------------------+------+---------+---------+
       Total:                         1868   0         0      
                                                              
       Stack:                         0      0         256    
       Linker Generated:              0      30        0      
    +--+------------------------------+------+---------+---------+
       Grand Total:                   8424   529       305    


LINKER GENERATED COPY TABLES

__TI_cinit_table @ 00002308 records: 1, size/record: 8, table size: 8
	.data: load addr=000022f0, load size=0000000e bytes, run addr=20000000, run size=00000031 bytes, compression=lzss


LINKER GENERATED HANDLER TABLE

__TI_handler_table @ 00002300 records: 2, size/record: 4, table size: 8
	index: 0, handler: __TI_decompress_lzss
	index: 1, handler: __TI_decompress_none


FAR CALL TRAMPOLINES

callee name               trampoline name
   callee addr  tramp addr   call addr  call info
--------------  -----------  ---------  ----------------
__aeabi_dsub              $Tramp$TT$L$PI$$__aeabi_dsub
   00000e8d     00002168     00002166   libc.a : _printfi.c.obj (.text.OUTLINED_FUNCTION_0)

[1 trampolines]
[1 trampoline calls]


GLOBAL SYMBOLS: SORTED ALPHABETICALLY BY Name 

address   name                          
-------   ----                          
0000101f  ADC0_IRQHandler               
000021a2  C$$EXIT                       
00002155  DL_Common_delayCycles         
00001d91  DL_UART_init                  
00002105  DL_UART_setClockConfig        
0000101f  DMA_IRQHandler                
0000101f  Default_Handler               
0000101f  GROUP0_IRQHandler             
00001545  GROUP1_IRQHandler             
000021a3  HOSTexit                      
0000101f  HardFault_Handler             
0000101f  I2C0_IRQHandler               
0000101f  I2C1_IRQHandler               
2000001e  LCD_Byte                      
20000000  LCD_Data                      
20000028  LCD_Data_p                    
2000001f  LCD_Decoding                  
20000030  LCD_StartFound                
0000101f  NMI_Handler                   
0000101f  PendSV_Handler                
000021a7  Reset_Handler                 
0000101f  SPI0_IRQHandler               
0000101f  SVC_Handler                   
00001dd9  SYSCFG_DL_GPIO_init           
00002001  SYSCFG_DL_SYSCTL_init         
00001b31  SYSCFG_DL_UART_0_init         
000020c7  SYSCFG_DL_init                
00001f81  SYSCFG_DL_initPower           
0000101f  SysTick_Handler               
0000101f  TIMG0_IRQHandler              
0000101f  TIMG1_IRQHandler              
0000101f  TIMG2_IRQHandler              
0000101f  TIMG4_IRQHandler              
0000101f  UART0_IRQHandler              
0000101f  UART1_IRQHandler              
20000800  __STACK_END                   
00000100  __STACK_SIZE                  
00000000  __TI_ATRegion0_region_sz      
00000000  __TI_ATRegion0_src_addr       
00000000  __TI_ATRegion0_trg_addr       
00000000  __TI_ATRegion1_region_sz      
00000000  __TI_ATRegion1_src_addr       
00000000  __TI_ATRegion1_trg_addr       
00000000  __TI_ATRegion2_region_sz      
00000000  __TI_ATRegion2_src_addr       
00000000  __TI_ATRegion2_trg_addr       
00002308  __TI_CINIT_Base               
00002310  __TI_CINIT_Limit              
00002310  __TI_CINIT_Warm               
00002300  __TI_Handler_Table_Base       
00002308  __TI_Handler_Table_Limit      
00001ea1  __TI_auto_init_nobinit_nopinit
000018ad  __TI_decompress_lzss          
00002117  __TI_decompress_none          
00001bed  __TI_ltoa                     
ffffffff  __TI_pprof_out_hndl           
000000c1  __TI_printfi                  
ffffffff  __TI_prof_data_size           
ffffffff  __TI_prof_data_start          
00000000  __TI_static_base__            
00000e97  __adddf3                      
000021b0  __aeabi_ctype_table_          
000021b0  __aeabi_ctype_table_C         
00001d45  __aeabi_d2iz                  
00000e97  __aeabi_dadd                  
00001a6d  __aeabi_dcmpeq                
00001aa9  __aeabi_dcmpge                
00001abd  __aeabi_dcmpgt                
00001a95  __aeabi_dcmple                
00001a81  __aeabi_dcmplt                
0000127d  __aeabi_ddiv                  
00001389  __aeabi_dmul                  
00000e8d  __aeabi_dsub                  
2000002c  __aeabi_errno                 
0000218d  __aeabi_errno_addr            
00001fad  __aeabi_i2d                   
00001c9d  __aeabi_idiv                  
00001a6b  __aeabi_idiv0                 
00001c9d  __aeabi_idivmod               
00001d8f  __aeabi_ldiv0                 
00002091  __aeabi_llsl                  
00002049  __aeabi_lmul                  
00002195  __aeabi_memcpy                
00002195  __aeabi_memcpy4               
00002195  __aeabi_memcpy8               
00002139  __aeabi_memset                
00002139  __aeabi_memset4               
00002139  __aeabi_memset8               
00002025  __aeabi_ui2d                  
00001e21  __aeabi_uidiv                 
00001e21  __aeabi_uidivmod              
000020dd  __aeabi_uldivmod              
00002091  __ashldi3                     
ffffffff  __binit__                     
0000199d  __cmpdf2                      
0000127d  __divdf3                      
0000199d  __eqdf2                       
00001d45  __fixdfsi                     
00001fad  __floatsidf                   
00002025  __floatunsidf                 
00001929  __gedf2                       
00001929  __gtdf2                       
0000199d  __ledf2                       
0000199d  __ltdf2                       
UNDEFED   __mpu_init                    
00001389  __muldf3                      
00002049  __muldi3                      
00001edd  __muldsi3                     
0000199d  __nedf2                       
20000700  __stack                       
20000000  __start___llvm_prf_bits       
20000000  __start___llvm_prf_cnts       
20000000  __stop___llvm_prf_bits        
20000000  __stop___llvm_prf_cnts        
00000e8d  __subdf3                      
00001771  __udivmoddi4                  
00001fd9  _c_int00_noargs               
UNDEFED   _system_post_cinit            
000021ab  _system_pre_init              
0000219d  abort                         
00001e61  atoi                          
ffffffff  binit                         
00001609  findDouble                    
20000020  freq                          
00001b91  frexp                         
00001b91  frexpl                        
00000000  interruptVectors              
0000146d  ldexp                         
0000146d  ldexpl                        
000016c9  main                          
0000206d  memccpy                       
00001813  memcpy                        
00001acf  memset                        
0000146d  scalbn                        
0000146d  scalbnl                       
00001f19  sprintf                       
00002129  wcslen                        


GLOBAL SYMBOLS: SORTED BY Symbol Address 

address   name                          
-------   ----                          
00000000  __TI_ATRegion0_region_sz      
00000000  __TI_ATRegion0_src_addr       
00000000  __TI_ATRegion0_trg_addr       
00000000  __TI_ATRegion1_region_sz      
00000000  __TI_ATRegion1_src_addr       
00000000  __TI_ATRegion1_trg_addr       
00000000  __TI_ATRegion2_region_sz      
00000000  __TI_ATRegion2_src_addr       
00000000  __TI_ATRegion2_trg_addr       
00000000  __TI_static_base__            
00000000  interruptVectors              
000000c1  __TI_printfi                  
00000100  __STACK_SIZE                  
00000e8d  __aeabi_dsub                  
00000e8d  __subdf3                      
00000e97  __adddf3                      
00000e97  __aeabi_dadd                  
0000101f  ADC0_IRQHandler               
0000101f  DMA_IRQHandler                
0000101f  Default_Handler               
0000101f  GROUP0_IRQHandler             
0000101f  HardFault_Handler             
0000101f  I2C0_IRQHandler               
0000101f  I2C1_IRQHandler               
0000101f  NMI_Handler                   
0000101f  PendSV_Handler                
0000101f  SPI0_IRQHandler               
0000101f  SVC_Handler                   
0000101f  SysTick_Handler               
0000101f  TIMG0_IRQHandler              
0000101f  TIMG1_IRQHandler              
0000101f  TIMG2_IRQHandler              
0000101f  TIMG4_IRQHandler              
0000101f  UART0_IRQHandler              
0000101f  UART1_IRQHandler              
0000127d  __aeabi_ddiv                  
0000127d  __divdf3                      
00001389  __aeabi_dmul                  
00001389  __muldf3                      
0000146d  ldexp                         
0000146d  ldexpl                        
0000146d  scalbn                        
0000146d  scalbnl                       
00001545  GROUP1_IRQHandler             
00001609  findDouble                    
000016c9  main                          
00001771  __udivmoddi4                  
00001813  memcpy                        
000018ad  __TI_decompress_lzss          
00001929  __gedf2                       
00001929  __gtdf2                       
0000199d  __cmpdf2                      
0000199d  __eqdf2                       
0000199d  __ledf2                       
0000199d  __ltdf2                       
0000199d  __nedf2                       
00001a6b  __aeabi_idiv0                 
00001a6d  __aeabi_dcmpeq                
00001a81  __aeabi_dcmplt                
00001a95  __aeabi_dcmple                
00001aa9  __aeabi_dcmpge                
00001abd  __aeabi_dcmpgt                
00001acf  memset                        
00001b31  SYSCFG_DL_UART_0_init         
00001b91  frexp                         
00001b91  frexpl                        
00001bed  __TI_ltoa                     
00001c9d  __aeabi_idiv                  
00001c9d  __aeabi_idivmod               
00001d45  __aeabi_d2iz                  
00001d45  __fixdfsi                     
00001d8f  __aeabi_ldiv0                 
00001d91  DL_UART_init                  
00001dd9  SYSCFG_DL_GPIO_init           
00001e21  __aeabi_uidiv                 
00001e21  __aeabi_uidivmod              
00001e61  atoi                          
00001ea1  __TI_auto_init_nobinit_nopinit
00001edd  __muldsi3                     
00001f19  sprintf                       
00001f81  SYSCFG_DL_initPower           
00001fad  __aeabi_i2d                   
00001fad  __floatsidf                   
00001fd9  _c_int00_noargs               
00002001  SYSCFG_DL_SYSCTL_init         
00002025  __aeabi_ui2d                  
00002025  __floatunsidf                 
00002049  __aeabi_lmul                  
00002049  __muldi3                      
0000206d  memccpy                       
00002091  __aeabi_llsl                  
00002091  __ashldi3                     
000020c7  SYSCFG_DL_init                
000020dd  __aeabi_uldivmod              
00002105  DL_UART_setClockConfig        
00002117  __TI_decompress_none          
00002129  wcslen                        
00002139  __aeabi_memset                
00002139  __aeabi_memset4               
00002139  __aeabi_memset8               
00002155  DL_Common_delayCycles         
0000218d  __aeabi_errno_addr            
00002195  __aeabi_memcpy                
00002195  __aeabi_memcpy4               
00002195  __aeabi_memcpy8               
0000219d  abort                         
000021a2  C$$EXIT                       
000021a3  HOSTexit                      
000021a7  Reset_Handler                 
000021ab  _system_pre_init              
000021b0  __aeabi_ctype_table_          
000021b0  __aeabi_ctype_table_C         
00002300  __TI_Handler_Table_Base       
00002308  __TI_CINIT_Base               
00002308  __TI_Handler_Table_Limit      
00002310  __TI_CINIT_Limit              
00002310  __TI_CINIT_Warm               
20000000  LCD_Data                      
20000000  __start___llvm_prf_bits       
20000000  __start___llvm_prf_cnts       
20000000  __stop___llvm_prf_bits        
20000000  __stop___llvm_prf_cnts        
2000001e  LCD_Byte                      
2000001f  LCD_Decoding                  
20000020  freq                          
20000028  LCD_Data_p                    
2000002c  __aeabi_errno                 
20000030  LCD_StartFound                
20000700  __stack                       
20000800  __STACK_END                   
ffffffff  __TI_pprof_out_hndl           
ffffffff  __TI_prof_data_size           
ffffffff  __TI_prof_data_start          
ffffffff  __binit__                     
ffffffff  binit                         
UNDEFED   __mpu_init                    
UNDEFED   _system_post_cinit            

[137 symbols]
