<?xml version="1.0" encoding="ISO-8859-1" ?>
<link_info>
   <banner>TI ARM Clang Linker PC v4.0.2.LTS</banner>
   <copyright>Copyright (c) 1996-2018 Texas Instruments Incorporated</copyright>
   <command_line>D:\ccs2011\ccs\tools\compiler\ti-cgt-armllvm_4.0.2.LTS\bin\tiarmlnk -ID:\ccs2011\ccs\tools\compiler\ti-cgt-armllvm_4.0.2.LTS\lib -o empty_mspm0l1304_nortos_ticlang.out -mempty_mspm0l1304_nortos_ticlang.map -iD:/ti/mspm0_sdk_2_04_00_06/source -iC:/Users/1/workspace_ccstheia/empty_mspm0l1304_nortos_ticlang/Debug/syscfg -iD:/ccs2011/ccs/tools/compiler/ti-cgt-armllvm_4.0.2.LTS/lib --diag_wrap=off --display_error_number --warn_sections --xml_link_info=empty_mspm0l1304_nortos_ticlang_linkInfo.xml --rom_model ./empty_mspm0l1304.o ./syscfg/ti_msp_dl_config.o ./startup_mspm0l130x_ticlang.o -lsyscfg/device_linker.cmd -ldevice.cmd.genlibs -llibc.a --start-group -llibc++.a -llibc++abi.a -llibc.a -llibsys.a -llibsysbm.a -llibclang_rt.builtins.a -llibclang_rt.profile.a --end-group --cg_opt_level=2</command_line>
   <link_time>0x680cd52a</link_time>
   <link_errors>0x0</link_errors>
   <output_file>C:\Users\1\workspace_ccstheia\empty_mspm0l1304_nortos_ticlang\Debug\empty_mspm0l1304_nortos_ticlang.out</output_file>
   <entry_point>
      <name>_c_int00_noargs</name>
      <address>0x1fd9</address>
   </entry_point>
   <input_file_list>
      <input_file id="fl-1">
         <path>C:\Users\1\workspace_ccstheia\empty_mspm0l1304_nortos_ticlang\Debug\.\</path>
         <kind>object</kind>
         <file>empty_mspm0l1304.o</file>
         <name>empty_mspm0l1304.o</name>
      </input_file>
      <input_file id="fl-2">
         <path>C:\Users\1\workspace_ccstheia\empty_mspm0l1304_nortos_ticlang\Debug\.\syscfg\</path>
         <kind>object</kind>
         <file>ti_msp_dl_config.o</file>
         <name>ti_msp_dl_config.o</name>
      </input_file>
      <input_file id="fl-3">
         <path>C:\Users\1\workspace_ccstheia\empty_mspm0l1304_nortos_ticlang\Debug\.\</path>
         <kind>object</kind>
         <file>startup_mspm0l130x_ticlang.o</file>
         <name>startup_mspm0l130x_ticlang.o</name>
      </input_file>
      <input_file id="fl-10">
         <path>C:\Users\1\workspace_ccstheia\empty_mspm0l1304_nortos_ticlang\Debug\</path>
         <kind>object</kind>
         <file>&lt;internal&gt;</file>
         <name>&lt;internal&gt;</name>
      </input_file>
      <input_file id="fl-11">
         <path>D:\ti\mspm0_sdk_2_04_00_06\source\ti\driverlib\lib\ticlang\m0p\mspm0l11xx_l13xx\</path>
         <kind>archive</kind>
         <file>driverlib.a</file>
         <name>dl_common.o</name>
      </input_file>
      <input_file id="fl-12">
         <path>D:\ti\mspm0_sdk_2_04_00_06\source\ti\driverlib\lib\ticlang\m0p\mspm0l11xx_l13xx\</path>
         <kind>archive</kind>
         <file>driverlib.a</file>
         <name>dl_uart.o</name>
      </input_file>
      <input_file id="fl-29">
         <path>D:\ccs2011\ccs\tools\compiler\ti-cgt-armllvm_4.0.2.LTS\lib\armv6m-ti-none-eabi\c\</path>
         <kind>archive</kind>
         <file>libc.a</file>
         <name>sprintf.c.obj</name>
      </input_file>
      <input_file id="fl-2a">
         <path>D:\ccs2011\ccs\tools\compiler\ti-cgt-armllvm_4.0.2.LTS\lib\armv6m-ti-none-eabi\c\</path>
         <kind>archive</kind>
         <file>libc.a</file>
         <name>boot_cortex_m.c.obj</name>
      </input_file>
      <input_file id="fl-2b">
         <path>D:\ccs2011\ccs\tools\compiler\ti-cgt-armllvm_4.0.2.LTS\lib\armv6m-ti-none-eabi\c\</path>
         <kind>archive</kind>
         <file>libc.a</file>
         <name>mathacl_init.c.obj</name>
      </input_file>
      <input_file id="fl-2c">
         <path>D:\ccs2011\ccs\tools\compiler\ti-cgt-armllvm_4.0.2.LTS\lib\armv6m-ti-none-eabi\c\</path>
         <kind>archive</kind>
         <file>libc.a</file>
         <name>autoinit.c.obj</name>
      </input_file>
      <input_file id="fl-2d">
         <path>D:\ccs2011\ccs\tools\compiler\ti-cgt-armllvm_4.0.2.LTS\lib\armv6m-ti-none-eabi\c\</path>
         <kind>archive</kind>
         <file>libc.a</file>
         <name>pre_init.c.obj</name>
      </input_file>
      <input_file id="fl-2e">
         <path>D:\ccs2011\ccs\tools\compiler\ti-cgt-armllvm_4.0.2.LTS\lib\armv6m-ti-none-eabi\c\</path>
         <kind>archive</kind>
         <file>libc.a</file>
         <name>cpy_tbl.c.obj</name>
      </input_file>
      <input_file id="fl-2f">
         <path>D:\ccs2011\ccs\tools\compiler\ti-cgt-armllvm_4.0.2.LTS\lib\armv6m-ti-none-eabi\c\</path>
         <kind>archive</kind>
         <file>libc.a</file>
         <name>copy_zero_init.c.obj</name>
      </input_file>
      <input_file id="fl-30">
         <path>D:\ccs2011\ccs\tools\compiler\ti-cgt-armllvm_4.0.2.LTS\lib\armv6m-ti-none-eabi\c\</path>
         <kind>archive</kind>
         <file>libc.a</file>
         <name>copy_decompress_none.c.obj</name>
      </input_file>
      <input_file id="fl-31">
         <path>D:\ccs2011\ccs\tools\compiler\ti-cgt-armllvm_4.0.2.LTS\lib\armv6m-ti-none-eabi\c\</path>
         <kind>archive</kind>
         <file>libc.a</file>
         <name>copy_decompress_lzss.c.obj</name>
      </input_file>
      <input_file id="fl-32">
         <path>D:\ccs2011\ccs\tools\compiler\ti-cgt-armllvm_4.0.2.LTS\lib\armv6m-ti-none-eabi\c\</path>
         <kind>archive</kind>
         <file>libc.a</file>
         <name>_printfi.c.obj</name>
      </input_file>
      <input_file id="fl-33">
         <path>D:\ccs2011\ccs\tools\compiler\ti-cgt-armllvm_4.0.2.LTS\lib\armv6m-ti-none-eabi\c\</path>
         <kind>archive</kind>
         <file>libc.a</file>
         <name>aeabi_portable.c.obj</name>
      </input_file>
      <input_file id="fl-34">
         <path>D:\ccs2011\ccs\tools\compiler\ti-cgt-armllvm_4.0.2.LTS\lib\armv6m-ti-none-eabi\c\</path>
         <kind>archive</kind>
         <file>libc.a</file>
         <name>exit.c.obj</name>
      </input_file>
      <input_file id="fl-35">
         <path>D:\ccs2011\ccs\tools\compiler\ti-cgt-armllvm_4.0.2.LTS\lib\armv6m-ti-none-eabi\c\</path>
         <kind>archive</kind>
         <file>libc.a</file>
         <name>_lock.c.obj</name>
      </input_file>
      <input_file id="fl-36">
         <path>D:\ccs2011\ccs\tools\compiler\ti-cgt-armllvm_4.0.2.LTS\lib\armv6m-ti-none-eabi\c\</path>
         <kind>archive</kind>
         <file>libc.a</file>
         <name>_ltoa.c.obj</name>
      </input_file>
      <input_file id="fl-37">
         <path>D:\ccs2011\ccs\tools\compiler\ti-cgt-armllvm_4.0.2.LTS\lib\armv6m-ti-none-eabi\c\</path>
         <kind>archive</kind>
         <file>libc.a</file>
         <name>args_main.c.obj</name>
      </input_file>
      <input_file id="fl-38">
         <path>D:\ccs2011\ccs\tools\compiler\ti-cgt-armllvm_4.0.2.LTS\lib\armv6m-ti-none-eabi\c\</path>
         <kind>archive</kind>
         <file>libc.a</file>
         <name>assert.c.obj</name>
      </input_file>
      <input_file id="fl-39">
         <path>D:\ccs2011\ccs\tools\compiler\ti-cgt-armllvm_4.0.2.LTS\lib\armv6m-ti-none-eabi\c\</path>
         <kind>archive</kind>
         <file>libc.a</file>
         <name>atoi.c.obj</name>
      </input_file>
      <input_file id="fl-3a">
         <path>D:\ccs2011\ccs\tools\compiler\ti-cgt-armllvm_4.0.2.LTS\lib\armv6m-ti-none-eabi\c\</path>
         <kind>archive</kind>
         <file>libc.a</file>
         <name>defs.c.obj</name>
      </input_file>
      <input_file id="fl-3b">
         <path>D:\ccs2011\ccs\tools\compiler\ti-cgt-armllvm_4.0.2.LTS\lib\armv6m-ti-none-eabi\c\</path>
         <kind>archive</kind>
         <file>libc.a</file>
         <name>memccpy.c.obj</name>
      </input_file>
      <input_file id="fl-3c">
         <path>D:\ccs2011\ccs\tools\compiler\ti-cgt-armllvm_4.0.2.LTS\lib\armv6m-ti-none-eabi\c\</path>
         <kind>archive</kind>
         <file>libc.a</file>
         <name>memory.c.obj</name>
      </input_file>
      <input_file id="fl-3d">
         <path>D:\ccs2011\ccs\tools\compiler\ti-cgt-armllvm_4.0.2.LTS\lib\armv6m-ti-none-eabi\c\</path>
         <kind>archive</kind>
         <file>libc.a</file>
         <name>s_frexp.c.obj</name>
      </input_file>
      <input_file id="fl-3e">
         <path>D:\ccs2011\ccs\tools\compiler\ti-cgt-armllvm_4.0.2.LTS\lib\armv6m-ti-none-eabi\c\</path>
         <kind>archive</kind>
         <file>libc.a</file>
         <name>s_scalbn.c.obj</name>
      </input_file>
      <input_file id="fl-3f">
         <path>D:\ccs2011\ccs\tools\compiler\ti-cgt-armllvm_4.0.2.LTS\lib\armv6m-ti-none-eabi\c\</path>
         <kind>archive</kind>
         <file>libc.a</file>
         <name>wcslen.c.obj</name>
      </input_file>
      <input_file id="fl-40">
         <path>D:\ccs2011\ccs\tools\compiler\ti-cgt-armllvm_4.0.2.LTS\lib\armv6m-ti-none-eabi\c\</path>
         <kind>archive</kind>
         <file>libc.a</file>
         <name>fflush.c.obj</name>
      </input_file>
      <input_file id="fl-41">
         <path>D:\ccs2011\ccs\tools\compiler\ti-cgt-armllvm_4.0.2.LTS\lib\armv6m-ti-none-eabi\c\</path>
         <kind>archive</kind>
         <file>libc.a</file>
         <name>fputs.c.obj</name>
      </input_file>
      <input_file id="fl-42">
         <path>D:\ccs2011\ccs\tools\compiler\ti-cgt-armllvm_4.0.2.LTS\lib\armv6m-ti-none-eabi\c\</path>
         <kind>archive</kind>
         <file>libc.a</file>
         <name>_io_perm.c.obj</name>
      </input_file>
      <input_file id="fl-43">
         <path>D:\ccs2011\ccs\tools\compiler\ti-cgt-armllvm_4.0.2.LTS\lib\armv6m-ti-none-eabi\c\</path>
         <kind>archive</kind>
         <file>libc.a</file>
         <name>setvbuf.c.obj</name>
      </input_file>
      <input_file id="fl-44">
         <path>D:\ccs2011\ccs\tools\compiler\ti-cgt-armllvm_4.0.2.LTS\lib\armv6m-ti-none-eabi\c\</path>
         <kind>archive</kind>
         <file>libc.a</file>
         <name>aeabi_ctype.S.obj</name>
      </input_file>
      <input_file id="fl-45">
         <path>D:\ccs2011\ccs\tools\compiler\ti-cgt-armllvm_4.0.2.LTS\lib\armv6m-ti-none-eabi\c\</path>
         <kind>archive</kind>
         <file>libc.a</file>
         <name>fopen.c.obj</name>
      </input_file>
      <input_file id="fl-46">
         <path>D:\ccs2011\ccs\tools\compiler\ti-cgt-armllvm_4.0.2.LTS\lib\armv6m-ti-none-eabi\c\</path>
         <kind>archive</kind>
         <file>libc.a</file>
         <name>fseek.c.obj</name>
      </input_file>
      <input_file id="fl-47">
         <path>D:\ccs2011\ccs\tools\compiler\ti-cgt-armllvm_4.0.2.LTS\lib\armv6m-ti-none-eabi\c\</path>
         <kind>archive</kind>
         <file>libc.a</file>
         <name>fclose.c.obj</name>
      </input_file>
      <input_file id="fl-e7">
         <path>D:\ccs2011\ccs\tools\compiler\ti-cgt-armllvm_4.0.2.LTS\lib\armv6m-ti-none-eabi\c\</path>
         <kind>archive</kind>
         <file>libsysbm.a</file>
         <name>hostexit.c.obj</name>
      </input_file>
      <input_file id="fl-e8">
         <path>D:\ccs2011\ccs\tools\compiler\ti-cgt-armllvm_4.0.2.LTS\lib\armv6m-ti-none-eabi\c\</path>
         <kind>archive</kind>
         <file>libsysbm.a</file>
         <name>write.c.obj</name>
      </input_file>
      <input_file id="fl-e9">
         <path>D:\ccs2011\ccs\tools\compiler\ti-cgt-armllvm_4.0.2.LTS\lib\armv6m-ti-none-eabi\c\</path>
         <kind>archive</kind>
         <file>libsysbm.a</file>
         <name>host_device.c.obj</name>
      </input_file>
      <input_file id="fl-ea">
         <path>D:\ccs2011\ccs\tools\compiler\ti-cgt-armllvm_4.0.2.LTS\lib\armv6m-ti-none-eabi\c\</path>
         <kind>archive</kind>
         <file>libsysbm.a</file>
         <name>remove.c.obj</name>
      </input_file>
      <input_file id="fl-eb">
         <path>D:\ccs2011\ccs\tools\compiler\ti-cgt-armllvm_4.0.2.LTS\lib\armv6m-ti-none-eabi\c\</path>
         <kind>archive</kind>
         <file>libsysbm.a</file>
         <name>open.c.obj</name>
      </input_file>
      <input_file id="fl-ec">
         <path>D:\ccs2011\ccs\tools\compiler\ti-cgt-armllvm_4.0.2.LTS\lib\armv6m-ti-none-eabi\c\</path>
         <kind>archive</kind>
         <file>libsysbm.a</file>
         <name>lseek.c.obj</name>
      </input_file>
      <input_file id="fl-ed">
         <path>D:\ccs2011\ccs\tools\compiler\ti-cgt-armllvm_4.0.2.LTS\lib\armv6m-ti-none-eabi\c\</path>
         <kind>archive</kind>
         <file>libsysbm.a</file>
         <name>close.c.obj</name>
      </input_file>
      <input_file id="fl-ee">
         <path>D:\ccs2011\ccs\tools\compiler\ti-cgt-armllvm_4.0.2.LTS\lib\armv6m-ti-none-eabi\c\</path>
         <kind>archive</kind>
         <file>libsysbm.a</file>
         <name>unlink.c.obj</name>
      </input_file>
      <input_file id="fl-ef">
         <path>D:\ccs2011\ccs\tools\compiler\ti-cgt-armllvm_4.0.2.LTS\lib\armv6m-ti-none-eabi\c\</path>
         <kind>archive</kind>
         <file>libsysbm.a</file>
         <name>hostclose.c.obj</name>
      </input_file>
      <input_file id="fl-f0">
         <path>D:\ccs2011\ccs\tools\compiler\ti-cgt-armllvm_4.0.2.LTS\lib\armv6m-ti-none-eabi\c\</path>
         <kind>archive</kind>
         <file>libsysbm.a</file>
         <name>hostlseek.c.obj</name>
      </input_file>
      <input_file id="fl-f1">
         <path>D:\ccs2011\ccs\tools\compiler\ti-cgt-armllvm_4.0.2.LTS\lib\armv6m-ti-none-eabi\c\</path>
         <kind>archive</kind>
         <file>libsysbm.a</file>
         <name>hostopen.c.obj</name>
      </input_file>
      <input_file id="fl-f2">
         <path>D:\ccs2011\ccs\tools\compiler\ti-cgt-armllvm_4.0.2.LTS\lib\armv6m-ti-none-eabi\c\</path>
         <kind>archive</kind>
         <file>libsysbm.a</file>
         <name>hostread.c.obj</name>
      </input_file>
      <input_file id="fl-f3">
         <path>D:\ccs2011\ccs\tools\compiler\ti-cgt-armllvm_4.0.2.LTS\lib\armv6m-ti-none-eabi\c\</path>
         <kind>archive</kind>
         <file>libsysbm.a</file>
         <name>hostrename.c.obj</name>
      </input_file>
      <input_file id="fl-f4">
         <path>D:\ccs2011\ccs\tools\compiler\ti-cgt-armllvm_4.0.2.LTS\lib\armv6m-ti-none-eabi\c\</path>
         <kind>archive</kind>
         <file>libsysbm.a</file>
         <name>hostunlink.c.obj</name>
      </input_file>
      <input_file id="fl-f5">
         <path>D:\ccs2011\ccs\tools\compiler\ti-cgt-armllvm_4.0.2.LTS\lib\armv6m-ti-none-eabi\c\</path>
         <kind>archive</kind>
         <file>libsysbm.a</file>
         <name>hostwrite.c.obj</name>
      </input_file>
      <input_file id="fl-f6">
         <path>D:\ccs2011\ccs\tools\compiler\ti-cgt-armllvm_4.0.2.LTS\lib\armv6m-ti-none-eabi\c\</path>
         <kind>archive</kind>
         <file>libsysbm.a</file>
         <name>trgmsg.c.obj</name>
      </input_file>
      <input_file id="fl-f7">
         <path>D:\ccs2011\ccs\tools\compiler\ti-cgt-armllvm_4.0.2.LTS\lib\armv6m-ti-none-eabi\</path>
         <kind>archive</kind>
         <file>libclang_rt.builtins.a</file>
         <name>adddf3.S.obj</name>
      </input_file>
      <input_file id="fl-f8">
         <path>D:\ccs2011\ccs\tools\compiler\ti-cgt-armllvm_4.0.2.LTS\lib\armv6m-ti-none-eabi\</path>
         <kind>archive</kind>
         <file>libclang_rt.builtins.a</file>
         <name>muldf3.S.obj</name>
      </input_file>
      <input_file id="fl-f9">
         <path>D:\ccs2011\ccs\tools\compiler\ti-cgt-armllvm_4.0.2.LTS\lib\armv6m-ti-none-eabi\</path>
         <kind>archive</kind>
         <file>libclang_rt.builtins.a</file>
         <name>muldsi3.S.obj</name>
      </input_file>
      <input_file id="fl-fa">
         <path>D:\ccs2011\ccs\tools\compiler\ti-cgt-armllvm_4.0.2.LTS\lib\armv6m-ti-none-eabi\</path>
         <kind>archive</kind>
         <file>libclang_rt.builtins.a</file>
         <name>divdf3.S.obj</name>
      </input_file>
      <input_file id="fl-fb">
         <path>D:\ccs2011\ccs\tools\compiler\ti-cgt-armllvm_4.0.2.LTS\lib\armv6m-ti-none-eabi\</path>
         <kind>archive</kind>
         <file>libclang_rt.builtins.a</file>
         <name>fixdfsi.S.obj</name>
      </input_file>
      <input_file id="fl-fc">
         <path>D:\ccs2011\ccs\tools\compiler\ti-cgt-armllvm_4.0.2.LTS\lib\armv6m-ti-none-eabi\</path>
         <kind>archive</kind>
         <file>libclang_rt.builtins.a</file>
         <name>floatsidf.S.obj</name>
      </input_file>
      <input_file id="fl-fd">
         <path>D:\ccs2011\ccs\tools\compiler\ti-cgt-armllvm_4.0.2.LTS\lib\armv6m-ti-none-eabi\</path>
         <kind>archive</kind>
         <file>libclang_rt.builtins.a</file>
         <name>floatunsidf.S.obj</name>
      </input_file>
      <input_file id="fl-fe">
         <path>D:\ccs2011\ccs\tools\compiler\ti-cgt-armllvm_4.0.2.LTS\lib\armv6m-ti-none-eabi\</path>
         <kind>archive</kind>
         <file>libclang_rt.builtins.a</file>
         <name>muldi3.S.obj</name>
      </input_file>
      <input_file id="fl-ff">
         <path>D:\ccs2011\ccs\tools\compiler\ti-cgt-armllvm_4.0.2.LTS\lib\armv6m-ti-none-eabi\</path>
         <kind>archive</kind>
         <file>libclang_rt.builtins.a</file>
         <name>aeabi_dcmp.S.obj</name>
      </input_file>
      <input_file id="fl-100">
         <path>D:\ccs2011\ccs\tools\compiler\ti-cgt-armllvm_4.0.2.LTS\lib\armv6m-ti-none-eabi\</path>
         <kind>archive</kind>
         <file>libclang_rt.builtins.a</file>
         <name>aeabi_idivmod.S.obj</name>
      </input_file>
      <input_file id="fl-101">
         <path>D:\ccs2011\ccs\tools\compiler\ti-cgt-armllvm_4.0.2.LTS\lib\armv6m-ti-none-eabi\</path>
         <kind>archive</kind>
         <file>libclang_rt.builtins.a</file>
         <name>aeabi_memcpy.S.obj</name>
      </input_file>
      <input_file id="fl-102">
         <path>D:\ccs2011\ccs\tools\compiler\ti-cgt-armllvm_4.0.2.LTS\lib\armv6m-ti-none-eabi\</path>
         <kind>archive</kind>
         <file>libclang_rt.builtins.a</file>
         <name>aeabi_memset.S.obj</name>
      </input_file>
      <input_file id="fl-103">
         <path>D:\ccs2011\ccs\tools\compiler\ti-cgt-armllvm_4.0.2.LTS\lib\armv6m-ti-none-eabi\</path>
         <kind>archive</kind>
         <file>libclang_rt.builtins.a</file>
         <name>aeabi_uidivmod.S.obj</name>
      </input_file>
      <input_file id="fl-104">
         <path>D:\ccs2011\ccs\tools\compiler\ti-cgt-armllvm_4.0.2.LTS\lib\armv6m-ti-none-eabi\</path>
         <kind>archive</kind>
         <file>libclang_rt.builtins.a</file>
         <name>aeabi_uldivmod.S.obj</name>
      </input_file>
      <input_file id="fl-105">
         <path>D:\ccs2011\ccs\tools\compiler\ti-cgt-armllvm_4.0.2.LTS\lib\armv6m-ti-none-eabi\</path>
         <kind>archive</kind>
         <file>libclang_rt.builtins.a</file>
         <name>udivmoddi4.S.obj</name>
      </input_file>
      <input_file id="fl-106">
         <path>D:\ccs2011\ccs\tools\compiler\ti-cgt-armllvm_4.0.2.LTS\lib\armv6m-ti-none-eabi\</path>
         <kind>archive</kind>
         <file>libclang_rt.builtins.a</file>
         <name>ashldi3.S.obj</name>
      </input_file>
      <input_file id="fl-107">
         <path>D:\ccs2011\ccs\tools\compiler\ti-cgt-armllvm_4.0.2.LTS\lib\armv6m-ti-none-eabi\</path>
         <kind>archive</kind>
         <file>libclang_rt.builtins.a</file>
         <name>comparedf2.c.obj</name>
      </input_file>
      <input_file id="fl-108">
         <path>D:\ccs2011\ccs\tools\compiler\ti-cgt-armllvm_4.0.2.LTS\lib\armv6m-ti-none-eabi\</path>
         <kind>archive</kind>
         <file>libclang_rt.builtins.a</file>
         <name>aeabi_div0.c.obj</name>
      </input_file>
      <input_file id="fl-109">
         <path>D:\ccs2011\ccs\tools\compiler\ti-cgt-armllvm_4.0.2.LTS\lib\armv6m-ti-none-eabi\c\</path>
         <kind>archive</kind>
         <file>libc.a</file>
         <name>getdevice.c.obj</name>
      </input_file>
      <input_file id="fl-10a">
         <path>D:\ccs2011\ccs\tools\compiler\ti-cgt-armllvm_4.0.2.LTS\lib\armv6m-ti-none-eabi\c\</path>
         <kind>archive</kind>
         <file>libc.a</file>
         <name>memcpy16.S.obj</name>
      </input_file>
      <input_file id="fl-10b">
         <path>D:\ccs2011\ccs\tools\compiler\ti-cgt-armllvm_4.0.2.LTS\lib\armv6m-ti-none-eabi\c\</path>
         <kind>archive</kind>
         <file>libc.a</file>
         <name>memset16.S.obj</name>
      </input_file>
      <input_file id="fl-10c">
         <path>D:\ccs2011\ccs\tools\compiler\ti-cgt-armllvm_4.0.2.LTS\lib\armv6m-ti-none-eabi\c\</path>
         <kind>archive</kind>
         <file>libc.a</file>
         <name>strcmp-armv6m.S.obj</name>
      </input_file>
   </input_file_list>
   <object_component_list>
      <object_component id="oc-18">
         <name>.intvecs</name>
         <load_address>0x0</load_address>
         <readonly>true</readonly>
         <run_address>0x0</run_address>
         <size>0xc0</size>
         <alignment>0x4</alignment>
         <input_file_ref idref="fl-3"/>
      </object_component>
      <object_component id="oc-101">
         <name>.text:__TI_printfi</name>
         <load_address>0xc0</load_address>
         <readonly>true</readonly>
         <executable>true</executable>
         <run_address>0xc0</run_address>
         <size>0x9d0</size>
         <alignment>0x4</alignment>
         <input_file_ref idref="fl-32"/>
      </object_component>
      <object_component id="oc-136">
         <name>.text._pconv_a</name>
         <load_address>0xa90</load_address>
         <readonly>true</readonly>
         <executable>true</executable>
         <run_address>0xa90</run_address>
         <size>0x220</size>
         <alignment>0x4</alignment>
         <input_file_ref idref="fl-32"/>
      </object_component>
      <object_component id="oc-13b">
         <name>.text._pconv_g</name>
         <load_address>0xcb0</load_address>
         <readonly>true</readonly>
         <executable>true</executable>
         <run_address>0xcb0</run_address>
         <size>0x1dc</size>
         <alignment>0x4</alignment>
         <input_file_ref idref="fl-32"/>
      </object_component>
      <object_component id="oc-c2">
         <name>.text.adddf3_subdf3</name>
         <load_address>0xe8c</load_address>
         <readonly>true</readonly>
         <executable>true</executable>
         <run_address>0xe8c</run_address>
         <size>0x192</size>
         <alignment>0x4</alignment>
         <input_file_ref idref="fl-f7"/>
      </object_component>
      <object_component id="oc-33">
         <name>.text.Default_Handler</name>
         <load_address>0x101e</load_address>
         <readonly>true</readonly>
         <executable>true</executable>
         <run_address>0x101e</run_address>
         <size>0x2</size>
         <alignment>0x2</alignment>
         <input_file_ref idref="fl-3"/>
      </object_component>
      <object_component id="oc-175">
         <name>.text.fcvt</name>
         <load_address>0x1020</load_address>
         <readonly>true</readonly>
         <executable>true</executable>
         <run_address>0x1020</run_address>
         <size>0x13c</size>
         <alignment>0x4</alignment>
         <input_file_ref idref="fl-32"/>
      </object_component>
      <object_component id="oc-13d">
         <name>.text._pconv_e</name>
         <load_address>0x115c</load_address>
         <readonly>true</readonly>
         <executable>true</executable>
         <run_address>0x115c</run_address>
         <size>0x120</size>
         <alignment>0x4</alignment>
         <input_file_ref idref="fl-32"/>
      </object_component>
      <object_component id="oc-ca">
         <name>.text.__divdf3</name>
         <load_address>0x127c</load_address>
         <readonly>true</readonly>
         <executable>true</executable>
         <run_address>0x127c</run_address>
         <size>0x10c</size>
         <alignment>0x4</alignment>
         <input_file_ref idref="fl-fa"/>
      </object_component>
      <object_component id="oc-be">
         <name>.text.__muldf3</name>
         <load_address>0x1388</load_address>
         <readonly>true</readonly>
         <executable>true</executable>
         <run_address>0x1388</run_address>
         <size>0xe4</size>
         <alignment>0x4</alignment>
         <input_file_ref idref="fl-f8"/>
      </object_component>
      <object_component id="oc-15c">
         <name>.text.scalbn</name>
         <load_address>0x146c</load_address>
         <readonly>true</readonly>
         <executable>true</executable>
         <run_address>0x146c</run_address>
         <size>0xd8</size>
         <alignment>0x4</alignment>
         <input_file_ref idref="fl-3e"/>
      </object_component>
      <object_component id="oc-34">
         <name>.text.GROUP1_IRQHandler</name>
         <load_address>0x1544</load_address>
         <readonly>true</readonly>
         <executable>true</executable>
         <run_address>0x1544</run_address>
         <size>0xc4</size>
         <alignment>0x4</alignment>
         <input_file_ref idref="fl-1"/>
      </object_component>
      <object_component id="oc-8a">
         <name>.text.findDouble</name>
         <load_address>0x1608</load_address>
         <readonly>true</readonly>
         <executable>true</executable>
         <run_address>0x1608</run_address>
         <size>0xc0</size>
         <alignment>0x4</alignment>
         <input_file_ref idref="fl-1"/>
      </object_component>
      <object_component id="oc-70">
         <name>.text.main</name>
         <load_address>0x16c8</load_address>
         <readonly>true</readonly>
         <executable>true</executable>
         <run_address>0x16c8</run_address>
         <size>0xa8</size>
         <alignment>0x4</alignment>
         <input_file_ref idref="fl-1"/>
      </object_component>
      <object_component id="oc-153">
         <name>.text</name>
         <load_address>0x1770</load_address>
         <readonly>true</readonly>
         <executable>true</executable>
         <run_address>0x1770</run_address>
         <size>0xa2</size>
         <alignment>0x4</alignment>
         <input_file_ref idref="fl-105"/>
      </object_component>
      <object_component id="oc-80">
         <name>.text:memcpy</name>
         <load_address>0x1812</load_address>
         <readonly>true</readonly>
         <executable>true</executable>
         <run_address>0x1812</run_address>
         <size>0x9a</size>
         <alignment>0x1</alignment>
         <input_file_ref idref="fl-10a"/>
      </object_component>
      <object_component id="oc-1c">
         <name>.text:decompress:lzss</name>
         <load_address>0x18ac</load_address>
         <readonly>true</readonly>
         <executable>true</executable>
         <run_address>0x18ac</run_address>
         <size>0x7c</size>
         <alignment>0x4</alignment>
         <input_file_ref idref="fl-31"/>
      </object_component>
      <object_component id="oc-173">
         <name>.text.__gedf2</name>
         <load_address>0x1928</load_address>
         <readonly>true</readonly>
         <executable>true</executable>
         <run_address>0x1928</run_address>
         <size>0x74</size>
         <alignment>0x4</alignment>
         <input_file_ref idref="fl-107"/>
      </object_component>
      <object_component id="oc-16d">
         <name>.text.__ledf2</name>
         <load_address>0x199c</load_address>
         <readonly>true</readonly>
         <executable>true</executable>
         <run_address>0x199c</run_address>
         <size>0x68</size>
         <alignment>0x4</alignment>
         <input_file_ref idref="fl-107"/>
      </object_component>
      <object_component id="oc-16c">
         <name>.text._mcpy</name>
         <load_address>0x1a04</load_address>
         <readonly>true</readonly>
         <executable>true</executable>
         <run_address>0x1a04</run_address>
         <size>0x66</size>
         <alignment>0x2</alignment>
         <input_file_ref idref="fl-32"/>
      </object_component>
      <object_component id="oc-141">
         <name>.text.__aeabi_idiv0</name>
         <load_address>0x1a6a</load_address>
         <readonly>true</readonly>
         <executable>true</executable>
         <run_address>0x1a6a</run_address>
         <size>0x2</size>
         <alignment>0x2</alignment>
         <input_file_ref idref="fl-108"/>
      </object_component>
      <object_component id="oc-137">
         <name>.text.__aeabi_dcmp</name>
         <load_address>0x1a6c</load_address>
         <readonly>true</readonly>
         <executable>true</executable>
         <run_address>0x1a6c</run_address>
         <size>0x62</size>
         <alignment>0x4</alignment>
         <input_file_ref idref="fl-ff"/>
      </object_component>
      <object_component id="oc-b2">
         <name>.text:memset</name>
         <load_address>0x1ace</load_address>
         <readonly>true</readonly>
         <executable>true</executable>
         <run_address>0x1ace</run_address>
         <size>0x62</size>
         <alignment>0x1</alignment>
         <input_file_ref idref="fl-10b"/>
      </object_component>
      <object_component id="oc-b7">
         <name>.text.SYSCFG_DL_UART_0_init</name>
         <load_address>0x1b30</load_address>
         <readonly>true</readonly>
         <executable>true</executable>
         <run_address>0x1b30</run_address>
         <size>0x60</size>
         <alignment>0x4</alignment>
         <input_file_ref idref="fl-2"/>
      </object_component>
      <object_component id="oc-158">
         <name>.text.frexp</name>
         <load_address>0x1b90</load_address>
         <readonly>true</readonly>
         <executable>true</executable>
         <run_address>0x1b90</run_address>
         <size>0x5c</size>
         <alignment>0x4</alignment>
         <input_file_ref idref="fl-3d"/>
      </object_component>
      <object_component id="oc-164">
         <name>.text.__TI_ltoa</name>
         <load_address>0x1bec</load_address>
         <readonly>true</readonly>
         <executable>true</executable>
         <run_address>0x1bec</run_address>
         <size>0x58</size>
         <alignment>0x2</alignment>
         <input_file_ref idref="fl-36"/>
      </object_component>
      <object_component id="oc-13c">
         <name>.text._pconv_f</name>
         <load_address>0x1c44</load_address>
         <readonly>true</readonly>
         <executable>true</executable>
         <run_address>0x1c44</run_address>
         <size>0x58</size>
         <alignment>0x2</alignment>
         <input_file_ref idref="fl-32"/>
      </object_component>
      <object_component id="oc-187">
         <name>.text.__aeabi_idivmod</name>
         <load_address>0x1c9c</load_address>
         <readonly>true</readonly>
         <executable>true</executable>
         <run_address>0x1c9c</run_address>
         <size>0x56</size>
         <alignment>0x4</alignment>
         <input_file_ref idref="fl-100"/>
      </object_component>
      <object_component id="oc-16a">
         <name>.text._ecpy</name>
         <load_address>0x1cf2</load_address>
         <readonly>true</readonly>
         <executable>true</executable>
         <run_address>0x1cf2</run_address>
         <size>0x52</size>
         <alignment>0x2</alignment>
         <input_file_ref idref="fl-32"/>
      </object_component>
      <object_component id="oc-160">
         <name>.text.__fixdfsi</name>
         <load_address>0x1d44</load_address>
         <readonly>true</readonly>
         <executable>true</executable>
         <run_address>0x1d44</run_address>
         <size>0x4a</size>
         <alignment>0x4</alignment>
         <input_file_ref idref="fl-fb"/>
      </object_component>
      <object_component id="oc-17a">
         <name>.text.__aeabi_ldiv0</name>
         <load_address>0x1d8e</load_address>
         <readonly>true</readonly>
         <executable>true</executable>
         <run_address>0x1d8e</run_address>
         <size>0x2</size>
         <alignment>0x2</alignment>
         <input_file_ref idref="fl-108"/>
      </object_component>
      <object_component id="oc-ee">
         <name>.text.DL_UART_init</name>
         <load_address>0x1d90</load_address>
         <readonly>true</readonly>
         <executable>true</executable>
         <run_address>0x1d90</run_address>
         <size>0x48</size>
         <alignment>0x4</alignment>
         <input_file_ref idref="fl-12"/>
      </object_component>
      <object_component id="oc-b4">
         <name>.text.SYSCFG_DL_GPIO_init</name>
         <load_address>0x1dd8</load_address>
         <readonly>true</readonly>
         <executable>true</executable>
         <run_address>0x1dd8</run_address>
         <size>0x48</size>
         <alignment>0x4</alignment>
         <input_file_ref idref="fl-2"/>
      </object_component>
      <object_component id="oc-11a">
         <name>.text.__aeabi_uidivmod</name>
         <load_address>0x1e20</load_address>
         <readonly>true</readonly>
         <executable>true</executable>
         <run_address>0x1e20</run_address>
         <size>0x40</size>
         <alignment>0x4</alignment>
         <input_file_ref idref="fl-103"/>
      </object_component>
      <object_component id="oc-120">
         <name>.text.atoi</name>
         <load_address>0x1e60</load_address>
         <readonly>true</readonly>
         <executable>true</executable>
         <run_address>0x1e60</run_address>
         <size>0x40</size>
         <alignment>0x4</alignment>
         <input_file_ref idref="fl-39"/>
      </object_component>
      <object_component id="oc-9a">
         <name>.text:__TI_auto_init_nobinit_nopinit</name>
         <load_address>0x1ea0</load_address>
         <readonly>true</readonly>
         <executable>true</executable>
         <run_address>0x1ea0</run_address>
         <size>0x3c</size>
         <alignment>0x4</alignment>
         <input_file_ref idref="fl-2c"/>
      </object_component>
      <object_component id="oc-f2">
         <name>.text.__muldsi3</name>
         <load_address>0x1edc</load_address>
         <readonly>true</readonly>
         <executable>true</executable>
         <run_address>0x1edc</run_address>
         <size>0x3a</size>
         <alignment>0x4</alignment>
         <input_file_ref idref="fl-f9"/>
      </object_component>
      <object_component id="oc-8b">
         <name>.text.sprintf</name>
         <load_address>0x1f18</load_address>
         <readonly>true</readonly>
         <executable>true</executable>
         <run_address>0x1f18</run_address>
         <size>0x38</size>
         <alignment>0x4</alignment>
         <input_file_ref idref="fl-29"/>
      </object_component>
      <object_component id="oc-16b">
         <name>.text._fcpy</name>
         <load_address>0x1f50</load_address>
         <readonly>true</readonly>
         <executable>true</executable>
         <run_address>0x1f50</run_address>
         <size>0x30</size>
         <alignment>0x2</alignment>
         <input_file_ref idref="fl-32"/>
      </object_component>
      <object_component id="oc-b3">
         <name>.text.SYSCFG_DL_initPower</name>
         <load_address>0x1f80</load_address>
         <readonly>true</readonly>
         <executable>true</executable>
         <run_address>0x1f80</run_address>
         <size>0x2c</size>
         <alignment>0x4</alignment>
         <input_file_ref idref="fl-2"/>
      </object_component>
      <object_component id="oc-c6">
         <name>.text.__floatsidf</name>
         <load_address>0x1fac</load_address>
         <readonly>true</readonly>
         <executable>true</executable>
         <run_address>0x1fac</run_address>
         <size>0x2c</size>
         <alignment>0x4</alignment>
         <input_file_ref idref="fl-fc"/>
      </object_component>
      <object_component id="oc-55">
         <name>.text:_c_int00_noargs</name>
         <load_address>0x1fd8</load_address>
         <readonly>true</readonly>
         <executable>true</executable>
         <run_address>0x1fd8</run_address>
         <size>0x28</size>
         <alignment>0x4</alignment>
         <input_file_ref idref="fl-2a"/>
      </object_component>
      <object_component id="oc-b5">
         <name>.text.SYSCFG_DL_SYSCTL_init</name>
         <load_address>0x2000</load_address>
         <readonly>true</readonly>
         <executable>true</executable>
         <run_address>0x2000</run_address>
         <size>0x24</size>
         <alignment>0x4</alignment>
         <input_file_ref idref="fl-2"/>
      </object_component>
      <object_component id="oc-ba">
         <name>.text.__floatunsidf</name>
         <load_address>0x2024</load_address>
         <readonly>true</readonly>
         <executable>true</executable>
         <run_address>0x2024</run_address>
         <size>0x24</size>
         <alignment>0x4</alignment>
         <input_file_ref idref="fl-fd"/>
      </object_component>
      <object_component id="oc-12d">
         <name>.text.__muldi3</name>
         <load_address>0x2048</load_address>
         <readonly>true</readonly>
         <executable>true</executable>
         <run_address>0x2048</run_address>
         <size>0x24</size>
         <alignment>0x4</alignment>
         <input_file_ref idref="fl-fe"/>
      </object_component>
      <object_component id="oc-115">
         <name>.text.memccpy</name>
         <load_address>0x206c</load_address>
         <readonly>true</readonly>
         <executable>true</executable>
         <run_address>0x206c</run_address>
         <size>0x22</size>
         <alignment>0x2</alignment>
         <input_file_ref idref="fl-3b"/>
      </object_component>
      <object_component id="oc-17b">
         <name>.text.__ashldi3</name>
         <load_address>0x2090</load_address>
         <readonly>true</readonly>
         <executable>true</executable>
         <run_address>0x2090</run_address>
         <size>0x1e</size>
         <alignment>0x4</alignment>
         <input_file_ref idref="fl-106"/>
      </object_component>
      <object_component id="oc-cf">
         <name>.text._outs</name>
         <load_address>0x20ae</load_address>
         <readonly>true</readonly>
         <executable>true</executable>
         <run_address>0x20ae</run_address>
         <size>0x18</size>
         <alignment>0x2</alignment>
         <input_file_ref idref="fl-29"/>
      </object_component>
      <object_component id="oc-85">
         <name>.text.SYSCFG_DL_init</name>
         <load_address>0x20c6</load_address>
         <readonly>true</readonly>
         <executable>true</executable>
         <run_address>0x20c6</run_address>
         <size>0x14</size>
         <alignment>0x2</alignment>
         <input_file_ref idref="fl-2"/>
      </object_component>
      <object_component id="oc-132">
         <name>.text.__aeabi_uldivmod</name>
         <load_address>0x20dc</load_address>
         <readonly>true</readonly>
         <executable>true</executable>
         <run_address>0x20dc</run_address>
         <size>0x14</size>
         <alignment>0x4</alignment>
         <input_file_ref idref="fl-104"/>
      </object_component>
      <object_component id="oc-169">
         <name>.text.strchr</name>
         <load_address>0x20f0</load_address>
         <readonly>true</readonly>
         <executable>true</executable>
         <run_address>0x20f0</run_address>
         <size>0x14</size>
         <alignment>0x2</alignment>
         <input_file_ref idref="fl-32"/>
      </object_component>
      <object_component id="oc-e8">
         <name>.text.DL_UART_setClockConfig</name>
         <load_address>0x2104</load_address>
         <readonly>true</readonly>
         <executable>true</executable>
         <run_address>0x2104</run_address>
         <size>0x12</size>
         <alignment>0x2</alignment>
         <input_file_ref idref="fl-12"/>
      </object_component>
      <object_component id="oc-20">
         <name>.text:decompress:none</name>
         <load_address>0x2116</load_address>
         <readonly>true</readonly>
         <executable>true</executable>
         <run_address>0x2116</run_address>
         <size>0x12</size>
         <alignment>0x2</alignment>
         <input_file_ref idref="fl-30"/>
      </object_component>
      <object_component id="oc-124">
         <name>.text.wcslen</name>
         <load_address>0x2128</load_address>
         <readonly>true</readonly>
         <executable>true</executable>
         <run_address>0x2128</run_address>
         <size>0x10</size>
         <alignment>0x2</alignment>
         <input_file_ref idref="fl-3f"/>
      </object_component>
      <object_component id="oc-114">
         <name>.text.__aeabi_memset</name>
         <load_address>0x2138</load_address>
         <readonly>true</readonly>
         <executable>true</executable>
         <run_address>0x2138</run_address>
         <size>0xe</size>
         <alignment>0x4</alignment>
         <input_file_ref idref="fl-102"/>
      </object_component>
      <object_component id="oc-113">
         <name>.text.strlen</name>
         <load_address>0x2146</load_address>
         <readonly>true</readonly>
         <executable>true</executable>
         <run_address>0x2146</run_address>
         <size>0xe</size>
         <alignment>0x2</alignment>
         <input_file_ref idref="fl-32"/>
      </object_component>
      <object_component id="oc-e4">
         <name>.text.DL_Common_delayCycles</name>
         <load_address>0x2154</load_address>
         <readonly>true</readonly>
         <executable>true</executable>
         <run_address>0x2154</run_address>
         <size>0xa</size>
         <alignment>0x2</alignment>
         <input_file_ref idref="fl-11"/>
      </object_component>
      <object_component id="oc-168">
         <name>.text.OUTLINED_FUNCTION_0</name>
         <load_address>0x215e</load_address>
         <readonly>true</readonly>
         <executable>true</executable>
         <run_address>0x215e</run_address>
         <size>0xa</size>
         <alignment>0x2</alignment>
         <input_file_ref idref="fl-32"/>
      </object_component>
      <object_component id="oc-1d8">
         <name>.tramp.__aeabi_dsub.1</name>
         <load_address>0x2168</load_address>
         <readonly>true</readonly>
         <executable>true</executable>
         <run_address>0x2168</run_address>
         <size>0x10</size>
         <alignment>0x4</alignment>
         <input_file_ref idref="fl-f7"/>
      </object_component>
      <object_component id="oc-176">
         <name>.text.OUTLINED_FUNCTION_1</name>
         <load_address>0x2178</load_address>
         <readonly>true</readonly>
         <executable>true</executable>
         <run_address>0x2178</run_address>
         <size>0xa</size>
         <alignment>0x2</alignment>
         <input_file_ref idref="fl-32"/>
      </object_component>
      <object_component id="oc-d0">
         <name>.text._outc</name>
         <load_address>0x2182</load_address>
         <readonly>true</readonly>
         <executable>true</executable>
         <run_address>0x2182</run_address>
         <size>0xa</size>
         <alignment>0x2</alignment>
         <input_file_ref idref="fl-29"/>
      </object_component>
      <object_component id="oc-128">
         <name>.text.__aeabi_errno_addr</name>
         <load_address>0x218c</load_address>
         <readonly>true</readonly>
         <executable>true</executable>
         <run_address>0x218c</run_address>
         <size>0x8</size>
         <alignment>0x4</alignment>
         <input_file_ref idref="fl-33"/>
      </object_component>
      <object_component id="oc-45">
         <name>.text.__aeabi_memcpy</name>
         <load_address>0x2194</load_address>
         <readonly>true</readonly>
         <executable>true</executable>
         <run_address>0x2194</run_address>
         <size>0x8</size>
         <alignment>0x4</alignment>
         <input_file_ref idref="fl-101"/>
      </object_component>
      <object_component id="oc-93">
         <name>.text:abort</name>
         <load_address>0x219c</load_address>
         <readonly>true</readonly>
         <executable>true</executable>
         <run_address>0x219c</run_address>
         <size>0x6</size>
         <alignment>0x2</alignment>
         <input_file_ref idref="fl-34"/>
      </object_component>
      <object_component id="oc-d3">
         <name>.text.HOSTexit</name>
         <load_address>0x21a2</load_address>
         <readonly>true</readonly>
         <executable>true</executable>
         <run_address>0x21a2</run_address>
         <size>0x4</size>
         <alignment>0x2</alignment>
         <input_file_ref idref="fl-e7"/>
      </object_component>
      <object_component id="oc-2f">
         <name>.text.Reset_Handler</name>
         <load_address>0x21a6</load_address>
         <readonly>true</readonly>
         <executable>true</executable>
         <run_address>0x21a6</run_address>
         <size>0x4</size>
         <alignment>0x2</alignment>
         <input_file_ref idref="fl-3"/>
      </object_component>
      <object_component id="oc-6c">
         <name>.text._system_pre_init</name>
         <load_address>0x21aa</load_address>
         <readonly>true</readonly>
         <executable>true</executable>
         <run_address>0x21aa</run_address>
         <size>0x4</size>
         <alignment>0x2</alignment>
         <input_file_ref idref="fl-2d"/>
      </object_component>
      <object_component id="oc-1d5">
         <name>.cinit..data.load</name>
         <load_address>0x22f0</load_address>
         <readonly>true</readonly>
         <run_address>0x22f0</run_address>
         <size>0xe</size>
         <alignment>0x1</alignment>
      </object_component>
      <object_component id="oc-1d3">
         <name>__TI_handler_table</name>
         <load_address>0x2300</load_address>
         <readonly>true</readonly>
         <run_address>0x2300</run_address>
         <size>0x8</size>
         <alignment>0x4</alignment>
      </object_component>
      <object_component id="oc-1d4">
         <name>__TI_cinit_table</name>
         <load_address>0x2308</load_address>
         <readonly>true</readonly>
         <run_address>0x2308</run_address>
         <size>0x8</size>
         <alignment>0x4</alignment>
      </object_component>
      <object_component id="oc-147">
         <name>.rodata:__aeabi_ctype_table_</name>
         <load_address>0x21b0</load_address>
         <readonly>true</readonly>
         <run_address>0x21b0</run_address>
         <size>0x101</size>
         <alignment>0x10</alignment>
         <input_file_ref idref="fl-44"/>
      </object_component>
      <object_component id="oc-131">
         <name>.rodata.str1.10348868589481759720.1</name>
         <load_address>0x22b1</load_address>
         <readonly>true</readonly>
         <run_address>0x22b1</run_address>
         <size>0x11</size>
         <alignment>0x1</alignment>
         <input_file_ref idref="fl-32"/>
      </object_component>
      <object_component id="oc-119">
         <name>.rodata.str1.15363888844622738466.1</name>
         <load_address>0x22c2</load_address>
         <readonly>true</readonly>
         <run_address>0x22c2</run_address>
         <size>0x11</size>
         <alignment>0x1</alignment>
         <input_file_ref idref="fl-32"/>
      </object_component>
      <object_component id="oc-f0">
         <name>.rodata.gUART_0Config</name>
         <load_address>0x22d4</load_address>
         <readonly>true</readonly>
         <run_address>0x22d4</run_address>
         <size>0xa</size>
         <alignment>0x2</alignment>
         <input_file_ref idref="fl-2"/>
      </object_component>
      <object_component id="oc-92">
         <name>.rodata.str1.7741380232709453380.1</name>
         <load_address>0x22de</load_address>
         <readonly>true</readonly>
         <run_address>0x22de</run_address>
         <size>0x4</size>
         <alignment>0x1</alignment>
         <input_file_ref idref="fl-1"/>
      </object_component>
      <object_component id="oc-ef">
         <name>.rodata.gUART_0ClockConfig</name>
         <load_address>0x22e2</load_address>
         <readonly>true</readonly>
         <run_address>0x22e2</run_address>
         <size>0x2</size>
         <alignment>0x1</alignment>
         <input_file_ref idref="fl-2"/>
      </object_component>
      <object_component id="oc-19b">
         <name>.binit</name>
         <load_address>0x0</load_address>
         <readonly>true</readonly>
         <run_address>0x0</run_address>
         <size>0x0</size>
         <alignment>0x4</alignment>
      </object_component>
      <object_component id="oc-5d">
         <name>.data.LCD_Byte</name>
         <load_address>0x2000001e</load_address>
         <readwrite>true</readwrite>
         <run_address>0x2000001e</run_address>
         <size>0x1</size>
         <alignment>0x1</alignment>
         <input_file_ref idref="fl-1"/>
      </object_component>
      <object_component id="oc-60">
         <name>.data.LCD_Data</name>
         <load_address>0x20000000</load_address>
         <readwrite>true</readwrite>
         <run_address>0x20000000</run_address>
         <size>0x1e</size>
         <alignment>0x1</alignment>
         <input_file_ref idref="fl-1"/>
      </object_component>
      <object_component id="oc-5c">
         <name>.data.LCD_Decoding</name>
         <load_address>0x2000001f</load_address>
         <readwrite>true</readwrite>
         <run_address>0x2000001f</run_address>
         <size>0x1</size>
         <alignment>0x1</alignment>
         <input_file_ref idref="fl-1"/>
      </object_component>
      <object_component id="oc-5e">
         <name>.data.LCD_StartFound</name>
         <load_address>0x20000030</load_address>
         <readwrite>true</readwrite>
         <run_address>0x20000030</run_address>
         <size>0x1</size>
         <alignment>0x1</alignment>
         <input_file_ref idref="fl-1"/>
      </object_component>
      <object_component id="oc-5f">
         <name>.data.LCD_Data_p</name>
         <load_address>0x20000028</load_address>
         <readwrite>true</readwrite>
         <run_address>0x20000028</run_address>
         <size>0x4</size>
         <alignment>0x4</alignment>
         <input_file_ref idref="fl-1"/>
      </object_component>
      <object_component id="oc-91">
         <name>.data.freq</name>
         <load_address>0x20000020</load_address>
         <readwrite>true</readwrite>
         <run_address>0x20000020</run_address>
         <size>0x8</size>
         <alignment>0x8</alignment>
         <input_file_ref idref="fl-1"/>
      </object_component>
      <object_component id="oc-14e">
         <name>.data.__aeabi_errno</name>
         <load_address>0x2000002c</load_address>
         <readwrite>true</readwrite>
         <run_address>0x2000002c</run_address>
         <size>0x4</size>
         <alignment>0x4</alignment>
         <input_file_ref idref="fl-33"/>
      </object_component>
      <object_component id="oc-1a">
         <name>.stack</name>
         <uninitialized>true</uninitialized>
         <readwrite>true</readwrite>
         <run_address>0x20000700</run_address>
         <size>0x4</size>
         <alignment>0x4</alignment>
         <input_file_ref idref="fl-2a"/>
      </object_component>
      <object_component id="oc-1d7">
         <name>.stack</name>
         <uninitialized>true</uninitialized>
         <readwrite>true</readwrite>
         <run_address>0x20000700</run_address>
         <size>0x0</size>
         <alignment>0x8</alignment>
      </object_component>
      <object_component id="oc-35">
         <name>.debug_loc</name>
         <load_address>0x0</load_address>
         <run_address>0x0</run_address>
         <size>0x38c</size>
         <alignment>0x1</alignment>
         <input_file_ref idref="fl-1"/>
      </object_component>
      <object_component id="oc-b6">
         <name>.debug_loc</name>
         <load_address>0x38c</load_address>
         <run_address>0x38c</run_address>
         <size>0xc8</size>
         <alignment>0x1</alignment>
         <input_file_ref idref="fl-2"/>
      </object_component>
      <object_component id="oc-10f">
         <name>.debug_loc</name>
         <load_address>0x454</load_address>
         <run_address>0x454</run_address>
         <size>0x13</size>
         <alignment>0x1</alignment>
         <input_file_ref idref="fl-11"/>
      </object_component>
      <object_component id="oc-eb">
         <name>.debug_loc</name>
         <load_address>0x467</load_address>
         <run_address>0x467</run_address>
         <size>0x7bc</size>
         <alignment>0x1</alignment>
         <input_file_ref idref="fl-12"/>
      </object_component>
      <object_component id="oc-90">
         <name>.debug_loc</name>
         <load_address>0xc23</load_address>
         <run_address>0xc23</run_address>
         <size>0x136</size>
         <alignment>0x1</alignment>
         <input_file_ref idref="fl-29"/>
      </object_component>
      <object_component id="oc-40">
         <name>.debug_loc</name>
         <load_address>0xd59</load_address>
         <run_address>0xd59</run_address>
         <size>0xd8</size>
         <alignment>0x1</alignment>
         <input_file_ref idref="fl-2a"/>
      </object_component>
      <object_component id="oc-9c">
         <name>.debug_loc</name>
         <load_address>0xe31</load_address>
         <run_address>0xe31</run_address>
         <size>0x424</size>
         <alignment>0x1</alignment>
         <input_file_ref idref="fl-2c"/>
      </object_component>
      <object_component id="oc-4b">
         <name>.debug_loc</name>
         <load_address>0x1255</load_address>
         <run_address>0x1255</run_address>
         <size>0x6f</size>
         <alignment>0x1</alignment>
         <input_file_ref idref="fl-30"/>
      </object_component>
      <object_component id="oc-43">
         <name>.debug_loc</name>
         <load_address>0x12c4</load_address>
         <run_address>0x12c4</run_address>
         <size>0x167</size>
         <alignment>0x1</alignment>
         <input_file_ref idref="fl-31"/>
      </object_component>
      <object_component id="oc-fb">
         <name>.debug_loc</name>
         <load_address>0x142b</load_address>
         <run_address>0x142b</run_address>
         <size>0x32d8</size>
         <alignment>0x1</alignment>
         <input_file_ref idref="fl-32"/>
      </object_component>
      <object_component id="oc-151">
         <name>.debug_loc</name>
         <load_address>0x4703</load_address>
         <run_address>0x4703</run_address>
         <size>0x101</size>
         <alignment>0x1</alignment>
         <input_file_ref idref="fl-33"/>
      </object_component>
      <object_component id="oc-99">
         <name>.debug_loc</name>
         <load_address>0x4804</load_address>
         <run_address>0x4804</run_address>
         <size>0x26</size>
         <alignment>0x1</alignment>
         <input_file_ref idref="fl-34"/>
      </object_component>
      <object_component id="oc-18d">
         <name>.debug_loc</name>
         <load_address>0x482a</load_address>
         <run_address>0x482a</run_address>
         <size>0x8f</size>
         <alignment>0x1</alignment>
         <input_file_ref idref="fl-36"/>
      </object_component>
      <object_component id="oc-14a">
         <name>.debug_loc</name>
         <load_address>0x48b9</load_address>
         <run_address>0x48b9</run_address>
         <size>0x66</size>
         <alignment>0x1</alignment>
         <input_file_ref idref="fl-39"/>
      </object_component>
      <object_component id="oc-140">
         <name>.debug_loc</name>
         <load_address>0x491f</load_address>
         <run_address>0x491f</run_address>
         <size>0xbf</size>
         <alignment>0x1</alignment>
         <input_file_ref idref="fl-3b"/>
      </object_component>
      <object_component id="oc-182">
         <name>.debug_loc</name>
         <load_address>0x49de</load_address>
         <run_address>0x49de</run_address>
         <size>0x9c</size>
         <alignment>0x1</alignment>
         <input_file_ref idref="fl-3d"/>
      </object_component>
      <object_component id="oc-185">
         <name>.debug_loc</name>
         <load_address>0x4a7a</load_address>
         <run_address>0x4a7a</run_address>
         <size>0x127</size>
         <alignment>0x1</alignment>
         <input_file_ref idref="fl-3e"/>
      </object_component>
      <object_component id="oc-14d">
         <name>.debug_loc</name>
         <load_address>0x4ba1</load_address>
         <run_address>0x4ba1</run_address>
         <size>0x33</size>
         <alignment>0x1</alignment>
         <input_file_ref idref="fl-3f"/>
      </object_component>
      <object_component id="oc-16f">
         <name>.debug_loc</name>
         <load_address>0x4bd4</load_address>
         <run_address>0x4bd4</run_address>
         <size>0x363</size>
         <alignment>0x1</alignment>
         <input_file_ref idref="fl-107"/>
      </object_component>
      <object_component id="oc-179">
         <name>.debug_loc</name>
         <load_address>0x4f37</load_address>
         <run_address>0x4f37</run_address>
         <size>0x20</size>
         <alignment>0x1</alignment>
         <input_file_ref idref="fl-108"/>
      </object_component>
      <object_component id="oc-61">
         <name>.debug_abbrev</name>
         <load_address>0x0</load_address>
         <run_address>0x0</run_address>
         <size>0x23e</size>
         <alignment>0x1</alignment>
         <input_file_ref idref="fl-1"/>
      </object_component>
      <object_component id="oc-b8">
         <name>.debug_abbrev</name>
         <load_address>0x23e</load_address>
         <run_address>0x23e</run_address>
         <size>0x1b4</size>
         <alignment>0x1</alignment>
         <input_file_ref idref="fl-2"/>
      </object_component>
      <object_component id="oc-3a">
         <name>.debug_abbrev</name>
         <load_address>0x3f2</load_address>
         <run_address>0x3f2</run_address>
         <size>0x6d</size>
         <alignment>0x1</alignment>
         <input_file_ref idref="fl-3"/>
      </object_component>
      <object_component id="oc-10d">
         <name>.debug_abbrev</name>
         <load_address>0x45f</load_address>
         <run_address>0x45f</run_address>
         <size>0x62</size>
         <alignment>0x1</alignment>
         <input_file_ref idref="fl-11"/>
      </object_component>
      <object_component id="oc-110">
         <name>.debug_abbrev</name>
         <load_address>0x4c1</load_address>
         <run_address>0x4c1</run_address>
         <size>0x29b</size>
         <alignment>0x1</alignment>
         <input_file_ref idref="fl-12"/>
      </object_component>
      <object_component id="oc-d1">
         <name>.debug_abbrev</name>
         <load_address>0x75c</load_address>
         <run_address>0x75c</run_address>
         <size>0xe1</size>
         <alignment>0x1</alignment>
         <input_file_ref idref="fl-29"/>
      </object_component>
      <object_component id="oc-3c">
         <name>.debug_abbrev</name>
         <load_address>0x83d</load_address>
         <run_address>0x83d</run_address>
         <size>0xaf</size>
         <alignment>0x1</alignment>
         <input_file_ref idref="fl-2a"/>
      </object_component>
      <object_component id="oc-dd">
         <name>.debug_abbrev</name>
         <load_address>0x8ec</load_address>
         <run_address>0x8ec</run_address>
         <size>0x170</size>
         <alignment>0x1</alignment>
         <input_file_ref idref="fl-2c"/>
      </object_component>
      <object_component id="oc-83">
         <name>.debug_abbrev</name>
         <load_address>0xa5c</load_address>
         <run_address>0xa5c</run_address>
         <size>0x39</size>
         <alignment>0x1</alignment>
         <input_file_ref idref="fl-2d"/>
      </object_component>
      <object_component id="oc-49">
         <name>.debug_abbrev</name>
         <load_address>0xa95</load_address>
         <run_address>0xa95</run_address>
         <size>0x70</size>
         <alignment>0x1</alignment>
         <input_file_ref idref="fl-30"/>
      </object_component>
      <object_component id="oc-41">
         <name>.debug_abbrev</name>
         <load_address>0xb05</load_address>
         <run_address>0xb05</run_address>
         <size>0x8d</size>
         <alignment>0x1</alignment>
         <input_file_ref idref="fl-31"/>
      </object_component>
      <object_component id="oc-11e">
         <name>.debug_abbrev</name>
         <load_address>0xb92</load_address>
         <run_address>0xb92</run_address>
         <size>0x2a3</size>
         <alignment>0x1</alignment>
         <input_file_ref idref="fl-32"/>
      </object_component>
      <object_component id="oc-14f">
         <name>.debug_abbrev</name>
         <load_address>0xe35</load_address>
         <run_address>0xe35</run_address>
         <size>0x148</size>
         <alignment>0x1</alignment>
         <input_file_ref idref="fl-33"/>
      </object_component>
      <object_component id="oc-d7">
         <name>.debug_abbrev</name>
         <load_address>0xf7d</load_address>
         <run_address>0xf7d</run_address>
         <size>0x98</size>
         <alignment>0x1</alignment>
         <input_file_ref idref="fl-34"/>
      </object_component>
      <object_component id="oc-18b">
         <name>.debug_abbrev</name>
         <load_address>0x1015</load_address>
         <run_address>0x1015</run_address>
         <size>0x95</size>
         <alignment>0x1</alignment>
         <input_file_ref idref="fl-36"/>
      </object_component>
      <object_component id="oc-148">
         <name>.debug_abbrev</name>
         <load_address>0x10aa</load_address>
         <run_address>0x10aa</run_address>
         <size>0x72</size>
         <alignment>0x1</alignment>
         <input_file_ref idref="fl-39"/>
      </object_component>
      <object_component id="oc-13e">
         <name>.debug_abbrev</name>
         <load_address>0x111c</load_address>
         <run_address>0x111c</run_address>
         <size>0x8b</size>
         <alignment>0x1</alignment>
         <input_file_ref idref="fl-3b"/>
      </object_component>
      <object_component id="oc-180">
         <name>.debug_abbrev</name>
         <load_address>0x11a7</load_address>
         <run_address>0x11a7</run_address>
         <size>0x81</size>
         <alignment>0x1</alignment>
         <input_file_ref idref="fl-3d"/>
      </object_component>
      <object_component id="oc-183">
         <name>.debug_abbrev</name>
         <load_address>0x1228</load_address>
         <run_address>0x1228</run_address>
         <size>0x88</size>
         <alignment>0x1</alignment>
         <input_file_ref idref="fl-3e"/>
      </object_component>
      <object_component id="oc-14b">
         <name>.debug_abbrev</name>
         <load_address>0x12b0</load_address>
         <run_address>0x12b0</run_address>
         <size>0x72</size>
         <alignment>0x1</alignment>
         <input_file_ref idref="fl-3f"/>
      </object_component>
      <object_component id="oc-102">
         <name>.debug_abbrev</name>
         <load_address>0x1322</load_address>
         <run_address>0x1322</run_address>
         <size>0x2c</size>
         <alignment>0x1</alignment>
         <input_file_ref idref="fl-e7"/>
      </object_component>
      <object_component id="oc-f7">
         <name>.debug_abbrev</name>
         <load_address>0x134e</load_address>
         <run_address>0x134e</run_address>
         <size>0x27</size>
         <alignment>0x1</alignment>
         <input_file_ref idref="fl-f7"/>
      </object_component>
      <object_component id="oc-f6">
         <name>.debug_abbrev</name>
         <load_address>0x1375</load_address>
         <run_address>0x1375</run_address>
         <size>0x27</size>
         <alignment>0x1</alignment>
         <input_file_ref idref="fl-f8"/>
      </object_component>
      <object_component id="oc-112">
         <name>.debug_abbrev</name>
         <load_address>0x139c</load_address>
         <run_address>0x139c</run_address>
         <size>0x27</size>
         <alignment>0x1</alignment>
         <input_file_ref idref="fl-f9"/>
      </object_component>
      <object_component id="oc-f9">
         <name>.debug_abbrev</name>
         <load_address>0x13c3</load_address>
         <run_address>0x13c3</run_address>
         <size>0x27</size>
         <alignment>0x1</alignment>
         <input_file_ref idref="fl-fa"/>
      </object_component>
      <object_component id="oc-186">
         <name>.debug_abbrev</name>
         <load_address>0x13ea</load_address>
         <run_address>0x13ea</run_address>
         <size>0x27</size>
         <alignment>0x1</alignment>
         <input_file_ref idref="fl-fb"/>
      </object_component>
      <object_component id="oc-f8">
         <name>.debug_abbrev</name>
         <load_address>0x1411</load_address>
         <run_address>0x1411</run_address>
         <size>0x27</size>
         <alignment>0x1</alignment>
         <input_file_ref idref="fl-fc"/>
      </object_component>
      <object_component id="oc-f1">
         <name>.debug_abbrev</name>
         <load_address>0x1438</load_address>
         <run_address>0x1438</run_address>
         <size>0x27</size>
         <alignment>0x1</alignment>
         <input_file_ref idref="fl-fd"/>
      </object_component>
      <object_component id="oc-152">
         <name>.debug_abbrev</name>
         <load_address>0x145f</load_address>
         <run_address>0x145f</run_address>
         <size>0x27</size>
         <alignment>0x1</alignment>
         <input_file_ref idref="fl-fe"/>
      </object_component>
      <object_component id="oc-174">
         <name>.debug_abbrev</name>
         <load_address>0x1486</load_address>
         <run_address>0x1486</run_address>
         <size>0x27</size>
         <alignment>0x1</alignment>
         <input_file_ref idref="fl-ff"/>
      </object_component>
      <object_component id="oc-191">
         <name>.debug_abbrev</name>
         <load_address>0x14ad</load_address>
         <run_address>0x14ad</run_address>
         <size>0x27</size>
         <alignment>0x1</alignment>
         <input_file_ref idref="fl-100"/>
      </object_component>
      <object_component id="oc-64">
         <name>.debug_abbrev</name>
         <load_address>0x14d4</load_address>
         <run_address>0x14d4</run_address>
         <size>0x27</size>
         <alignment>0x1</alignment>
         <input_file_ref idref="fl-101"/>
      </object_component>
      <object_component id="oc-82">
         <name>.debug_abbrev</name>
         <load_address>0x14fb</load_address>
         <run_address>0x14fb</run_address>
         <size>0x25</size>
         <alignment>0x1</alignment>
         <input_file_ref idref="fl-102"/>
      </object_component>
      <object_component id="oc-146">
         <name>.debug_abbrev</name>
         <load_address>0x1520</load_address>
         <run_address>0x1520</run_address>
         <size>0x27</size>
         <alignment>0x1</alignment>
         <input_file_ref idref="fl-103"/>
      </object_component>
      <object_component id="oc-157">
         <name>.debug_abbrev</name>
         <load_address>0x1547</load_address>
         <run_address>0x1547</run_address>
         <size>0x27</size>
         <alignment>0x1</alignment>
         <input_file_ref idref="fl-104"/>
      </object_component>
      <object_component id="oc-17f">
         <name>.debug_abbrev</name>
         <load_address>0x156e</load_address>
         <run_address>0x156e</run_address>
         <size>0x27</size>
         <alignment>0x1</alignment>
         <input_file_ref idref="fl-105"/>
      </object_component>
      <object_component id="oc-190">
         <name>.debug_abbrev</name>
         <load_address>0x1595</load_address>
         <run_address>0x1595</run_address>
         <size>0x27</size>
         <alignment>0x1</alignment>
         <input_file_ref idref="fl-106"/>
      </object_component>
      <object_component id="oc-18e">
         <name>.debug_abbrev</name>
         <load_address>0x15bc</load_address>
         <run_address>0x15bc</run_address>
         <size>0xc8</size>
         <alignment>0x1</alignment>
         <input_file_ref idref="fl-107"/>
      </object_component>
      <object_component id="oc-177">
         <name>.debug_abbrev</name>
         <load_address>0x1684</load_address>
         <run_address>0x1684</run_address>
         <size>0x59</size>
         <alignment>0x1</alignment>
         <input_file_ref idref="fl-108"/>
      </object_component>
      <object_component id="oc-ac">
         <name>.debug_abbrev</name>
         <load_address>0x16dd</load_address>
         <run_address>0x16dd</run_address>
         <size>0x25</size>
         <alignment>0x1</alignment>
         <input_file_ref idref="fl-10a"/>
      </object_component>
      <object_component id="oc-e3">
         <name>.debug_abbrev</name>
         <load_address>0x1702</load_address>
         <run_address>0x1702</run_address>
         <size>0x25</size>
         <alignment>0x1</alignment>
         <input_file_ref idref="fl-10b"/>
      </object_component>
      <object_component id="oc-1da">
         <name>.debug_abbrev</name>
         <load_address>0x1727</load_address>
         <run_address>0x1727</run_address>
         <size>0x23</size>
         <alignment>0x0</alignment>
      </object_component>
      <object_component id="oc-37">
         <name>.debug_info</name>
         <load_address>0x0</load_address>
         <run_address>0x0</run_address>
         <size>0x15dd</size>
         <alignment>0x1</alignment>
         <input_file_ref idref="fl-1"/>
      </object_component>
      <object_component id="oc-87">
         <name>.debug_info</name>
         <load_address>0x15dd</load_address>
         <run_address>0x15dd</run_address>
         <size>0x1acd</size>
         <alignment>0x1</alignment>
         <input_file_ref idref="fl-2"/>
      </object_component>
      <object_component id="oc-19">
         <name>.debug_info</name>
         <load_address>0x30aa</load_address>
         <run_address>0x30aa</run_address>
         <size>0x80</size>
         <alignment>0x1</alignment>
         <input_file_ref idref="fl-3"/>
      </object_component>
      <object_component id="oc-e7">
         <name>.debug_info</name>
         <load_address>0x312a</load_address>
         <run_address>0x312a</run_address>
         <size>0x75</size>
         <alignment>0x1</alignment>
         <input_file_ref idref="fl-11"/>
      </object_component>
      <object_component id="oc-e9">
         <name>.debug_info</name>
         <load_address>0x319f</load_address>
         <run_address>0x319f</run_address>
         <size>0x12a6</size>
         <alignment>0x1</alignment>
         <input_file_ref idref="fl-12"/>
      </object_component>
      <object_component id="oc-8f">
         <name>.debug_info</name>
         <load_address>0x4445</load_address>
         <run_address>0x4445</run_address>
         <size>0x165</size>
         <alignment>0x1</alignment>
         <input_file_ref idref="fl-29"/>
      </object_component>
      <object_component id="oc-1b">
         <name>.debug_info</name>
         <load_address>0x45aa</load_address>
         <run_address>0x45aa</run_address>
         <size>0x423</size>
         <alignment>0x1</alignment>
         <input_file_ref idref="fl-2a"/>
      </object_component>
      <object_component id="oc-9b">
         <name>.debug_info</name>
         <load_address>0x49cd</load_address>
         <run_address>0x49cd</run_address>
         <size>0x744</size>
         <alignment>0x1</alignment>
         <input_file_ref idref="fl-2c"/>
      </object_component>
      <object_component id="oc-6e">
         <name>.debug_info</name>
         <load_address>0x5111</load_address>
         <run_address>0x5111</run_address>
         <size>0x46</size>
         <alignment>0x1</alignment>
         <input_file_ref idref="fl-2d"/>
      </object_component>
      <object_component id="oc-23">
         <name>.debug_info</name>
         <load_address>0x5157</load_address>
         <run_address>0x5157</run_address>
         <size>0xc6</size>
         <alignment>0x1</alignment>
         <input_file_ref idref="fl-30"/>
      </object_component>
      <object_component id="oc-1d">
         <name>.debug_info</name>
         <load_address>0x521d</load_address>
         <run_address>0x521d</run_address>
         <size>0x17c</size>
         <alignment>0x1</alignment>
         <input_file_ref idref="fl-31"/>
      </object_component>
      <object_component id="oc-fd">
         <name>.debug_info</name>
         <load_address>0x5399</load_address>
         <run_address>0x5399</run_address>
         <size>0x1f24</size>
         <alignment>0x1</alignment>
         <input_file_ref idref="fl-32"/>
      </object_component>
      <object_component id="oc-129">
         <name>.debug_info</name>
         <load_address>0x72bd</load_address>
         <run_address>0x72bd</run_address>
         <size>0x33d</size>
         <alignment>0x1</alignment>
         <input_file_ref idref="fl-33"/>
      </object_component>
      <object_component id="oc-94">
         <name>.debug_info</name>
         <load_address>0x75fa</load_address>
         <run_address>0x75fa</run_address>
         <size>0xf8</size>
         <alignment>0x1</alignment>
         <input_file_ref idref="fl-34"/>
      </object_component>
      <object_component id="oc-165">
         <name>.debug_info</name>
         <load_address>0x76f2</load_address>
         <run_address>0x76f2</run_address>
         <size>0xc2</size>
         <alignment>0x1</alignment>
         <input_file_ref idref="fl-36"/>
      </object_component>
      <object_component id="oc-121">
         <name>.debug_info</name>
         <load_address>0x77b4</load_address>
         <run_address>0x77b4</run_address>
         <size>0x9e</size>
         <alignment>0x1</alignment>
         <input_file_ref idref="fl-39"/>
      </object_component>
      <object_component id="oc-116">
         <name>.debug_info</name>
         <load_address>0x7852</load_address>
         <run_address>0x7852</run_address>
         <size>0xce</size>
         <alignment>0x1</alignment>
         <input_file_ref idref="fl-3b"/>
      </object_component>
      <object_component id="oc-159">
         <name>.debug_info</name>
         <load_address>0x7920</load_address>
         <run_address>0x7920</run_address>
         <size>0xf1</size>
         <alignment>0x1</alignment>
         <input_file_ref idref="fl-3d"/>
      </object_component>
      <object_component id="oc-15d">
         <name>.debug_info</name>
         <load_address>0x7a11</load_address>
         <run_address>0x7a11</run_address>
         <size>0x128</size>
         <alignment>0x1</alignment>
         <input_file_ref idref="fl-3e"/>
      </object_component>
      <object_component id="oc-125">
         <name>.debug_info</name>
         <load_address>0x7b39</load_address>
         <run_address>0x7b39</run_address>
         <size>0x97</size>
         <alignment>0x1</alignment>
         <input_file_ref idref="fl-3f"/>
      </object_component>
      <object_component id="oc-d4">
         <name>.debug_info</name>
         <load_address>0x7bd0</load_address>
         <run_address>0x7bd0</run_address>
         <size>0x3b</size>
         <alignment>0x1</alignment>
         <input_file_ref idref="fl-e7"/>
      </object_component>
      <object_component id="oc-c4">
         <name>.debug_info</name>
         <load_address>0x7c0b</load_address>
         <run_address>0x7c0b</run_address>
         <size>0x1a7</size>
         <alignment>0x1</alignment>
         <input_file_ref idref="fl-f7"/>
      </object_component>
      <object_component id="oc-c1">
         <name>.debug_info</name>
         <load_address>0x7db2</load_address>
         <run_address>0x7db2</run_address>
         <size>0x18d</size>
         <alignment>0x1</alignment>
         <input_file_ref idref="fl-f8"/>
      </object_component>
      <object_component id="oc-f3">
         <name>.debug_info</name>
         <load_address>0x7f3f</load_address>
         <run_address>0x7f3f</run_address>
         <size>0x18f</size>
         <alignment>0x1</alignment>
         <input_file_ref idref="fl-f9"/>
      </object_component>
      <object_component id="oc-cc">
         <name>.debug_info</name>
         <load_address>0x80ce</load_address>
         <run_address>0x80ce</run_address>
         <size>0x18d</size>
         <alignment>0x1</alignment>
         <input_file_ref idref="fl-fa"/>
      </object_component>
      <object_component id="oc-161">
         <name>.debug_info</name>
         <load_address>0x825b</load_address>
         <run_address>0x825b</run_address>
         <size>0x18f</size>
         <alignment>0x1</alignment>
         <input_file_ref idref="fl-fb"/>
      </object_component>
      <object_component id="oc-c7">
         <name>.debug_info</name>
         <load_address>0x83ea</load_address>
         <run_address>0x83ea</run_address>
         <size>0x193</size>
         <alignment>0x1</alignment>
         <input_file_ref idref="fl-fc"/>
      </object_component>
      <object_component id="oc-bd">
         <name>.debug_info</name>
         <load_address>0x857d</load_address>
         <run_address>0x857d</run_address>
         <size>0x197</size>
         <alignment>0x1</alignment>
         <input_file_ref idref="fl-fd"/>
      </object_component>
      <object_component id="oc-12f">
         <name>.debug_info</name>
         <load_address>0x8714</load_address>
         <run_address>0x8714</run_address>
         <size>0x18d</size>
         <alignment>0x1</alignment>
         <input_file_ref idref="fl-fe"/>
      </object_component>
      <object_component id="oc-139">
         <name>.debug_info</name>
         <load_address>0x88a1</load_address>
         <run_address>0x88a1</run_address>
         <size>0x217</size>
         <alignment>0x1</alignment>
         <input_file_ref idref="fl-ff"/>
      </object_component>
      <object_component id="oc-18a">
         <name>.debug_info</name>
         <load_address>0x8ab8</load_address>
         <run_address>0x8ab8</run_address>
         <size>0x1b9</size>
         <alignment>0x1</alignment>
         <input_file_ref idref="fl-100"/>
      </object_component>
      <object_component id="oc-48">
         <name>.debug_info</name>
         <load_address>0x8c71</load_address>
         <run_address>0x8c71</run_address>
         <size>0x199</size>
         <alignment>0x1</alignment>
         <input_file_ref idref="fl-101"/>
      </object_component>
      <object_component id="oc-69">
         <name>.debug_info</name>
         <load_address>0x8e0a</load_address>
         <run_address>0x8e0a</run_address>
         <size>0x1b5</size>
         <alignment>0x1</alignment>
         <input_file_ref idref="fl-102"/>
      </object_component>
      <object_component id="oc-11d">
         <name>.debug_info</name>
         <load_address>0x8fbf</load_address>
         <run_address>0x8fbf</run_address>
         <size>0x1bc</size>
         <alignment>0x1</alignment>
         <input_file_ref idref="fl-103"/>
      </object_component>
      <object_component id="oc-135">
         <name>.debug_info</name>
         <load_address>0x917b</load_address>
         <run_address>0x917b</run_address>
         <size>0x19d</size>
         <alignment>0x1</alignment>
         <input_file_ref idref="fl-104"/>
      </object_component>
      <object_component id="oc-154">
         <name>.debug_info</name>
         <load_address>0x9318</load_address>
         <run_address>0x9318</run_address>
         <size>0x195</size>
         <alignment>0x1</alignment>
         <input_file_ref idref="fl-105"/>
      </object_component>
      <object_component id="oc-17c">
         <name>.debug_info</name>
         <load_address>0x94ad</load_address>
         <run_address>0x94ad</run_address>
         <size>0x18f</size>
         <alignment>0x1</alignment>
         <input_file_ref idref="fl-106"/>
      </object_component>
      <object_component id="oc-170">
         <name>.debug_info</name>
[...]
      </symbol>
      <symbol id="sm-4">
         <name>__stop___llvm_prf_bits</name>
         <value>0x20000000</value>
      </symbol>
      <symbol id="sm-5">
         <name>__TI_CINIT_Base</name>
         <value>0x2308</value>
      </symbol>
      <symbol id="sm-6">
         <name>__TI_CINIT_Limit</name>
         <value>0x2310</value>
      </symbol>
      <symbol id="sm-7">
         <name>__TI_CINIT_Warm</name>
         <value>0x2310</value>
      </symbol>
      <symbol id="sm-8">
         <name>__TI_Handler_Table_Base</name>
         <value>0x2300</value>
      </symbol>
      <symbol id="sm-9">
         <name>__TI_Handler_Table_Limit</name>
         <value>0x2308</value>
      </symbol>
      <symbol id="sm-a">
         <name>binit</name>
         <value>0xffffffff</value>
      </symbol>
      <symbol id="sm-b">
         <name>__binit__</name>
         <value>0xffffffff</value>
      </symbol>
      <symbol id="sm-c">
         <name>__STACK_SIZE</name>
         <value>0x100</value>
      </symbol>
      <symbol id="sm-d">
         <name>__STACK_END</name>
         <value>0x20000800</value>
      </symbol>
      <symbol id="sm-e">
         <name>__TI_pprof_out_hndl</name>
         <value>0xffffffff</value>
      </symbol>
      <symbol id="sm-f">
         <name>__TI_prof_data_start</name>
         <value>0xffffffff</value>
      </symbol>
      <symbol id="sm-10">
         <name>__TI_prof_data_size</name>
         <value>0xffffffff</value>
      </symbol>
      <symbol id="sm-44">
         <name>findDouble</name>
         <value>0x1609</value>
         <object_component_ref idref="oc-8a"/>
      </symbol>
      <symbol id="sm-45">
         <name>main</name>
         <value>0x16c9</value>
         <object_component_ref idref="oc-70"/>
      </symbol>
      <symbol id="sm-46">
         <name>LCD_Decoding</name>
         <value>0x2000001f</value>
         <object_component_ref idref="oc-5c"/>
      </symbol>
      <symbol id="sm-47">
         <name>LCD_Data_p</name>
         <value>0x20000028</value>
         <object_component_ref idref="oc-5f"/>
      </symbol>
      <symbol id="sm-48">
         <name>freq</name>
         <value>0x20000020</value>
         <object_component_ref idref="oc-91"/>
      </symbol>
      <symbol id="sm-49">
         <name>GROUP1_IRQHandler</name>
         <value>0x1545</value>
         <object_component_ref idref="oc-34"/>
      </symbol>
      <symbol id="sm-4a">
         <name>LCD_Byte</name>
         <value>0x2000001e</value>
         <object_component_ref idref="oc-5d"/>
      </symbol>
      <symbol id="sm-4b">
         <name>LCD_StartFound</name>
         <value>0x20000030</value>
         <object_component_ref idref="oc-5e"/>
      </symbol>
      <symbol id="sm-4c">
         <name>LCD_Data</name>
         <value>0x20000000</value>
         <object_component_ref idref="oc-60"/>
      </symbol>
      <symbol id="sm-66">
         <name>SYSCFG_DL_init</name>
         <value>0x20c7</value>
         <object_component_ref idref="oc-85"/>
      </symbol>
      <symbol id="sm-67">
         <name>SYSCFG_DL_initPower</name>
         <value>0x1f81</value>
         <object_component_ref idref="oc-b3"/>
      </symbol>
      <symbol id="sm-68">
         <name>SYSCFG_DL_GPIO_init</name>
         <value>0x1dd9</value>
         <object_component_ref idref="oc-b4"/>
      </symbol>
      <symbol id="sm-69">
         <name>SYSCFG_DL_SYSCTL_init</name>
         <value>0x2001</value>
         <object_component_ref idref="oc-b5"/>
      </symbol>
      <symbol id="sm-6a">
         <name>SYSCFG_DL_UART_0_init</name>
         <value>0x1b31</value>
         <object_component_ref idref="oc-b7"/>
      </symbol>
      <symbol id="sm-75">
         <name>Default_Handler</name>
         <value>0x101f</value>
         <object_component_ref idref="oc-33"/>
      </symbol>
      <symbol id="sm-76">
         <name>Reset_Handler</name>
         <value>0x21a7</value>
         <object_component_ref idref="oc-2f"/>
      </symbol>
      <symbol id="sm-77">
         <name>interruptVectors</name>
         <value>0x0</value>
         <object_component_ref idref="oc-18"/>
      </symbol>
      <symbol id="sm-78">
         <name>NMI_Handler</name>
         <value>0x101f</value>
         <object_component_ref idref="oc-33"/>
      </symbol>
      <symbol id="sm-79">
         <name>HardFault_Handler</name>
         <value>0x101f</value>
         <object_component_ref idref="oc-33"/>
      </symbol>
      <symbol id="sm-7a">
         <name>SVC_Handler</name>
         <value>0x101f</value>
         <object_component_ref idref="oc-33"/>
      </symbol>
      <symbol id="sm-7b">
         <name>PendSV_Handler</name>
         <value>0x101f</value>
         <object_component_ref idref="oc-33"/>
      </symbol>
      <symbol id="sm-7c">
         <name>SysTick_Handler</name>
         <value>0x101f</value>
         <object_component_ref idref="oc-33"/>
      </symbol>
      <symbol id="sm-7d">
         <name>GROUP0_IRQHandler</name>
         <value>0x101f</value>
         <object_component_ref idref="oc-33"/>
      </symbol>
      <symbol id="sm-7e">
         <name>TIMG1_IRQHandler</name>
         <value>0x101f</value>
         <object_component_ref idref="oc-33"/>
      </symbol>
      <symbol id="sm-7f">
         <name>ADC0_IRQHandler</name>
         <value>0x101f</value>
         <object_component_ref idref="oc-33"/>
      </symbol>
      <symbol id="sm-80">
         <name>SPI0_IRQHandler</name>
         <value>0x101f</value>
         <object_component_ref idref="oc-33"/>
      </symbol>
      <symbol id="sm-81">
         <name>UART1_IRQHandler</name>
         <value>0x101f</value>
         <object_component_ref idref="oc-33"/>
      </symbol>
      <symbol id="sm-82">
         <name>UART0_IRQHandler</name>
         <value>0x101f</value>
         <object_component_ref idref="oc-33"/>
      </symbol>
      <symbol id="sm-83">
         <name>TIMG0_IRQHandler</name>
         <value>0x101f</value>
         <object_component_ref idref="oc-33"/>
      </symbol>
      <symbol id="sm-84">
         <name>TIMG2_IRQHandler</name>
         <value>0x101f</value>
         <object_component_ref idref="oc-33"/>
      </symbol>
      <symbol id="sm-85">
         <name>TIMG4_IRQHandler</name>
         <value>0x101f</value>
         <object_component_ref idref="oc-33"/>
      </symbol>
      <symbol id="sm-86">
         <name>I2C0_IRQHandler</name>
         <value>0x101f</value>
         <object_component_ref idref="oc-33"/>
      </symbol>
      <symbol id="sm-87">
         <name>I2C1_IRQHandler</name>
         <value>0x101f</value>
         <object_component_ref idref="oc-33"/>
      </symbol>
      <symbol id="sm-88">
         <name>DMA_IRQHandler</name>
         <value>0x101f</value>
         <object_component_ref idref="oc-33"/>
      </symbol>
      <symbol id="sm-89">
         <name>__TI_ATRegion0_src_addr</name>
         <value>0x0</value>
      </symbol>
      <symbol id="sm-8a">
         <name>__TI_ATRegion0_trg_addr</name>
         <value>0x0</value>
      </symbol>
      <symbol id="sm-8b">
         <name>__TI_ATRegion0_region_sz</name>
         <value>0x0</value>
      </symbol>
      <symbol id="sm-8c">
         <name>__TI_ATRegion1_src_addr</name>
         <value>0x0</value>
      </symbol>
      <symbol id="sm-8d">
         <name>__TI_ATRegion1_trg_addr</name>
         <value>0x0</value>
      </symbol>
      <symbol id="sm-8e">
         <name>__TI_ATRegion1_region_sz</name>
         <value>0x0</value>
      </symbol>
      <symbol id="sm-8f">
         <name>__TI_ATRegion2_src_addr</name>
         <value>0x0</value>
      </symbol>
      <symbol id="sm-90">
         <name>__TI_ATRegion2_trg_addr</name>
         <value>0x0</value>
      </symbol>
      <symbol id="sm-91">
         <name>__TI_ATRegion2_region_sz</name>
         <value>0x0</value>
      </symbol>
      <symbol id="sm-9a">
         <name>DL_Common_delayCycles</name>
         <value>0x2155</value>
         <object_component_ref idref="oc-e4"/>
      </symbol>
      <symbol id="sm-a7">
         <name>DL_UART_init</name>
         <value>0x1d91</value>
         <object_component_ref idref="oc-ee"/>
      </symbol>
      <symbol id="sm-a8">
         <name>DL_UART_setClockConfig</name>
         <value>0x2105</value>
         <object_component_ref idref="oc-e8"/>
      </symbol>
      <symbol id="sm-b9">
         <name>sprintf</name>
         <value>0x1f19</value>
         <object_component_ref idref="oc-8b"/>
      </symbol>
      <symbol id="sm-c4">
         <name>_c_int00_noargs</name>
         <value>0x1fd9</value>
         <object_component_ref idref="oc-55"/>
      </symbol>
      <symbol id="sm-c5">
         <name>__stack</name>
         <value>0x20000700</value>
         <object_component_ref idref="oc-1a"/>
      </symbol>
      <symbol id="sm-d1">
         <name>__TI_auto_init_nobinit_nopinit</name>
         <value>0x1ea1</value>
         <object_component_ref idref="oc-9a"/>
      </symbol>
      <symbol id="sm-d9">
         <name>_system_pre_init</name>
         <value>0x21ab</value>
         <object_component_ref idref="oc-6c"/>
      </symbol>
      <symbol id="sm-e4">
         <name>__TI_decompress_none</name>
         <value>0x2117</value>
         <object_component_ref idref="oc-20"/>
      </symbol>
      <symbol id="sm-ef">
         <name>__TI_decompress_lzss</name>
         <value>0x18ad</value>
         <object_component_ref idref="oc-1c"/>
      </symbol>
      <symbol id="sm-138">
         <name>__TI_printfi</name>
         <value>0xc1</value>
         <object_component_ref idref="oc-101"/>
      </symbol>
      <symbol id="sm-143">
         <name>__aeabi_errno_addr</name>
         <value>0x218d</value>
         <object_component_ref idref="oc-128"/>
      </symbol>
      <symbol id="sm-144">
         <name>__aeabi_errno</name>
         <value>0x2000002c</value>
         <object_component_ref idref="oc-14e"/>
      </symbol>
      <symbol id="sm-14e">
         <name>abort</name>
         <value>0x219d</value>
         <object_component_ref idref="oc-93"/>
      </symbol>
      <symbol id="sm-158">
         <name>__TI_ltoa</name>
         <value>0x1bed</value>
         <object_component_ref idref="oc-164"/>
      </symbol>
      <symbol id="sm-164">
         <name>atoi</name>
         <value>0x1e61</value>
         <object_component_ref idref="oc-120"/>
      </symbol>
      <symbol id="sm-16e">
         <name>memccpy</name>
         <value>0x206d</value>
         <object_component_ref idref="oc-115"/>
      </symbol>
      <symbol id="sm-179">
         <name>frexp</name>
         <value>0x1b91</value>
         <object_component_ref idref="oc-158"/>
      </symbol>
      <symbol id="sm-17a">
         <name>frexpl</name>
         <value>0x1b91</value>
         <object_component_ref idref="oc-158"/>
      </symbol>
      <symbol id="sm-184">
         <name>scalbn</name>
         <value>0x146d</value>
         <object_component_ref idref="oc-15c"/>
      </symbol>
      <symbol id="sm-185">
         <name>ldexp</name>
         <value>0x146d</value>
         <object_component_ref idref="oc-15c"/>
      </symbol>
      <symbol id="sm-186">
         <name>scalbnl</name>
         <value>0x146d</value>
         <object_component_ref idref="oc-15c"/>
      </symbol>
      <symbol id="sm-187">
         <name>ldexpl</name>
         <value>0x146d</value>
         <object_component_ref idref="oc-15c"/>
      </symbol>
      <symbol id="sm-190">
         <name>wcslen</name>
         <value>0x2129</value>
         <object_component_ref idref="oc-124"/>
      </symbol>
      <symbol id="sm-195">
         <name>__aeabi_ctype_table_</name>
         <value>0x21b0</value>
         <object_component_ref idref="oc-147"/>
      </symbol>
      <symbol id="sm-196">
         <name>__aeabi_ctype_table_C</name>
         <value>0x21b0</value>
         <object_component_ref idref="oc-147"/>
      </symbol>
      <symbol id="sm-1a1">
         <name>HOSTexit</name>
         <value>0x21a3</value>
         <object_component_ref idref="oc-d3"/>
      </symbol>
      <symbol id="sm-1a2">
         <name>C$$EXIT</name>
         <value>0x21a2</value>
         <object_component_ref idref="oc-d3"/>
      </symbol>
      <symbol id="sm-1b7">
         <name>__aeabi_dadd</name>
         <value>0xe97</value>
         <object_component_ref idref="oc-c2"/>
      </symbol>
      <symbol id="sm-1b8">
         <name>__adddf3</name>
         <value>0xe97</value>
         <object_component_ref idref="oc-c2"/>
      </symbol>
      <symbol id="sm-1b9">
         <name>__aeabi_dsub</name>
         <value>0xe8d</value>
         <object_component_ref idref="oc-c2"/>
      </symbol>
      <symbol id="sm-1ba">
         <name>__subdf3</name>
         <value>0xe8d</value>
         <object_component_ref idref="oc-c2"/>
      </symbol>
      <symbol id="sm-1c3">
         <name>__aeabi_dmul</name>
         <value>0x1389</value>
         <object_component_ref idref="oc-be"/>
      </symbol>
      <symbol id="sm-1c4">
         <name>__muldf3</name>
         <value>0x1389</value>
         <object_component_ref idref="oc-be"/>
      </symbol>
      <symbol id="sm-1ca">
         <name>__muldsi3</name>
         <value>0x1edd</value>
         <object_component_ref idref="oc-f2"/>
      </symbol>
      <symbol id="sm-1d0">
         <name>__aeabi_ddiv</name>
         <value>0x127d</value>
         <object_component_ref idref="oc-ca"/>
      </symbol>
      <symbol id="sm-1d1">
         <name>__divdf3</name>
         <value>0x127d</value>
         <object_component_ref idref="oc-ca"/>
      </symbol>
      <symbol id="sm-1d7">
         <name>__aeabi_d2iz</name>
         <value>0x1d45</value>
         <object_component_ref idref="oc-160"/>
      </symbol>
      <symbol id="sm-1d8">
         <name>__fixdfsi</name>
         <value>0x1d45</value>
         <object_component_ref idref="oc-160"/>
      </symbol>
      <symbol id="sm-1de">
         <name>__aeabi_i2d</name>
         <value>0x1fad</value>
         <object_component_ref idref="oc-c6"/>
      </symbol>
      <symbol id="sm-1df">
         <name>__floatsidf</name>
         <value>0x1fad</value>
         <object_component_ref idref="oc-c6"/>
      </symbol>
      <symbol id="sm-1e5">
         <name>__aeabi_ui2d</name>
         <value>0x2025</value>
         <object_component_ref idref="oc-ba"/>
      </symbol>
      <symbol id="sm-1e6">
         <name>__floatunsidf</name>
         <value>0x2025</value>
         <object_component_ref idref="oc-ba"/>
      </symbol>
      <symbol id="sm-1ec">
         <name>__aeabi_lmul</name>
         <value>0x2049</value>
         <object_component_ref idref="oc-12d"/>
      </symbol>
      <symbol id="sm-1ed">
         <name>__muldi3</name>
         <value>0x2049</value>
         <object_component_ref idref="oc-12d"/>
      </symbol>
      <symbol id="sm-1f3">
         <name>__aeabi_dcmpeq</name>
         <value>0x1a6d</value>
         <object_component_ref idref="oc-137"/>
      </symbol>
      <symbol id="sm-1f4">
         <name>__aeabi_dcmplt</name>
         <value>0x1a81</value>
         <object_component_ref idref="oc-137"/>
      </symbol>
      <symbol id="sm-1f5">
         <name>__aeabi_dcmple</name>
         <value>0x1a95</value>
         <object_component_ref idref="oc-137"/>
      </symbol>
      <symbol id="sm-1f6">
         <name>__aeabi_dcmpge</name>
         <value>0x1aa9</value>
         <object_component_ref idref="oc-137"/>
      </symbol>
      <symbol id="sm-1f7">
         <name>__aeabi_dcmpgt</name>
         <value>0x1abd</value>
         <object_component_ref idref="oc-137"/>
      </symbol>
      <symbol id="sm-1fd">
         <name>__aeabi_idiv</name>
         <value>0x1c9d</value>
         <object_component_ref idref="oc-187"/>
      </symbol>
      <symbol id="sm-1fe">
         <name>__aeabi_idivmod</name>
         <value>0x1c9d</value>
         <object_component_ref idref="oc-187"/>
      </symbol>
      <symbol id="sm-204">
         <name>__aeabi_memcpy</name>
         <value>0x2195</value>
         <object_component_ref idref="oc-45"/>
      </symbol>
      <symbol id="sm-205">
         <name>__aeabi_memcpy4</name>
         <value>0x2195</value>
         <object_component_ref idref="oc-45"/>
      </symbol>
      <symbol id="sm-206">
         <name>__aeabi_memcpy8</name>
         <value>0x2195</value>
         <object_component_ref idref="oc-45"/>
      </symbol>
      <symbol id="sm-20d">
         <name>__aeabi_memset</name>
         <value>0x2139</value>
         <object_component_ref idref="oc-114"/>
      </symbol>
      <symbol id="sm-20e">
         <name>__aeabi_memset4</name>
         <value>0x2139</value>
         <object_component_ref idref="oc-114"/>
      </symbol>
      <symbol id="sm-20f">
         <name>__aeabi_memset8</name>
         <value>0x2139</value>
         <object_component_ref idref="oc-114"/>
      </symbol>
      <symbol id="sm-215">
         <name>__aeabi_uidiv</name>
         <value>0x1e21</value>
         <object_component_ref idref="oc-11a"/>
      </symbol>
      <symbol id="sm-216">
         <name>__aeabi_uidivmod</name>
         <value>0x1e21</value>
         <object_component_ref idref="oc-11a"/>
      </symbol>
      <symbol id="sm-21c">
         <name>__aeabi_uldivmod</name>
         <value>0x20dd</value>
         <object_component_ref idref="oc-132"/>
      </symbol>
      <symbol id="sm-222">
         <name>__udivmoddi4</name>
         <value>0x1771</value>
         <object_component_ref idref="oc-153"/>
      </symbol>
      <symbol id="sm-228">
         <name>__aeabi_llsl</name>
         <value>0x2091</value>
         <object_component_ref idref="oc-17b"/>
      </symbol>
      <symbol id="sm-229">
         <name>__ashldi3</name>
         <value>0x2091</value>
         <object_component_ref idref="oc-17b"/>
      </symbol>
      <symbol id="sm-237">
         <name>__ledf2</name>
         <value>0x199d</value>
         <object_component_ref idref="oc-16d"/>
      </symbol>
      <symbol id="sm-238">
         <name>__gedf2</name>
         <value>0x1929</value>
         <object_component_ref idref="oc-173"/>
      </symbol>
      <symbol id="sm-239">
         <name>__cmpdf2</name>
         <value>0x199d</value>
         <object_component_ref idref="oc-16d"/>
      </symbol>
      <symbol id="sm-23a">
         <name>__eqdf2</name>
         <value>0x199d</value>
         <object_component_ref idref="oc-16d"/>
      </symbol>
      <symbol id="sm-23b">
         <name>__ltdf2</name>
         <value>0x199d</value>
         <object_component_ref idref="oc-16d"/>
      </symbol>
      <symbol id="sm-23c">
         <name>__nedf2</name>
         <value>0x199d</value>
         <object_component_ref idref="oc-16d"/>
      </symbol>
      <symbol id="sm-23d">
         <name>__gtdf2</name>
         <value>0x1929</value>
         <object_component_ref idref="oc-173"/>
      </symbol>
      <symbol id="sm-249">
         <name>__aeabi_idiv0</name>
         <value>0x1a6b</value>
         <object_component_ref idref="oc-141"/>
      </symbol>
      <symbol id="sm-24a">
         <name>__aeabi_ldiv0</name>
         <value>0x1d8f</value>
         <object_component_ref idref="oc-17a"/>
      </symbol>
      <symbol id="sm-264">
         <name>memcpy</name>
         <value>0x1813</value>
         <object_component_ref idref="oc-80"/>
      </symbol>
      <symbol id="sm-273">
         <name>memset</name>
         <value>0x1acf</value>
         <object_component_ref idref="oc-b2"/>
      </symbol>
      <symbol id="sm-274">
         <name>__TI_static_base__</name>
         <value>0x0</value>
      </symbol>
      <symbol id="sm-278">
         <name>__mpu_init</name>
         <value>0x0</value>
      </symbol>
      <symbol id="sm-279">
         <name>_system_post_cinit</name>
         <value>0x0</value>
      </symbol>
   </symbol_table>
   <title>Link successful</title>
</link_info>
